###############################################################################
#                                                                             #
# IAR ELF Linker V6.50.3.4676/W32 for ARM               11/Jul/2017  17:24:53 #
# Copyright 2007-2013 IAR Systems AB.                                         #
#                                                                             #
#    Output file  =  C:\Users\Marcos\Dropbox\Cli\AlmTec\01-Firmware\01_mais_p #
#                    ipoca_d\trunk\Firmware Padrao Mais Pipoca 1_10_1 - PID   #
#                    AJUSTAVEL\Debug\Exe\c.out.tmp                            #
#    Map file     =  C:\Users\Marcos\Dropbox\Cli\AlmTec\01-Firmware\01_mais_p #
#                    ipoca_d\trunk\Firmware Padrao Mais Pipoca 1_10_1 - PID   #
#                    AJUSTAVEL\Debug\List\c.map                               #
#    Command line =  "C:\Users\Marcos\Dropbox\Cli\AlmTec\01-Firmware\01_mais_ #
#                    pipoca_d\trunk\Firmware Padrao Mais Pipoca 1_10_1 - PID  #
#                    AJUSTAVEL\Debug\Obj\74595.o"                             #
#                    "C:\Users\Marcos\Dropbox\Cli\AlmTec\01-Firmware\01_mais_ #
#                    pipoca_d\trunk\Firmware Padrao Mais Pipoca 1_10_1 - PID  #
#                    AJUSTAVEL\Debug\Obj\AcumuladorDinheiro.o"                #
#                    "C:\Users\Marcos\Dropbox\Cli\AlmTec\01-Firmware\01_mais_ #
#                    pipoca_d\trunk\Firmware Padrao Mais Pipoca 1_10_1 - PID  #
#                    AJUSTAVEL\Debug\Obj\AmostraAnalogica.o"                  #
#                    "C:\Users\Marcos\Dropbox\Cli\AlmTec\01-Firmware\01_mais_ #
#                    pipoca_d\trunk\Firmware Padrao Mais Pipoca 1_10_1 - PID  #
#                    AJUSTAVEL\Debug\Obj\AnimacaoLeds.o"                      #
#                    "C:\Users\Marcos\Dropbox\Cli\AlmTec\01-Firmware\01_mais_ #
#                    pipoca_d\trunk\Firmware Padrao Mais Pipoca 1_10_1 - PID  #
#                    AJUSTAVEL\Debug\Obj\Assinatura.o"                        #
#                    "C:\Users\Marcos\Dropbox\Cli\AlmTec\01-Firmware\01_mais_ #
#                    pipoca_d\trunk\Firmware Padrao Mais Pipoca 1_10_1 - PID  #
#                    AJUSTAVEL\Debug\Obj\ControleAmostraGratis.o"             #
#                    "C:\Users\Marcos\Dropbox\Cli\AlmTec\01-Firmware\01_mais_ #
#                    pipoca_d\trunk\Firmware Padrao Mais Pipoca 1_10_1 - PID  #
#                    AJUSTAVEL\Debug\Obj\ControleEmbalagem.o"                 #
#                    "C:\Users\Marcos\Dropbox\Cli\AlmTec\01-Firmware\01_mais_ #
#                    pipoca_d\trunk\Firmware Padrao Mais Pipoca 1_10_1 - PID  #
#                    AJUSTAVEL\Debug\Obj\ControleMotor.o"                     #
#                    "C:\Users\Marcos\Dropbox\Cli\AlmTec\01-Firmware\01_mais_ #
#                    pipoca_d\trunk\Firmware Padrao Mais Pipoca 1_10_1 - PID  #
#                    AJUSTAVEL\Debug\Obj\DosadorMilho.o"                      #
#                    "C:\Users\Marcos\Dropbox\Cli\AlmTec\01-Firmware\01_mais_ #
#                    pipoca_d\trunk\Firmware Padrao Mais Pipoca 1_10_1 - PID  #
#                    AJUSTAVEL\Debug\Obj\Horimetro.o"                         #
#                    "C:\Users\Marcos\Dropbox\Cli\AlmTec\01-Firmware\01_mais_ #
#                    pipoca_d\trunk\Firmware Padrao Mais Pipoca 1_10_1 - PID  #
#                    AJUSTAVEL\Debug\Obj\Impressora.o"                        #
#                    "C:\Users\Marcos\Dropbox\Cli\AlmTec\01-Firmware\01_mais_ #
#                    pipoca_d\trunk\Firmware Padrao Mais Pipoca 1_10_1 - PID  #
#                    AJUSTAVEL\Debug\Obj\InterfacAjusteRelogio.o"             #
#                    "C:\Users\Marcos\Dropbox\Cli\AlmTec\01-Firmware\01_mais_ #
#                    pipoca_d\trunk\Firmware Padrao Mais Pipoca 1_10_1 - PID  #
#                    AJUSTAVEL\Debug\Obj\InterfaceUsuario.o"                  #
#                    "C:\Users\Marcos\Dropbox\Cli\AlmTec\01-Firmware\01_mais_ #
#                    pipoca_d\trunk\Firmware Padrao Mais Pipoca 1_10_1 - PID  #
#                    AJUSTAVEL\Debug\Obj\MenuConfiguracaoSistema.o"           #
#                    "C:\Users\Marcos\Dropbox\Cli\AlmTec\01-Firmware\01_mais_ #
#                    pipoca_d\trunk\Firmware Padrao Mais Pipoca 1_10_1 - PID  #
#                    AJUSTAVEL\Debug\Obj\MonitorPagamentos.o"                 #
#                    "C:\Users\Marcos\Dropbox\Cli\AlmTec\01-Firmware\01_mais_ #
#                    pipoca_d\trunk\Firmware Padrao Mais Pipoca 1_10_1 - PID  #
#                    AJUSTAVEL\Debug\Obj\PIDtemperatura.o"                    #
#                    "C:\Users\Marcos\Dropbox\Cli\AlmTec\01-Firmware\01_mais_ #
#                    pipoca_d\trunk\Firmware Padrao Mais Pipoca 1_10_1 - PID  #
#                    AJUSTAVEL\Debug\Obj\Parametros.o"                        #
#                    "C:\Users\Marcos\Dropbox\Cli\AlmTec\01-Firmware\01_mais_ #
#                    pipoca_d\trunk\Firmware Padrao Mais Pipoca 1_10_1 - PID  #
#                    AJUSTAVEL\Debug\Obj\PipocaTeste.o"                       #
#                    "C:\Users\Marcos\Dropbox\Cli\AlmTec\01-Firmware\01_mais_ #
#                    pipoca_d\trunk\Firmware Padrao Mais Pipoca 1_10_1 - PID  #
#                    AJUSTAVEL\Debug\Obj\PlayerWave.o"                        #
#                    "C:\Users\Marcos\Dropbox\Cli\AlmTec\01-Firmware\01_mais_ #
#                    pipoca_d\trunk\Firmware Padrao Mais Pipoca 1_10_1 - PID  #
#                    AJUSTAVEL\Debug\Obj\Protocolo.o"                         #
#                    "C:\Users\Marcos\Dropbox\Cli\AlmTec\01-Firmware\01_mais_ #
#                    pipoca_d\trunk\Firmware Padrao Mais Pipoca 1_10_1 - PID  #
#                    AJUSTAVEL\Debug\Obj\RTC.o" "C:\Users\Marcos\Dropbox\Cli\ #
#                    AlmTec\01-Firmware\01_mais_pipoca_d\trunk\Firmware       #
#                    Padrao Mais Pipoca 1_10_1 - PID                          #
#                    AJUSTAVEL\Debug\Obj\RelatorioVendas.o"                   #
#                    "C:\Users\Marcos\Dropbox\Cli\AlmTec\01-Firmware\01_mais_ #
#                    pipoca_d\trunk\Firmware Padrao Mais Pipoca 1_10_1 - PID  #
#                    AJUSTAVEL\Debug\Obj\TELET.o"                             #
#                    "C:\Users\Marcos\Dropbox\Cli\AlmTec\01-Firmware\01_mais_ #
#                    pipoca_d\trunk\Firmware Padrao Mais Pipoca 1_10_1 - PID  #
#                    AJUSTAVEL\Debug\Obj\Teclado.o"                           #
#                    "C:\Users\Marcos\Dropbox\Cli\AlmTec\01-Firmware\01_mais_ #
#                    pipoca_d\trunk\Firmware Padrao Mais Pipoca 1_10_1 - PID  #
#                    AJUSTAVEL\Debug\Obj\WATCHDOG.o"                          #
#                    "C:\Users\Marcos\Dropbox\Cli\AlmTec\01-Firmware\01_mais_ #
#                    pipoca_d\trunk\Firmware Padrao Mais Pipoca 1_10_1 - PID  #
#                    AJUSTAVEL\Debug\Obj\WH1602.o"                            #
#                    "C:\Users\Marcos\Dropbox\Cli\AlmTec\01-Firmware\01_mais_ #
#                    pipoca_d\trunk\Firmware Padrao Mais Pipoca 1_10_1 - PID  #
#                    AJUSTAVEL\Debug\Obj\WH1602_2.o"                          #
#                    "C:\Users\Marcos\Dropbox\Cli\AlmTec\01-Firmware\01_mais_ #
#                    pipoca_d\trunk\Firmware Padrao Mais Pipoca 1_10_1 - PID  #
#                    AJUSTAVEL\Debug\Obj\board.o"                             #
#                    "C:\Users\Marcos\Dropbox\Cli\AlmTec\01-Firmware\01_mais_ #
#                    pipoca_d\trunk\Firmware Padrao Mais Pipoca 1_10_1 - PID  #
#                    AJUSTAVEL\Debug\Obj\cctalk.o"                            #
#                    "C:\Users\Marcos\Dropbox\Cli\AlmTec\01-Firmware\01_mais_ #
#                    pipoca_d\trunk\Firmware Padrao Mais Pipoca 1_10_1 - PID  #
#                    AJUSTAVEL\Debug\Obj\cstartup_M.o"                        #
#                    "C:\Users\Marcos\Dropbox\Cli\AlmTec\01-Firmware\01_mais_ #
#                    pipoca_d\trunk\Firmware Padrao Mais Pipoca 1_10_1 - PID  #
#                    AJUSTAVEL\Debug\Obj\heap_1.o"                            #
#                    "C:\Users\Marcos\Dropbox\Cli\AlmTec\01-Firmware\01_mais_ #
#                    pipoca_d\trunk\Firmware Padrao Mais Pipoca 1_10_1 - PID  #
#                    AJUSTAVEL\Debug\Obj\list.o"                              #
#                    "C:\Users\Marcos\Dropbox\Cli\AlmTec\01-Firmware\01_mais_ #
#                    pipoca_d\trunk\Firmware Padrao Mais Pipoca 1_10_1 - PID  #
#                    AJUSTAVEL\Debug\Obj\main.o"                              #
#                    "C:\Users\Marcos\Dropbox\Cli\AlmTec\01-Firmware\01_mais_ #
#                    pipoca_d\trunk\Firmware Padrao Mais Pipoca 1_10_1 - PID  #
#                    AJUSTAVEL\Debug\Obj\memoryWrapper.o"                     #
#                    "C:\Users\Marcos\Dropbox\Cli\AlmTec\01-Firmware\01_mais_ #
#                    pipoca_d\trunk\Firmware Padrao Mais Pipoca 1_10_1 - PID  #
#                    AJUSTAVEL\Debug\Obj\port.o"                              #
#                    "C:\Users\Marcos\Dropbox\Cli\AlmTec\01-Firmware\01_mais_ #
#                    pipoca_d\trunk\Firmware Padrao Mais Pipoca 1_10_1 - PID  #
#                    AJUSTAVEL\Debug\Obj\portasm.o"                           #
#                    "C:\Users\Marcos\Dropbox\Cli\AlmTec\01-Firmware\01_mais_ #
#                    pipoca_d\trunk\Firmware Padrao Mais Pipoca 1_10_1 - PID  #
#                    AJUSTAVEL\Debug\Obj\queue.o"                             #
#                    "C:\Users\Marcos\Dropbox\Cli\AlmTec\01-Firmware\01_mais_ #
#                    pipoca_d\trunk\Firmware Padrao Mais Pipoca 1_10_1 - PID  #
#                    AJUSTAVEL\Debug\Obj\spi_wrapper.o"                       #
#                    "C:\Users\Marcos\Dropbox\Cli\AlmTec\01-Firmware\01_mais_ #
#                    pipoca_d\trunk\Firmware Padrao Mais Pipoca 1_10_1 - PID  #
#                    AJUSTAVEL\Debug\Obj\sst25vf016b.o"                       #
#                    "C:\Users\Marcos\Dropbox\Cli\AlmTec\01-Firmware\01_mais_ #
#                    pipoca_d\trunk\Firmware Padrao Mais Pipoca 1_10_1 - PID  #
#                    AJUSTAVEL\Debug\Obj\tasks.o"                             #
#                    "C:\Users\Marcos\Dropbox\Cli\AlmTec\01-Firmware\01_mais_ #
#                    pipoca_d\trunk\Firmware Padrao Mais Pipoca 1_10_1 - PID  #
#                    AJUSTAVEL\Debug\Obj\uart.o" -o                           #
#                    "C:\Users\Marcos\Dropbox\Cli\AlmTec\01-Firmware\01_mais_ #
#                    pipoca_d\trunk\Firmware Padrao Mais Pipoca 1_10_1 - PID  #
#                    AJUSTAVEL\Debug\Exe\c.out.tmp" --redirect                #
#                    _Printf=_PrintfFull --redirect _Scanf=_ScanfFull --map   #
#                    "C:\Users\Marcos\Dropbox\Cli\AlmTec\01-Firmware\01_mais_ #
#                    pipoca_d\trunk\Firmware Padrao Mais Pipoca 1_10_1 - PID  #
#                    AJUSTAVEL\Debug\List\c.map" --log                        #
#                    libraries,initialization,modules,redirects,sections,     #
#                    veneers,unused_fragments --log_file                      #
#                    "C:\Users\Marcos\Dropbox\Cli\AlmTec\01-Firmware\01_mais_ #
#                    pipoca_d\trunk\Firmware Padrao Mais Pipoca 1_10_1 - PID  #
#                    AJUSTAVEL\Debug\List\c.log" --config                     #
#                    "C:\Users\Marcos\Dropbox\Cli\AlmTec\01-Firmware\01_mais_ #
#                    pipoca_d\trunk\Firmware Padrao Mais Pipoca 1_10_1 - PID  #
#                    AJUSTAVEL\AirPopCorn.icf" --semihosting --entry          #
#                    __iar_program_start --vfe                                #
#                                                                             #
#                                                                             #
###############################################################################

*******************************************************************************
*** RUNTIME MODEL ATTRIBUTES
***

CppFlavor       = *
__SystemLibrary = DLib


*******************************************************************************
*** PLACEMENT SUMMARY
***

"A1":  place at 0x00000000 { ro section .intvec };
"A2":  place at 0x00078000 { ro section ConstSection1 };
"P1":  place in [from 0x00000000 to 0x000002fb] |
                [from 0x00000300 to 0x0007ffff] { ro };
"P2":  place in [from 0x10000000 to 0x10007fdf] { rw, block CSTACK, block HEAP };

  Section             Kind        Address     Size  Object
  -------             ----        -------     ----  ------
"A1":                                         0xc4
  .intvec             ro code  0x00000000     0xc4  cstartup_M.o [1]
                             - 0x000000c4     0xc4

"P1", part 1 of 2:                             0x0
  .rodata             const    0x000000c4      0x0  zero_init3.o [5]
  .rodata             const    0x000000c4      0x0  lz77_init.o [5]

"P1", part 2 of 2:                         0x112c8
  .text               ro code  0x00000300   0x3e80  MenuConfiguracaoSistema.o [1]
  .text               ro code  0x00004180    0x28c  WH1602.o [1]
  .text               ro code  0x0000440c    0x28c  Teclado.o [1]
  .text               ro code  0x00004698    0x828  tasks.o [1]
  .text               ro code  0x00004ec0   0x1560  Parametros.o [1]
  .text               ro code  0x00006420     0x34  sprintf.o [3]
  .text               ro code  0x00006454     0x16  queue.o [1]
  .text               ro code  0x0000646a     0x22  zero_init3.o [5]
  .text               ro code  0x0000648c     0xac  ControleAmostraGratis.o [1]
  .text               ro code  0x00006538    0x528  RelatorioVendas.o [1]
  .text               ro code  0x00006a60    0x190  AmostraAnalogica.o [1]
  .text               ro code  0x00006bf0     0x1e  I32ToFlt.o [4]
  .text               ro code  0x00006c0e      0xa  xsprout.o [3]
  .text               ro code  0x00006c18     0x24  FltToU32.o [4]
  .text               ro code  0x00006c3c     0xbc  ControleEmbalagem.o [1]
  .text               ro code  0x00006cf8     0xac  DosadorMilho.o [1]
  .text               ro code  0x00006da4    0x55a  ControleMotor.o [1]
  .rodata             const    0x000072fe      0x2  RelatorioVendas.o [1]
  .text               ro code  0x00007300     0x36  strlen.o [5]
  .text               ro code  0x00007338    0x9e8  MonitorPagamentos.o [1]
  .text               ro code  0x00007d20    0x4d4  AnimacaoLeds.o [1]
  .text               ro code  0x000081f4     0x4e  FltToDbl.o [4]
  .text               ro code  0x00008244    0x530  TELET.o [1]
  .text               ro code  0x00008774   0x134c  InterfaceUsuario.o [1]
  .text               ro code  0x00009ac0     0x20  srand.o [3]
  .text               ro code  0x00009ae0     0xe0  rand.o [3]
  .text               ro code  0x00009bc0     0x76  ABImemcpy.o [5]
  .text               ro code  0x00009c38      0x6  ABImemclr4.o [5]
  .text               ro code  0x00009c40    0x498  InterfacAjusteRelogio.o [1]
  .text               ro code  0x0000a0d8    0x298  PlayerWave.o [1]
  .text               ro code  0x0000a370    0x13c  port.o [1]
  .text               ro code  0x0000a4ac     0xa4  list.o [1]
  CODE                ro code  0x0000a550     0x8c  portasm.o [1]
  .text               ro code  0x0000a5dc    0x1f2  main.o [1]
  .text               ro code  0x0000a7d0     0x62  memcmp.o [5]
  .text               ro code  0x0000a834     0x6c  strncpy.o [5]
  .text               ro code  0x0000a8a0     0x5c  heap_1.o [1]
  .text               ro code  0x0000a8fc     0x16  tasks.o [1]
  .text               ro code  0x0000a914    0x394  cctalk.o [1]
  .text               ro code  0x0000aca8    0x1d4  memoryWrapper.o [1]
  .text               ro code  0x0000ae7c    0xcf6  xprintffull.o [3]
  .text               ro code  0x0000bb74     0x9c  RTC.o [1]
  .text               ro code  0x0000bc10     0x7e  Impressora.o [1]
  .text               ro code  0x0000bc90    0x148  AmostraAnalogica.o [1]
  .text               ro code  0x0000bdd8    0x1a0  ControleMotor.o [1]
  .text               ro code  0x0000bf78     0x6c  PIDtemperatura.o [1]
  .text               ro code  0x0000bfe4    0x3ac  queue.o [1]
  .text               ro code  0x0000c390     0x30  I32ToDbl.o [4]
  .text               ro code  0x0000c3c0    0x246  DblDiv.o [4]
  .text               ro code  0x0000c608     0x90  DblToFlt.o [4]
  .text               ro code  0x0000c698     0x1c  FltCmpEq.o [4]
  .text               ro code  0x0000c6b4     0x84  FltAdd.o [4]
  .text               ro code  0x0000c738     0xe6  FltSub.o [4]
  .text               ro code  0x0000c820     0x24  FltCmpGe.o [4]
  .text               ro code  0x0000c844     0x24  FltCmpLe.o [4]
  .text               ro code  0x0000c868     0xe8  DblAdd.o [4]
  .text               ro code  0x0000c950    0x700  74595.o [1]
  .text               ro code  0x0000d050    0x2b8  uart.o [1]
  .text               ro code  0x0000d308    0x274  WH1602_2.o [1]
  .text               ro code  0x0000d57c      0x2  xtls.o [3]
  .text               ro code  0x0000d580     0x32  ABImemset48.o [5]
  .text               ro code  0x0000d5b4    0x168  board.o [1]
  .text               ro code  0x0000d71c     0x66  ABImemset.o [5]
  .text               ro code  0x0000d784    0x180  spi_wrapper.o [1]
  .text               ro code  0x0000d904    0x2a8  sst25vf016b.o [1]
  .text               ro code  0x0000dbac     0x16  strchr.o [5]
  .text               ro code  0x0000dbc4     0x58  memchr.o [5]
  .text               ro code  0x0000dc1c     0xee  I64DivMod.o [5]
  .text               ro code  0x0000dd0a     0x42  xdnorm.o [4]
  .text               ro code  0x0000dd4c     0x2e  DblCmpLe.o [4]
  .text               ro code  0x0000dd7c     0x2e  DblCmpGe.o [4]
  .text               ro code  0x0000ddac    0x10c  xdscale.o [4]
  .text               ro code  0x0000deb8     0x58  DblToI32.o [4]
  .text               ro code  0x0000df10    0x180  DblSub.o [4]
  .text               ro code  0x0000e090    0x1a2  DblMul.o [4]
  .text               ro code  0x0000e232      0xe  div.o [3]
  .text               ro code  0x0000e240    0x884  Protocolo.o [1]
  .text               ro code  0x0000eac4     0x2c  ControleMotor.o [1]
  .text               ro code  0x0000eaf0     0x24  ControleMotor.o [1]
  .text               ro code  0x0000eb14      0x2  I64DivZer.o [5]
  .text               ro code  0x0000eb16      0x2  WATCHDOG.o [1]
  .text               ro code  0x0000eb18    0x528  Assinatura.o [1]
  .text               ro code  0x0000f040    0x1a4  lz77_init.o [5]
  .text               ro code  0x0000f1e4      0x6  abort.o [3]
  .text               ro code  0x0000f1ec     0x14  exit.o [6]
  .rodata             const    0x0000f200    0x168  AmostraAnalogica.o [1]
  .rodata             const    0x0000f368    0x168  AmostraAnalogica.o [1]
  .rodata             const    0x0000f4d0    0x154  InterfaceUsuario.o [1]
  .rodata             const    0x0000f624     0x88  MenuConfiguracaoSistema.o [1]
  .rodata             const    0x0000f6ac     0x68  MenuConfiguracaoSistema.o [1]
  .rodata             const    0x0000f714     0x68  MenuConfiguracaoSistema.o [1]
  .rodata             const    0x0000f77c     0x4c  MenuConfiguracaoSistema.o [1]
  .rodata             const    0x0000f7c8     0x48  Assinatura.o [1]
  .rodata             const    0x0000f810     0x44  MenuConfiguracaoSistema.o [1]
  .rodata             const    0x0000f854     0x44  Parametros.o [1]
  .rodata             const    0x0000f898     0x40  Assinatura.o [1]
  .text               ro code  0x0000f8d8     0x38  PipocaTeste.o [1]
  .rodata             const    0x0000f910     0x34  MenuConfiguracaoSistema.o [1]
  .rodata             const    0x0000f944     0x30  InterfacAjusteRelogio.o [1]
  .rodata             const    0x0000f974     0x2c  RelatorioVendas.o [1]
  .rodata             const    0x0000f9a0     0x2c  RelatorioVendas.o [1]
  .rodata             const    0x0000f9cc     0x2c  RelatorioVendas.o [1]
  .rodata             const    0x0000f9f8     0x2c  RelatorioVendas.o [1]
  .rodata             const    0x0000fa24     0x28  MenuConfiguracaoSistema.o [1]
  .text               ro code  0x0000fa4c     0x28  data_init.o [5]
  .rodata             const    0x0000fa74     0x24  MenuConfiguracaoSistema.o [1]
  .iar.init_table     const    0x0000fa98     0x2c  - Linker created -
  .rodata             const    0x0000fac4     0x20  MenuConfiguracaoSistema.o [1]
  .rodata             const    0x0000fae4     0x20  MenuConfiguracaoSistema.o [1]
  .rodata             const    0x0000fb04     0x20  RelatorioVendas.o [1]
  .rodata             const    0x0000fb24     0x20  RelatorioVendas.o [1]
  .rodata             const    0x0000fb44     0x1c  MenuConfiguracaoSistema.o [1]
  .rodata             const    0x0000fb60     0x1c  RelatorioVendas.o [1]
  .rodata             const    0x0000fb7c     0x1c  RelatorioVendas.o [1]
  .rodata             const    0x0000fb98     0x1c  RelatorioVendas.o [1]
  .rodata             const    0x0000fbb4     0x1c  RelatorioVendas.o [1]
  .rodata             const    0x0000fbd0     0x18  MenuConfiguracaoSistema.o [1]
  .rodata             const    0x0000fbe8     0x18  RelatorioVendas.o [1]
  .rodata             const    0x0000fc00     0x18  RelatorioVendas.o [1]
  .text               ro code  0x0000fc18     0x16  cmain.o [5]
  .text               ro code  0x0000fc2e      0x4  low_level_init.o [3]
  .text               ro code  0x0000fc32      0x4  exit.o [3]
  .text               ro code  0x0000fc38      0xa  cexit.o [5]
  .rodata             const    0x0000fc44     0x14  InterfaceUsuario.o [1]
  .rodata             const    0x0000fc58     0x14  InterfaceUsuario.o [1]
  .rodata             const    0x0000fc6c     0x14  InterfaceUsuario.o [1]
  .rodata             const    0x0000fc80     0x14  InterfaceUsuario.o [1]
  .rodata             const    0x0000fc94     0x14  InterfaceUsuario.o [1]
  .rodata             const    0x0000fca8     0x14  InterfaceUsuario.o [1]
  .rodata             const    0x0000fcbc     0x14  InterfaceUsuario.o [1]
  .rodata             const    0x0000fcd0     0x14  InterfaceUsuario.o [1]
  .rodata             const    0x0000fce4     0x14  InterfaceUsuario.o [1]
  .rodata             const    0x0000fcf8     0x14  InterfaceUsuario.o [1]
  .rodata             const    0x0000fd0c     0x14  InterfaceUsuario.o [1]
  .rodata             const    0x0000fd20     0x14  InterfaceUsuario.o [1]
  .rodata             const    0x0000fd34     0x14  InterfaceUsuario.o [1]
  .rodata             const    0x0000fd48     0x14  InterfaceUsuario.o [1]
  .rodata             const    0x0000fd5c     0x14  InterfaceUsuario.o [1]
  .rodata             const    0x0000fd70     0x14  InterfaceUsuario.o [1]
  .rodata             const    0x0000fd84     0x14  InterfaceUsuario.o [1]
  .rodata             const    0x0000fd98     0x14  InterfaceUsuario.o [1]
  .rodata             const    0x0000fdac     0x14  InterfaceUsuario.o [1]
  .rodata             const    0x0000fdc0     0x14  InterfaceUsuario.o [1]
  .rodata             const    0x0000fdd4     0x14  InterfaceUsuario.o [1]
  .rodata             const    0x0000fde8     0x14  InterfaceUsuario.o [1]
  .rodata             const    0x0000fdfc     0x14  InterfaceUsuario.o [1]
  .rodata             const    0x0000fe10     0x14  MenuConfiguracaoSistema.o [1]
  .rodata             const    0x0000fe24     0x14  MenuConfiguracaoSistema.o [1]
  .rodata             const    0x0000fe38     0x14  MenuConfiguracaoSistema.o [1]
  .rodata             const    0x0000fe4c     0x14  MenuConfiguracaoSistema.o [1]
  .rodata             const    0x0000fe60     0x14  MenuConfiguracaoSistema.o [1]
  .rodata             const    0x0000fe74     0x14  MenuConfiguracaoSistema.o [1]
  .rodata             const    0x0000fe88     0x14  MenuConfiguracaoSistema.o [1]
  .rodata             const    0x0000fe9c     0x14  MenuConfiguracaoSistema.o [1]
  .rodata             const    0x0000feb0     0x14  MenuConfiguracaoSistema.o [1]
  .rodata             const    0x0000fec4     0x14  MenuConfiguracaoSistema.o [1]
  .rodata             const    0x0000fed8     0x14  MenuConfiguracaoSistema.o [1]
  .rodata             const    0x0000feec     0x14  MenuConfiguracaoSistema.o [1]
  .rodata             const    0x0000ff00     0x14  MenuConfiguracaoSistema.o [1]
  .rodata             const    0x0000ff14     0x14  MenuConfiguracaoSistema.o [1]
  .rodata             const    0x0000ff28     0x14  MenuConfiguracaoSistema.o [1]
  .rodata             const    0x0000ff3c     0x14  MenuConfiguracaoSistema.o [1]
  .rodata             const    0x0000ff50     0x14  MenuConfiguracaoSistema.o [1]
  .rodata             const    0x0000ff64     0x14  MenuConfiguracaoSistema.o [1]
  .rodata             const    0x0000ff78     0x14  MenuConfiguracaoSistema.o [1]
  .rodata             const    0x0000ff8c     0x14  MenuConfiguracaoSistema.o [1]
  .rodata             const    0x0000ffa0     0x14  MenuConfiguracaoSistema.o [1]
  .rodata             const    0x0000ffb4     0x14  MenuConfiguracaoSistema.o [1]
  .rodata             const    0x0000ffc8     0x14  MenuConfiguracaoSistema.o [1]
  .rodata             const    0x0000ffdc     0x14  MenuConfiguracaoSistema.o [1]
  .rodata             const    0x0000fff0     0x14  MenuConfiguracaoSistema.o [1]
  .rodata             const    0x00010004     0x14  MenuConfiguracaoSistema.o [1]
  .rodata             const    0x00010018     0x14  MenuConfiguracaoSistema.o [1]
  .rodata             const    0x0001002c     0x14  MenuConfiguracaoSistema.o [1]
  .rodata             const    0x00010040     0x14  MenuConfiguracaoSistema.o [1]
  .rodata             const    0x00010054     0x14  MenuConfiguracaoSistema.o [1]
  .rodata             const    0x00010068     0x14  MenuConfiguracaoSistema.o [1]
  .rodata             const    0x0001007c     0x14  MenuConfiguracaoSistema.o [1]
  .rodata             const    0x00010090     0x14  MenuConfiguracaoSistema.o [1]
  .rodata             const    0x000100a4     0x14  MenuConfiguracaoSistema.o [1]
  .rodata             const    0x000100b8     0x14  MenuConfiguracaoSistema.o [1]
  .rodata             const    0x000100cc     0x14  MenuConfiguracaoSistema.o [1]
  .rodata             const    0x000100e0     0x14  MenuConfiguracaoSistema.o [1]
  .rodata             const    0x000100f4     0x14  MenuConfiguracaoSistema.o [1]
  .rodata             const    0x00010108     0x14  MenuConfiguracaoSistema.o [1]
  .rodata             const    0x0001011c     0x14  MenuConfiguracaoSistema.o [1]
  .rodata             const    0x00010130     0x14  MenuConfiguracaoSistema.o [1]
  .rodata             const    0x00010144     0x14  MenuConfiguracaoSistema.o [1]
  .rodata             const    0x00010158     0x14  MenuConfiguracaoSistema.o [1]
  .rodata             const    0x0001016c     0x14  MenuConfiguracaoSistema.o [1]
  .rodata             const    0x00010180     0x14  MenuConfiguracaoSistema.o [1]
  .rodata             const    0x00010194     0x14  MenuConfiguracaoSistema.o [1]
  .rodata             const    0x000101a8     0x14  MenuConfiguracaoSistema.o [1]
  .rodata             const    0x000101bc     0x14  MenuConfiguracaoSistema.o [1]
  .rodata             const    0x000101d0     0x14  MenuConfiguracaoSistema.o [1]
  .rodata             const    0x000101e4     0x14  MenuConfiguracaoSistema.o [1]
  .rodata             const    0x000101f8     0x14  MenuConfiguracaoSistema.o [1]
  .rodata             const    0x0001020c     0x14  MenuConfiguracaoSistema.o [1]
  .rodata             const    0x00010220     0x14  MenuConfiguracaoSistema.o [1]
  .rodata             const    0x00010234     0x14  MenuConfiguracaoSistema.o [1]
  .rodata             const    0x00010248     0x14  MenuConfiguracaoSistema.o [1]
  .rodata             const    0x0001025c     0x14  MenuConfiguracaoSistema.o [1]
  .rodata             const    0x00010270     0x14  MenuConfiguracaoSistema.o [1]
  .rodata             const    0x00010284     0x14  MenuConfiguracaoSistema.o [1]
  .rodata             const    0x00010298     0x14  MenuConfiguracaoSistema.o [1]
  .rodata             const    0x000102ac     0x14  MenuConfiguracaoSistema.o [1]
  .rodata             const    0x000102c0     0x14  MenuConfiguracaoSistema.o [1]
  .rodata             const    0x000102d4     0x14  MenuConfiguracaoSistema.o [1]
  .rodata             const    0x000102e8     0x14  MenuConfiguracaoSistema.o [1]
  .rodata             const    0x000102fc     0x14  MenuConfiguracaoSistema.o [1]
  .rodata             const    0x00010310     0x14  MenuConfiguracaoSistema.o [1]
  .rodata             const    0x00010324     0x14  MenuConfiguracaoSistema.o [1]
  .rodata             const    0x00010338     0x14  MenuConfiguracaoSistema.o [1]
  .rodata             const    0x0001034c     0x14  MenuConfiguracaoSistema.o [1]
  .rodata             const    0x00010360     0x14  MenuConfiguracaoSistema.o [1]
  .rodata             const    0x00010374     0x14  MenuConfiguracaoSistema.o [1]
  .rodata             const    0x00010388     0x14  MenuConfiguracaoSistema.o [1]
  .rodata             const    0x0001039c     0x14  MenuConfiguracaoSistema.o [1]
  .rodata             const    0x000103b0     0x14  MenuConfiguracaoSistema.o [1]
  .rodata             const    0x000103c4     0x14  MenuConfiguracaoSistema.o [1]
  .rodata             const    0x000103d8     0x14  MenuConfiguracaoSistema.o [1]
  .rodata             const    0x000103ec     0x14  MenuConfiguracaoSistema.o [1]
  .rodata             const    0x00010400     0x14  MenuConfiguracaoSistema.o [1]
  .rodata             const    0x00010414     0x14  MenuConfiguracaoSistema.o [1]
  .rodata             const    0x00010428     0x14  MenuConfiguracaoSistema.o [1]
  .rodata             const    0x0001043c     0x14  MenuConfiguracaoSistema.o [1]
  .rodata             const    0x00010450     0x14  MenuConfiguracaoSistema.o [1]
  .rodata             const    0x00010464     0x14  MenuConfiguracaoSistema.o [1]
  .rodata             const    0x00010478     0x14  MenuConfiguracaoSistema.o [1]
  .rodata             const    0x0001048c     0x14  MenuConfiguracaoSistema.o [1]
  .rodata             const    0x000104a0     0x14  MenuConfiguracaoSistema.o [1]
  .rodata             const    0x000104b4     0x14  MenuConfiguracaoSistema.o [1]
  .rodata             const    0x000104c8     0x14  MenuConfiguracaoSistema.o [1]
  .rodata             const    0x000104dc     0x14  MenuConfiguracaoSistema.o [1]
  .rodata             const    0x000104f0     0x14  MenuConfiguracaoSistema.o [1]
  .rodata             const    0x00010504     0x14  MenuConfiguracaoSistema.o [1]
  .rodata             const    0x00010518     0x14  MenuConfiguracaoSistema.o [1]
  .rodata             const    0x0001052c     0x14  MenuConfiguracaoSistema.o [1]
  .rodata             const    0x00010540     0x14  MenuConfiguracaoSistema.o [1]
  .rodata             const    0x00010554     0x14  MenuConfiguracaoSistema.o [1]
  .rodata             const    0x00010568     0x14  MenuConfiguracaoSistema.o [1]
  .rodata             const    0x0001057c     0x14  MenuConfiguracaoSistema.o [1]
  .rodata             const    0x00010590     0x14  MenuConfiguracaoSistema.o [1]
  .rodata             const    0x000105a4     0x14  MenuConfiguracaoSistema.o [1]
  .rodata             const    0x000105b8     0x14  MenuConfiguracaoSistema.o [1]
  .rodata             const    0x000105cc     0x14  MenuConfiguracaoSistema.o [1]
  .rodata             const    0x000105e0     0x14  MenuConfiguracaoSistema.o [1]
  .rodata             const    0x000105f4     0x14  MenuConfiguracaoSistema.o [1]
  .rodata             const    0x00010608     0x14  MenuConfiguracaoSistema.o [1]
  .rodata             const    0x0001061c     0x14  MenuConfiguracaoSistema.o [1]
  .rodata             const    0x00010630     0x14  MenuConfiguracaoSistema.o [1]
  .rodata             const    0x00010644     0x14  MenuConfiguracaoSistema.o [1]
  .rodata             const    0x00010658     0x14  MenuConfiguracaoSistema.o [1]
  .rodata             const    0x0001066c     0x14  MenuConfiguracaoSistema.o [1]
  .rodata             const    0x00010680     0x14  MenuConfiguracaoSistema.o [1]
  .rodata             const    0x00010694     0x14  MenuConfiguracaoSistema.o [1]
  .rodata             const    0x000106a8     0x14  MenuConfiguracaoSistema.o [1]
  .rodata             const    0x000106bc     0x14  MenuConfiguracaoSistema.o [1]
  .rodata             const    0x000106d0     0x14  MenuConfiguracaoSistema.o [1]
  .rodata             const    0x000106e4     0x14  MenuConfiguracaoSistema.o [1]
  .rodata             const    0x000106f8     0x14  MenuConfiguracaoSistema.o [1]
  .rodata             const    0x0001070c     0x14  MenuConfiguracaoSistema.o [1]
  .rodata             const    0x00010720     0x14  MenuConfiguracaoSistema.o [1]
  .rodata             const    0x00010734     0x14  MenuConfiguracaoSistema.o [1]
  .rodata             const    0x00010748     0x14  MenuConfiguracaoSistema.o [1]
  .rodata             const    0x0001075c     0x14  MenuConfiguracaoSistema.o [1]
  .rodata             const    0x00010770     0x14  MenuConfiguracaoSistema.o [1]
  .rodata             const    0x00010784     0x14  MenuConfiguracaoSistema.o [1]
  .rodata             const    0x00010798     0x14  MenuConfiguracaoSistema.o [1]
  .rodata             const    0x000107ac     0x14  MenuConfiguracaoSistema.o [1]
  .rodata             const    0x000107c0     0x14  MenuConfiguracaoSistema.o [1]
  .rodata             const    0x000107d4     0x14  MenuConfiguracaoSistema.o [1]
  .rodata             const    0x000107e8     0x14  MenuConfiguracaoSistema.o [1]
  .rodata             const    0x000107fc     0x14  MenuConfiguracaoSistema.o [1]
  .rodata             const    0x00010810     0x14  MenuConfiguracaoSistema.o [1]
  .rodata             const    0x00010824     0x14  MenuConfiguracaoSistema.o [1]
  .rodata             const    0x00010838     0x14  MenuConfiguracaoSistema.o [1]
  .rodata             const    0x0001084c     0x14  MenuConfiguracaoSistema.o [1]
  .rodata             const    0x00010860     0x14  MenuConfiguracaoSistema.o [1]
  .rodata             const    0x00010874     0x14  MenuConfiguracaoSistema.o [1]
  .rodata             const    0x00010888     0x14  MenuConfiguracaoSistema.o [1]
  .rodata             const    0x0001089c     0x14  MenuConfiguracaoSistema.o [1]
  .rodata             const    0x000108b0     0x14  MenuConfiguracaoSistema.o [1]
  .rodata             const    0x000108c4     0x14  MenuConfiguracaoSistema.o [1]
  .rodata             const    0x000108d8     0x14  MenuConfiguracaoSistema.o [1]
  .rodata             const    0x000108ec     0x14  MenuConfiguracaoSistema.o [1]
  .rodata             const    0x00010900     0x14  MenuConfiguracaoSistema.o [1]
  .rodata             const    0x00010914     0x14  MenuConfiguracaoSistema.o [1]
  .rodata             const    0x00010928     0x14  MenuConfiguracaoSistema.o [1]
  .rodata             const    0x0001093c     0x14  MenuConfiguracaoSistema.o [1]
  .rodata             const    0x00010950     0x14  MenuConfiguracaoSistema.o [1]
  .rodata             const    0x00010964     0x14  MenuConfiguracaoSistema.o [1]
  .rodata             const    0x00010978     0x14  MenuConfiguracaoSistema.o [1]
  .rodata             const    0x0001098c     0x14  MenuConfiguracaoSistema.o [1]
  .rodata             const    0x000109a0     0x14  MenuConfiguracaoSistema.o [1]
  .rodata             const    0x000109b4     0x14  MenuConfiguracaoSistema.o [1]
  .rodata             const    0x000109c8     0x14  MenuConfiguracaoSistema.o [1]
  .rodata             const    0x000109dc     0x14  MenuConfiguracaoSistema.o [1]
  .rodata             const    0x000109f0     0x14  MenuConfiguracaoSistema.o [1]
  .rodata             const    0x00010a04     0x14  MenuConfiguracaoSistema.o [1]
  .rodata             const    0x00010a18     0x14  MenuConfiguracaoSistema.o [1]
  .rodata             const    0x00010a2c     0x14  MenuConfiguracaoSistema.o [1]
  .rodata             const    0x00010a40     0x14  MenuConfiguracaoSistema.o [1]
  .rodata             const    0x00010a54     0x14  MenuConfiguracaoSistema.o [1]
  .rodata             const    0x00010a68     0x14  MenuConfiguracaoSistema.o [1]
  .rodata             const    0x00010a7c     0x14  MenuConfiguracaoSistema.o [1]
  .rodata             const    0x00010a90     0x14  RelatorioVendas.o [1]
  .rodata             const    0x00010aa4     0x14  RelatorioVendas.o [1]
  .rodata             const    0x00010ab8     0x14  RelatorioVendas.o [1]
  .rodata             const    0x00010acc     0x14  RelatorioVendas.o [1]
  .rodata             const    0x00010ae0     0x14  RelatorioVendas.o [1]
  .rodata             const    0x00010af4     0x14  tasks.o [1]
  .rodata             const    0x00010b08     0x10  InterfaceUsuario.o [1]
  .rodata             const    0x00010b18     0x10  InterfaceUsuario.o [1]
  .rodata             const    0x00010b28     0x10  InterfaceUsuario.o [1]
  .rodata             const    0x00010b38     0x10  InterfaceUsuario.o [1]
  .rodata             const    0x00010b48     0x10  InterfaceUsuario.o [1]
  .rodata             const    0x00010b58     0x10  MenuConfiguracaoSistema.o [1]
  .rodata             const    0x00010b68     0x10  MenuConfiguracaoSistema.o [1]
  .rodata             const    0x00010b78     0x10  MenuConfiguracaoSistema.o [1]
  .rodata             const    0x00010b88     0x10  MenuConfiguracaoSistema.o [1]
  .rodata             const    0x00010b98     0x10  MenuConfiguracaoSistema.o [1]
  .rodata             const    0x00010ba8     0x10  MenuConfiguracaoSistema.o [1]
  .rodata             const    0x00010bb8     0x10  MenuConfiguracaoSistema.o [1]
  .rodata             const    0x00010bc8     0x10  MenuConfiguracaoSistema.o [1]
  .rodata             const    0x00010bd8     0x10  MenuConfiguracaoSistema.o [1]
  .rodata             const    0x00010be8     0x10  MenuConfiguracaoSistema.o [1]
  .rodata             const    0x00010bf8     0x10  MenuConfiguracaoSistema.o [1]
  .rodata             const    0x00010c08     0x10  MenuConfiguracaoSistema.o [1]
  .rodata             const    0x00010c18     0x10  MenuConfiguracaoSistema.o [1]
  .rodata             const    0x00010c28     0x10  MenuConfiguracaoSistema.o [1]
  .rodata             const    0x00010c38     0x10  MenuConfiguracaoSistema.o [1]
  .rodata             const    0x00010c48     0x10  MenuConfiguracaoSistema.o [1]
  .rodata             const    0x00010c58     0x10  MenuConfiguracaoSistema.o [1]
  .rodata             const    0x00010c68     0x10  MenuConfiguracaoSistema.o [1]
  .rodata             const    0x00010c78     0x10  MenuConfiguracaoSistema.o [1]
  .rodata             const    0x00010c88     0x10  MenuConfiguracaoSistema.o [1]
  .rodata             const    0x00010c98     0x10  MenuConfiguracaoSistema.o [1]
  .rodata             const    0x00010ca8     0x10  MenuConfiguracaoSistema.o [1]
  .rodata             const    0x00010cb8     0x10  MenuConfiguracaoSistema.o [1]
  .rodata             const    0x00010cc8     0x10  MenuConfiguracaoSistema.o [1]
  .rodata             const    0x00010cd8     0x10  MenuConfiguracaoSistema.o [1]
  .rodata             const    0x00010ce8     0x10  MenuConfiguracaoSistema.o [1]
  .rodata             const    0x00010cf8     0x10  MenuConfiguracaoSistema.o [1]
  .rodata             const    0x00010d08     0x10  MonitorPagamentos.o [1]
  .rodata             const    0x00010d18     0x10  Parametros.o [1]
  .rodata             const    0x00010d28     0x10  RelatorioVendas.o [1]
  .rodata             const    0x00010d38     0x10  RelatorioVendas.o [1]
  .rodata             const    0x00010d48     0x10  RelatorioVendas.o [1]
  .rodata             const    0x00010d58     0x10  RelatorioVendas.o [1]
  .rodata             const    0x00010d68     0x10  RelatorioVendas.o [1]
  .rodata             const    0x00010d78     0x10  RelatorioVendas.o [1]
  .rodata             const    0x00010d88     0x10  RelatorioVendas.o [1]
  .rodata             const    0x00010d98      0xc  InterfacAjusteRelogio.o [1]
  .rodata             const    0x00010da4      0xc  InterfacAjusteRelogio.o [1]
  .rodata             const    0x00010db0      0xc  InterfaceUsuario.o [1]
  .rodata             const    0x00010dbc      0xc  InterfaceUsuario.o [1]
  .rodata             const    0x00010dc8      0xc  InterfaceUsuario.o [1]
  .rodata             const    0x00010dd4      0xc  InterfaceUsuario.o [1]
  .rodata             const    0x00010de0      0xc  InterfaceUsuario.o [1]
  .rodata             const    0x00010dec      0xc  InterfaceUsuario.o [1]
  .rodata             const    0x00010df8      0xc  InterfaceUsuario.o [1]
  .rodata             const    0x00010e04      0xc  MenuConfiguracaoSistema.o [1]
  .rodata             const    0x00010e10      0xc  MenuConfiguracaoSistema.o [1]
  .rodata             const    0x00010e1c      0xc  MenuConfiguracaoSistema.o [1]
  .rodata             const    0x00010e28      0xc  MenuConfiguracaoSistema.o [1]
  .rodata             const    0x00010e34      0xc  MenuConfiguracaoSistema.o [1]
  .rodata             const    0x00010e40      0xc  MenuConfiguracaoSistema.o [1]
  .rodata             const    0x00010e4c      0xc  MenuConfiguracaoSistema.o [1]
  .rodata             const    0x00010e58      0xc  MenuConfiguracaoSistema.o [1]
  .rodata             const    0x00010e64      0xc  MenuConfiguracaoSistema.o [1]
  .rodata             const    0x00010e70      0xc  MenuConfiguracaoSistema.o [1]
  .rodata             const    0x00010e7c      0xc  MenuConfiguracaoSistema.o [1]
  .rodata             const    0x00010e88      0xc  MenuConfiguracaoSistema.o [1]
  .rodata             const    0x00010e94      0xc  MenuConfiguracaoSistema.o [1]
  .rodata             const    0x00010ea0      0xc  MenuConfiguracaoSistema.o [1]
  .rodata             const    0x00010eac      0xc  MenuConfiguracaoSistema.o [1]
  .rodata             const    0x00010eb8      0xc  MenuConfiguracaoSistema.o [1]
  .rodata             const    0x00010ec4      0xc  MenuConfiguracaoSistema.o [1]
  .rodata             const    0x00010ed0      0xc  MenuConfiguracaoSistema.o [1]
  .rodata             const    0x00010edc      0xc  MenuConfiguracaoSistema.o [1]
  .rodata             const    0x00010ee8      0xc  MenuConfiguracaoSistema.o [1]
  .rodata             const    0x00010ef4      0xc  MenuConfiguracaoSistema.o [1]
  .rodata             const    0x00010f00      0xc  MenuConfiguracaoSistema.o [1]
  .rodata             const    0x00010f0c      0xc  MenuConfiguracaoSistema.o [1]
  .rodata             const    0x00010f18      0xc  MenuConfiguracaoSistema.o [1]
  .rodata             const    0x00010f24      0xc  MenuConfiguracaoSistema.o [1]
  .rodata             const    0x00010f30      0xc  MenuConfiguracaoSistema.o [1]
  .rodata             const    0x00010f3c      0xc  MenuConfiguracaoSistema.o [1]
  .rodata             const    0x00010f48      0xc  MenuConfiguracaoSistema.o [1]
  .rodata             const    0x00010f54      0xc  MenuConfiguracaoSistema.o [1]
  .rodata             const    0x00010f60      0xc  MenuConfiguracaoSistema.o [1]
  .rodata             const    0x00010f6c      0xc  MenuConfiguracaoSistema.o [1]
  .rodata             const    0x00010f78      0xc  MenuConfiguracaoSistema.o [1]
  .rodata             const    0x00010f84      0xc  MonitorPagamentos.o [1]
  .rodata             const    0x00010f90      0xc  RelatorioVendas.o [1]
  .rodata             const    0x00010f9c      0xc  RelatorioVendas.o [1]
  .rodata             const    0x00010fa8      0xc  RelatorioVendas.o [1]
  .rodata             const    0x00010fb4      0xc  RelatorioVendas.o [1]
  .text               ro code  0x00010fc0      0xc  cstartup_M.o [5]
  .rodata             const    0x00010fcc      0x8  InterfacAjusteRelogio.o [1]
  .rodata             const    0x00010fd4      0x8  InterfacAjusteRelogio.o [1]
  .rodata             const    0x00010fdc      0x8  InterfacAjusteRelogio.o [1]
  .rodata             const    0x00010fe4      0x8  InterfacAjusteRelogio.o [1]
  .rodata             const    0x00010fec      0x8  InterfaceUsuario.o [1]
  .rodata             const    0x00010ff4      0x8  InterfaceUsuario.o [1]
  .rodata             const    0x00010ffc      0x8  InterfaceUsuario.o [1]
  .rodata             const    0x00011004      0x8  InterfaceUsuario.o [1]
  .rodata             const    0x0001100c      0x8  InterfaceUsuario.o [1]
  .rodata             const    0x00011014      0x8  InterfaceUsuario.o [1]
  .rodata             const    0x0001101c      0x8  InterfaceUsuario.o [1]
  .rodata             const    0x00011024      0x8  InterfaceUsuario.o [1]
  .rodata             const    0x0001102c      0x8  InterfaceUsuario.o [1]
  .rodata             const    0x00011034      0x8  InterfaceUsuario.o [1]
  .rodata             const    0x0001103c      0x8  InterfaceUsuario.o [1]
  .rodata             const    0x00011044      0x8  InterfaceUsuario.o [1]
  .rodata             const    0x0001104c      0x8  MenuConfiguracaoSistema.o [1]
  .rodata             const    0x00011054      0x8  MenuConfiguracaoSistema.o [1]
  .rodata             const    0x0001105c      0x8  MenuConfiguracaoSistema.o [1]
  .rodata             const    0x00011064      0x8  MenuConfiguracaoSistema.o [1]
  .rodata             const    0x0001106c      0x8  MenuConfiguracaoSistema.o [1]
  .rodata             const    0x00011074      0x8  MenuConfiguracaoSistema.o [1]
  .rodata             const    0x0001107c      0x8  MenuConfiguracaoSistema.o [1]
  .rodata             const    0x00011084      0x8  MenuConfiguracaoSistema.o [1]
  .rodata             const    0x0001108c      0x8  MenuConfiguracaoSistema.o [1]
  .rodata             const    0x00011094      0x8  MenuConfiguracaoSistema.o [1]
  .rodata             const    0x0001109c      0x8  MenuConfiguracaoSistema.o [1]
  .rodata             const    0x000110a4      0x8  MenuConfiguracaoSistema.o [1]
  .rodata             const    0x000110ac      0x8  MenuConfiguracaoSistema.o [1]
  .rodata             const    0x000110b4      0x8  MenuConfiguracaoSistema.o [1]
  .rodata             const    0x000110bc      0x8  MenuConfiguracaoSistema.o [1]
  .rodata             const    0x000110c4      0x8  MenuConfiguracaoSistema.o [1]
  .rodata             const    0x000110cc      0x8  MenuConfiguracaoSistema.o [1]
  .rodata             const    0x000110d4      0x8  MenuConfiguracaoSistema.o [1]
  .rodata             const    0x000110dc      0x8  MenuConfiguracaoSistema.o [1]
  .rodata             const    0x000110e4      0x8  MenuConfiguracaoSistema.o [1]
  .rodata             const    0x000110ec      0x8  MenuConfiguracaoSistema.o [1]
  .rodata             const    0x000110f4      0x8  MenuConfiguracaoSistema.o [1]
  .rodata             const    0x000110fc      0x8  MenuConfiguracaoSistema.o [1]
  .rodata             const    0x00011104      0x8  MenuConfiguracaoSistema.o [1]
  .rodata             const    0x0001110c      0x8  MenuConfiguracaoSistema.o [1]
  .rodata             const    0x00011114      0x8  MenuConfiguracaoSistema.o [1]
  .rodata             const    0x0001111c      0x8  MenuConfiguracaoSistema.o [1]
  .rodata             const    0x00011124      0x8  MenuConfiguracaoSistema.o [1]
  .rodata             const    0x0001112c      0x8  MenuConfiguracaoSistema.o [1]
  .rodata             const    0x00011134      0x8  MonitorPagamentos.o [1]
  .rodata             const    0x0001113c      0x8  main.o [1]
  .rodata             const    0x00011144      0x8  main.o [1]
  .rodata             const    0x0001114c      0x8  tasks.o [1]
  .rodata             const    0x00011154      0x4  ControleMotor.o [1]
  .rodata             const    0x00011158      0x4  ControleMotor.o [1]
  .rodata             const    0x0001115c      0x4  ControleMotor.o [1]
  .rodata             const    0x00011160      0x4  InterfacAjusteRelogio.o [1]
  .rodata             const    0x00011164      0x4  MenuConfiguracaoSistema.o [1]
  .rodata             const    0x00011168      0x4  MenuConfiguracaoSistema.o [1]
  .rodata             const    0x0001116c      0x4  RelatorioVendas.o [1]
  .text               ro code  0x00011170      0x4  cstartup_M.o [1]
  .text               ro code  0x00011174      0x4  cstartup_M.o [1]
  .text               ro code  0x00011178      0x4  cstartup_M.o [1]
  .text               ro code  0x0001117c      0x4  cstartup_M.o [1]
  .text               ro code  0x00011180      0x4  cstartup_M.o [1]
  .text               ro code  0x00011184      0x4  cstartup_M.o [1]
  .text               ro code  0x00011188      0x4  cstartup_M.o [1]
  .text               ro code  0x0001118c      0x4  cstartup_M.o [1]
  .text               ro code  0x00011190      0x4  cstartup_M.o [1]
  .text               ro code  0x00011194      0x4  cstartup_M.o [1]
  .text               ro code  0x00011198      0x4  cstartup_M.o [1]
  .text               ro code  0x0001119c      0x4  cstartup_M.o [1]
  .text               ro code  0x000111a0      0x4  cstartup_M.o [1]
  .text               ro code  0x000111a4      0x4  cstartup_M.o [1]
  .text               ro code  0x000111a8      0x4  cstartup_M.o [1]
  .text               ro code  0x000111ac      0x4  cstartup_M.o [1]
  .text               ro code  0x000111b0      0x4  cstartup_M.o [1]
  .text               ro code  0x000111b4      0x4  cstartup_M.o [1]
  .text               ro code  0x000111b8      0x4  cstartup_M.o [1]
  .text               ro code  0x000111bc      0x4  cstartup_M.o [1]
  .text               ro code  0x000111c0      0x4  cstartup_M.o [1]
  .text               ro code  0x000111c4      0x4  cstartup_M.o [1]
  .text               ro code  0x000111c8      0x4  cstartup_M.o [1]
  .text               ro code  0x000111cc      0x4  cstartup_M.o [1]
  .text               ro code  0x000111d0      0x4  cstartup_M.o [1]
  .text               ro code  0x000111d4      0x4  cstartup_M.o [1]
  .text               ro code  0x000111d8      0x4  cstartup_M.o [1]
  .text               ro code  0x000111dc      0x4  cstartup_M.o [1]
  .text               ro code  0x000111e0      0x4  cstartup_M.o [1]
  .text               ro code  0x000111e4      0x4  cstartup_M.o [1]
  .text               ro code  0x000111e8      0x4  cstartup_M.o [1]
  .text               ro code  0x000111ec      0x4  cstartup_M.o [1]
  .text               ro code  0x000111f0      0x4  cstartup_M.o [1]
  .text               ro code  0x000111f4      0x4  cstartup_M.o [1]
  .text               ro code  0x000111f8      0x4  cstartup_M.o [1]
  .text               ro code  0x000111fc      0x4  cstartup_M.o [1]
  .text               ro code  0x00011200      0x4  cstartup_M.o [1]
  .text               ro code  0x00011204      0x4  cstartup_M.o [1]
  .text               ro code  0x00011208      0x4  cstartup_M.o [1]
  .text               ro code  0x0001120c      0x4  cstartup_M.o [1]
  .text               ro code  0x00011210      0x4  cstartup_M.o [1]
  .text               ro code  0x00011214      0x4  cstartup_M.o [1]
  Initializer bytes   ro data  0x00011218    0x3af  <for P2 s0>
                             - 0x000115c7  0x112c7

"A2":                                       0x8000
  ConstSection1       const    0x00078000   0x8000  Assinatura.o [1]
                             - 0x00080000   0x8000

"P2", part 1 of 3:                           0x518
  P2 s0                        0x10000000    0x518  <Init block>
    .data             inited   0x10000000    0x200  cctalk.o [1]
    __DLIB_PERTHREAD  inited   0x10000200     0x8c  rand.o [3]
    .data             inited   0x1000028c     0x4c  MenuConfiguracaoSistema.o [1]
    .data             inited   0x100002d8     0x34  MenuConfiguracaoSistema.o [1]
    .data             inited   0x1000030c     0x2c  RelatorioVendas.o [1]
    .data             inited   0x10000338     0x28  MenuConfiguracaoSistema.o [1]
    .data             inited   0x10000360     0x28  RelatorioVendas.o [1]
    .data             inited   0x10000388     0x24  MenuConfiguracaoSistema.o [1]
    .data             inited   0x100003ac     0x20  MenuConfiguracaoSistema.o [1]
    .data             inited   0x100003cc     0x20  MenuConfiguracaoSistema.o [1]
    .data             inited   0x100003ec     0x1c  MenuConfiguracaoSistema.o [1]
    .data             inited   0x10000408     0x1c  MenuConfiguracaoSistema.o [1]
    .data             inited   0x10000424     0x18  InterfacAjusteRelogio.o [1]
    .data             inited   0x1000043c     0x18  MenuConfiguracaoSistema.o [1]
    .data             inited   0x10000454     0x18  RelatorioVendas.o [1]
    .data             inited   0x1000046c     0x14  MenuConfiguracaoSistema.o [1]
    .data             inited   0x10000480     0x14  MenuConfiguracaoSistema.o [1]
    .data             inited   0x10000494     0x10  MenuConfiguracaoSistema.o [1]
    .data             inited   0x100004a4     0x10  MenuConfiguracaoSistema.o [1]
    .data             inited   0x100004b4      0xc  RelatorioVendas.o [1]
    .data             inited   0x100004c0      0x8  RelatorioVendas.o [1]
    .data             inited   0x100004c8      0x8  RelatorioVendas.o [1]
    .data             inited   0x100004d0      0x8  RelatorioVendas.o [1]
    .data             inited   0x100004d8      0x8  RelatorioVendas.o [1]
    .data             inited   0x100004e0      0x8  RelatorioVendas.o [1]
    .data             inited   0x100004e8      0x8  RelatorioVendas.o [1]
    .data             inited   0x100004f0      0x4  InterfaceUsuario.o [1]
    .data             inited   0x100004f4      0x4  InterfaceUsuario.o [1]
    .data             inited   0x100004f8      0x4  InterfaceUsuario.o [1]
    .data             inited   0x100004fc      0x4  PlayerWave.o [1]
    .data             inited   0x10000500      0x4  port.o [1]
    .data             inited   0x10000504      0x2  ControleMotor.o [1]
    .data             inited   0x10000506      0x2  ControleMotor.o [1]
    .data             inited   0x10000508      0x2  ControleMotor.o [1]
    .data             inited   0x1000050a      0x2  InterfaceUsuario.o [1]
    .data             inited   0x1000050c      0x2  Teclado.o [1]
    .data             inited   0x1000050e      0x2  Teclado.o [1]
    .data             inited   0x10000510      0x2  board.o [1]
    .data             inited   0x10000512      0x1  AmostraAnalogica.o [1]
    .data             inited   0x10000513      0x1  AnimacaoLeds.o [1]
    .data             inited   0x10000514      0x1  AnimacaoLeds.o [1]
    .data             inited   0x10000515      0x1  ControleAmostraGratis.o [1]
    .data             inited   0x10000516      0x1  MonitorPagamentos.o [1]
    .data             inited   0x10000517      0x1  board.o [1]
                             - 0x10000518    0x518

"P2", part 2 of 3:                          0x6708
  .bss                zero     0x10000518   0x5000  heap_1.o [1]
  .bss                zero     0x10005518   0x1000  memoryWrapper.o [1]
  .bss                zero     0x10006518    0x100  Protocolo.o [1]
  .bss                zero     0x10006618    0x100  Protocolo.o [1]
  .bss                zero     0x10006718    0x100  Protocolo.o [1]
  .bss                zero     0x10006818     0x80  TELET.o [1]
  .bss                zero     0x10006898     0x80  TELET.o [1]
  .bss                zero     0x10006918     0x64  tasks.o [1]
  .bss                zero     0x1000697c     0x40  Assinatura.o [1]
  .bss                zero     0x100069bc     0x40  cctalk.o [1]
  .bss                zero     0x100069fc     0x40  cctalk.o [1]
  .bss                zero     0x10006a3c     0x34  AmostraAnalogica.o [1]
  .bss                zero     0x10006a70     0x20  AmostraAnalogica.o [1]
  .bss                zero     0x10006a90     0x14  Assinatura.o [1]
  .bss                zero     0x10006aa4     0x14  Assinatura.o [1]
  .bss                zero     0x10006ab8     0x14  tasks.o [1]
  .bss                zero     0x10006acc     0x14  tasks.o [1]
  .bss                zero     0x10006ae0     0x14  tasks.o [1]
  .bss                zero     0x10006af4     0x14  tasks.o [1]
  .bss                zero     0x10006b08     0x14  tasks.o [1]
  .bss                zero     0x10006b1c      0x8  ControleMotor.o [1]
  .bss                zero     0x10006b24      0x8  Teclado.o [1]
  .bss                zero     0x10006b2c      0x4  AmostraAnalogica.o [1]
  .bss                zero     0x10006b30      0x4  AmostraAnalogica.o [1]
  .bss                zero     0x10006b34      0x4  Assinatura.o [1]
  .bss                zero     0x10006b38      0x4  ControleAmostraGratis.o [1]
  .bss                zero     0x10006b3c      0x4  ControleMotor.o [1]
  .bss                zero     0x10006b40      0x4  ControleMotor.o [1]
  .bss                zero     0x10006b44      0x4  ControleMotor.o [1]
  .bss                zero     0x10006b48      0x4  ControleMotor.o [1]
  .bss                zero     0x10006b4c      0x4  ControleMotor.o [1]
  .bss                zero     0x10006b50      0x4  InterfaceUsuario.o [1]
  .bss                zero     0x10006b54      0x4  InterfaceUsuario.o [1]
  .bss                zero     0x10006b58      0x4  InterfaceUsuario.o [1]
  .bss                zero     0x10006b5c      0x4  InterfaceUsuario.o [1]
  .bss                zero     0x10006b60      0x4  MenuConfiguracaoSistema.o [1]
  .bss                zero     0x10006b64      0x4  MonitorPagamentos.o [1]
  .bss                zero     0x10006b68      0x4  MonitorPagamentos.o [1]
  .bss                zero     0x10006b6c      0x4  MonitorPagamentos.o [1]
  .bss                zero     0x10006b70      0x4  MonitorPagamentos.o [1]
  .bss                zero     0x10006b74      0x4  MonitorPagamentos.o [1]
  .bss                zero     0x10006b78      0x4  MonitorPagamentos.o [1]
  .bss                zero     0x10006b7c      0x4  MonitorPagamentos.o [1]
  .bss                zero     0x10006b80      0x4  PIDtemperatura.o [1]
  .bss                zero     0x10006b84      0x4  PIDtemperatura.o [1]
  .bss                zero     0x10006b88      0x4  PlayerWave.o [1]
  .bss                zero     0x10006b8c      0x4  Teclado.o [1]
  .bss                zero     0x10006b90      0x4  board.o [1]
  .bss                zero     0x10006b94      0x4  board.o [1]
  .bss                zero     0x10006b98      0x4  heap_1.o [1]
  .bss                zero     0x10006b9c      0x4  memoryWrapper.o [1]
  .bss                zero     0x10006ba0      0x4  tasks.o [1]
  .bss                zero     0x10006ba4      0x4  tasks.o [1]
  .bss                zero     0x10006ba8      0x4  tasks.o [1]
  .bss                zero     0x10006bac      0x4  tasks.o [1]
  .bss                zero     0x10006bb0      0x4  tasks.o [1]
  .bss                zero     0x10006bb4      0x4  tasks.o [1]
  .bss                zero     0x10006bb8      0x4  tasks.o [1]
  .bss                zero     0x10006bbc      0x4  tasks.o [1]
  .bss                zero     0x10006bc0      0x4  tasks.o [1]
  .bss                zero     0x10006bc4      0x4  tasks.o [1]
  .bss                zero     0x10006bc8      0x4  tasks.o [1]
  .bss                zero     0x10006bcc      0x4  tasks.o [1]
  .bss                zero     0x10006bd0      0x4  tasks.o [1]
  .bss                zero     0x10006bd4      0x4  tasks.o [1]
  .bss                zero     0x10006bd8      0x2  Assinatura.o [1]
  .bss                zero     0x10006bda      0x2  ControleMotor.o [1]
  .bss                zero     0x10006bdc      0x2  ControleMotor.o [1]
  .bss                zero     0x10006bde      0x2  ControleMotor.o [1]
  .bss                zero     0x10006be0      0x2  ControleMotor.o [1]
  .bss                zero     0x10006be2      0x2  InterfaceUsuario.o [1]
  .bss                zero     0x10006be4      0x2  MonitorPagamentos.o [1]
  .bss                zero     0x10006be6      0x2  MonitorPagamentos.o [1]
  .bss                zero     0x10006be8      0x2  MonitorPagamentos.o [1]
  .bss                zero     0x10006bea      0x2  MonitorPagamentos.o [1]
  .bss                zero     0x10006bec      0x2  MonitorPagamentos.o [1]
  .bss                zero     0x10006bee      0x2  PlayerWave.o [1]
  .bss                zero     0x10006bf0      0x2  PlayerWave.o [1]
  .bss                zero     0x10006bf2      0x2  TELET.o [1]
  .bss                zero     0x10006bf4      0x1  AmostraAnalogica.o [1]
  .bss                zero     0x10006bf5      0x1  AmostraAnalogica.o [1]
  .bss                zero     0x10006bf6      0x1  AmostraAnalogica.o [1]
  .bss                zero     0x10006bf7      0x1  AnimacaoLeds.o [1]
  .bss                zero     0x10006bf8      0x1  AnimacaoLeds.o [1]
  .bss                zero     0x10006bf9      0x1  AnimacaoLeds.o [1]
  .bss                zero     0x10006bfa      0x1  AnimacaoLeds.o [1]
  .bss                zero     0x10006bfb      0x1  ControleAmostraGratis.o [1]
  .bss                zero     0x10006bfc      0x1  ControleMotor.o [1]
  .bss                zero     0x10006bfd      0x1  ControleMotor.o [1]
  .bss                zero     0x10006bfe      0x1  InterfaceUsuario.o [1]
  .bss                zero     0x10006bff      0x1  InterfaceUsuario.o [1]
  .bss                zero     0x10006c00      0x1  InterfaceUsuario.o [1]
  .bss                zero     0x10006c01      0x1  InterfaceUsuario.o [1]
  .bss                zero     0x10006c02      0x1  InterfaceUsuario.o [1]
  .bss                zero     0x10006c03      0x1  InterfaceUsuario.o [1]
  .bss                zero     0x10006c04      0x1  InterfaceUsuario.o [1]
  .bss                zero     0x10006c05      0x1  InterfaceUsuario.o [1]
  .bss                zero     0x10006c06      0x1  InterfaceUsuario.o [1]
  .bss                zero     0x10006c07      0x1  InterfaceUsuario.o [1]
  .bss                zero     0x10006c08      0x1  MonitorPagamentos.o [1]
  .bss                zero     0x10006c09      0x1  MonitorPagamentos.o [1]
  .bss                zero     0x10006c0a      0x1  Protocolo.o [1]
  .bss                zero     0x10006c0b      0x1  Protocolo.o [1]
  .bss                zero     0x10006c0c      0x1  Protocolo.o [1]
  .bss                zero     0x10006c0d      0x1  Protocolo.o [1]
  .bss                zero     0x10006c0e      0x1  Protocolo.o [1]
  .bss                zero     0x10006c0f      0x1  TELET.o [1]
  .bss                zero     0x10006c10      0x1  TELET.o [1]
  .bss                zero     0x10006c11      0x1  TELET.o [1]
  .bss                zero     0x10006c12      0x1  Teclado.o [1]
  .bss                zero     0x10006c13      0x1  Teclado.o [1]
  .bss                zero     0x10006c14      0x1  WH1602.o [1]
  .bss                zero     0x10006c15      0x1  WH1602_2.o [1]
  .bss                zero     0x10006c16      0x1  board.o [1]
  .bss                zero     0x10006c17      0x1  cctalk.o [1]
  .bss                zero     0x10006c18      0x1  cctalk.o [1]
  .bss                zero     0x10006c19      0x1  cctalk.o [1]
  .bss                zero     0x10006c1a      0x1  spi_wrapper.o [1]
                             - 0x10006c1b   0x6703

"P2", part 3 of 3:                           0x300
  CSTACK                       0x10006c20    0x300  <Block>
    CSTACK            uninit   0x10006c20    0x300  <Block tail>
                             - 0x10006f20    0x300

Absolute sections, part 1 of 48:               0x4
  .noinit             uninit   0x2009c000      0x4  spi_wrapper.o [1]
                             - 0x2009c004      0x4

Absolute sections, part 2 of 48:               0xc
  .noinit             uninit   0x2009c018      0x4  uart.o [1]
  .noinit             uninit   0x2009c01c      0x4  uart.o [1]
  .noinit             uninit   0x2009c020      0x4  board.o [1]
                             - 0x2009c024      0xc

Absolute sections, part 3 of 48:              0x10
  .noinit             uninit   0x2009c034      0x4  Teclado.o [1]
  .noinit             uninit   0x2009c038      0x4  board.o [1]
  .noinit             uninit   0x2009c03c      0x4  board.o [1]
  .noinit             uninit   0x2009c040      0x4  WH1602_2.o [1]
                             - 0x2009c044     0x10

Absolute sections, part 4 of 48:               0xc
  .noinit             uninit   0x2009c058      0x4  WH1602_2.o [1]
  .noinit             uninit   0x2009c05c      0x4  WH1602_2.o [1]
  .noinit             uninit   0x2009c060      0x4  PlayerWave.o [1]
                             - 0x2009c064      0xc

Absolute sections, part 5 of 48:               0x8
  .noinit             uninit   0x2009c078      0x4  PlayerWave.o [1]
  .noinit             uninit   0x2009c07c      0x4  PlayerWave.o [1]
                             - 0x2009c080      0x8

Absolute sections, part 6 of 48:               0x4
  .noinit             uninit   0x40000008      0x4  Protocolo.o [1]
                             - 0x4000000c      0x4

Absolute sections, part 7 of 48:              0x10
  .noinit             uninit   0x40004000      0x4  PlayerWave.o [1]
  .noinit             uninit   0x40004004      0x4  PlayerWave.o [1]
  .noinit             uninit   0x40004008      0x4  PlayerWave.o [1]
  .noinit             uninit   0x4000400c      0x4  PlayerWave.o [1]
                             - 0x40004010     0x10

Absolute sections, part 8 of 48:               0x8
  .noinit             uninit   0x40004014      0x4  PlayerWave.o [1]
  .noinit             uninit   0x40004018      0x4  PlayerWave.o [1]
                             - 0x4000401c      0x8

Absolute sections, part 9 of 48:               0x4
  .noinit             uninit   0x4000403c      0x4  PlayerWave.o [1]
                             - 0x40004040      0x4

Absolute sections, part 10 of 48:              0x4
  .noinit             uninit   0x40004070      0x4  PlayerWave.o [1]
                             - 0x40004074      0x4

Absolute sections, part 11 of 48:              0x8
  .noinit             uninit   0x40008000      0x4  ControleMotor.o [1]
  .noinit             uninit   0x40008004      0x4  ControleMotor.o [1]
                             - 0x40008008      0x8

Absolute sections, part 12 of 48:              0x4
  .noinit             uninit   0x4000800c      0x4  ControleMotor.o [1]
                             - 0x40008010      0x4

Absolute sections, part 13 of 48:              0x4
  .noinit             uninit   0x40008028      0x4  ControleMotor.o [1]
                             - 0x4000802c      0x4

Absolute sections, part 14 of 48:              0x4
  .noinit             uninit   0x40008030      0x4  ControleMotor.o [1]
                             - 0x40008034      0x4

Absolute sections, part 15 of 48:              0x4
  .noinit             uninit   0x40008070      0x4  ControleMotor.o [1]
                             - 0x40008074      0x4

Absolute sections, part 16 of 48:              0x1
  .noinit             uninit   0x4000c000      0x1  uart.o [1]
                             - 0x4000c001      0x1

Absolute sections, part 17 of 48:              0x9
  .noinit             uninit   0x4000c004      0x4  uart.o [1]
  .noinit             uninit   0x4000c008      0x4  uart.o [1]
  .noinit             uninit   0x4000c00c      0x1  uart.o [1]
                             - 0x4000c00d      0x9

Absolute sections, part 18 of 48:              0x1
  .noinit             uninit   0x4000c014      0x1  cctalk.o [1]
                             - 0x4000c015      0x1

Absolute sections, part 19 of 48:              0x1
  .noinit             uninit   0x40010000      0x1  uart.o [1]
                             - 0x40010001      0x1

Absolute sections, part 20 of 48:              0x9
  .noinit             uninit   0x40010004      0x4  uart.o [1]
  .noinit             uninit   0x40010008      0x4  uart.o [1]
  .noinit             uninit   0x4001000c      0x1  uart.o [1]
                             - 0x4001000d      0x9

Absolute sections, part 21 of 48:              0x1
  .noinit             uninit   0x40010014      0x1  uart.o [1]
                             - 0x40010015      0x1

Absolute sections, part 22 of 48:              0x4
  .noinit             uninit   0x40024008      0x4  RTC.o [1]
                             - 0x4002400c      0x4

Absolute sections, part 23 of 48:             0x10
  .noinit             uninit   0x40024020      0x4  RTC.o [1]
  .noinit             uninit   0x40024024      0x4  RTC.o [1]
  .noinit             uninit   0x40024028      0x4  RTC.o [1]
  .noinit             uninit   0x4002402c      0x4  RTC.o [1]
                             - 0x40024030     0x10

Absolute sections, part 24 of 48:              0x8
  .noinit             uninit   0x40024038      0x4  RTC.o [1]
  .noinit             uninit   0x4002403c      0x4  RTC.o [1]
                             - 0x40024040      0x8

Absolute sections, part 25 of 48:              0x4
  .noinit             uninit   0x40028084      0x4  MonitorPagamentos.o [1]
                             - 0x40028088      0x4

Absolute sections, part 26 of 48:              0x8
  .noinit             uninit   0x4002808c      0x4  MonitorPagamentos.o [1]
  .noinit             uninit   0x40028090      0x4  MonitorPagamentos.o [1]
                             - 0x40028094      0x8

Absolute sections, part 27 of 48:              0x8
  .noinit             uninit   0x4002c000      0x4  uart.o [1]
  .noinit             uninit   0x4002c004      0x4  spi_wrapper.o [1]
                             - 0x4002c008      0x8

Absolute sections, part 28 of 48:              0x8
  .noinit             uninit   0x4002c00c      0x4  ControleMotor.o [1]
  .noinit             uninit   0x4002c010      0x4  uart.o [1]
                             - 0x4002c014      0x8

Absolute sections, part 29 of 48:              0x8
  .noinit             uninit   0x40034000      0x4  AmostraAnalogica.o [1]
  .noinit             uninit   0x40034004      0x4  AmostraAnalogica.o [1]
                             - 0x40034008      0x8

Absolute sections, part 30 of 48:             0x14
  .noinit             uninit   0x40088000      0x4  spi_wrapper.o [1]
  .noinit             uninit   0x40088004      0x4  spi_wrapper.o [1]
  .noinit             uninit   0x40088008      0x4  spi_wrapper.o [1]
  .noinit             uninit   0x4008800c      0x4  spi_wrapper.o [1]
  .noinit             uninit   0x40088010      0x4  spi_wrapper.o [1]
                             - 0x40088014     0x14

Absolute sections, part 31 of 48:              0x4
  .noinit             uninit   0x4008c000      0x4  PlayerWave.o [1]
                             - 0x4008c004      0x4

Absolute sections, part 32 of 48:             0x10
  .noinit             uninit   0x40090000      0x4  ControleMotor.o [1]
  .noinit             uninit   0x40090004      0x4  ControleMotor.o [1]
  .noinit             uninit   0x40090008      0x4  ControleMotor.o [1]
  .noinit             uninit   0x4009000c      0x4  ControleMotor.o [1]
                             - 0x40090010     0x10

Absolute sections, part 33 of 48:              0xc
  .noinit             uninit   0x40090014      0x4  ControleMotor.o [1]
  .noinit             uninit   0x40090018      0x4  ControleMotor.o [1]
  .noinit             uninit   0x4009001c      0x4  ControleMotor.o [1]
                             - 0x40090020      0xc

Absolute sections, part 34 of 48:              0x4
  .noinit             uninit   0x4009003c      0x4  ControleMotor.o [1]
                             - 0x40090040      0x4

Absolute sections, part 35 of 48:              0x4
  .noinit             uninit   0x40090070      0x4  ControleMotor.o [1]
                             - 0x40090074      0x4

Absolute sections, part 36 of 48:              0x1
  .noinit             uninit   0x40098000      0x1  uart.o [1]
                             - 0x40098001      0x1

Absolute sections, part 37 of 48:              0x9
  .noinit             uninit   0x40098004      0x4  uart.o [1]
  .noinit             uninit   0x40098008      0x4  uart.o [1]
  .noinit             uninit   0x4009800c      0x1  uart.o [1]
                             - 0x4009800d      0x9

Absolute sections, part 38 of 48:              0x1
  .noinit             uninit   0x4009c000      0x1  uart.o [1]
                             - 0x4009c001      0x1

Absolute sections, part 39 of 48:              0x9
  .noinit             uninit   0x4009c004      0x4  uart.o [1]
  .noinit             uninit   0x4009c008      0x4  uart.o [1]
  .noinit             uninit   0x4009c00c      0x1  uart.o [1]
                             - 0x4009c00d      0x9

Absolute sections, part 40 of 48:              0x1
  .noinit             uninit   0x4009c014      0x1  uart.o [1]
                             - 0x4009c015      0x1

Absolute sections, part 41 of 48:              0x4
  .noinit             uninit   0x400fc0c4      0x4  uart.o [1]
                             - 0x400fc0c8      0x4

Absolute sections, part 42 of 48:              0x4
  .noinit             uninit   0x400fc140      0x4  ControleMotor.o [1]
                             - 0x400fc144      0x4

Absolute sections, part 43 of 48:              0x8
  .noinit             uninit   0x400fc148      0x4  ControleMotor.o [1]
  .noinit             uninit   0x400fc14c      0x4  ControleMotor.o [1]
                             - 0x400fc150      0x8

Absolute sections, part 44 of 48:              0x8
  .noinit             uninit   0x400fc1a8      0x4  uart.o [1]
  .noinit             uninit   0x400fc1ac      0x4  uart.o [1]
                             - 0x400fc1b0      0x8

Absolute sections, part 45 of 48:              0x4
  .noinit             uninit   0xe000e100      0x4  uart.o [1]
                             - 0xe000e104      0x4

Absolute sections, part 46 of 48:              0x4
  .noinit             uninit   0xe000e280      0x4  uart.o [1]
                             - 0xe000e284      0x4

Absolute sections, part 47 of 48:              0xc
  .noinit             uninit   0xe000e400      0x4  PlayerWave.o [1]
  .noinit             uninit   0xe000e404      0x4  uart.o [1]
  .noinit             uninit   0xe000e408      0x4  uart.o [1]
                             - 0xe000e40c      0xc

Absolute sections, part 48 of 48:              0x4
  .noinit             uninit   0xe000e410      0x4  ControleMotor.o [1]
                             - 0xe000e414      0x4


*******************************************************************************
*** INIT TABLE
***

          Address     Size
          -------     ----
Zero (__iar_zero_init3)
    1 destination range, total size 0x6703:
          0x10000518  0x6703

Copy/lz77 (__iar_lz77_init3)
    1 source range, total size 0x3af (72% of destination):
          0x00011218   0x3af
    1 destination range, total size 0x518:
          0x10000000   0x518



*******************************************************************************
*** MODULE SUMMARY
***

    Module                     ro code  ro data  rw data  rw data
                                                           (abs)
    ------                     -------  -------  -------  -------
C:\Users\Marcos\Dropbox\Cli\AlmTec\01-Firmware\01_mais_pipoca_d\trunk\Firmware Padrao Mais Pipoca 1_10_1 - PID AJUSTAVEL\Debug\Obj: [1]
    74595.o                      1 792
    AmostraAnalogica.o             728      721       96        8
    AnimacaoLeds.o               1 236        1        6
    Assinatura.o                 1 320   32 904      110
    ControleAmostraGratis.o        172        1        6
    ControleEmbalagem.o            188
    ControleMotor.o              1 866       16       44       80
    DosadorMilho.o                 172
    Impressora.o                   126
    InterfacAjusteRelogio.o      1 176      125       24
    InterfaceUsuario.o           4 940    1 070       42
    MenuConfiguracaoSistema.o   16 000    5 293      424
    MonitorPagamentos.o          2 536       37       41       12
    PIDtemperatura.o               108                 8
    Parametros.o                 5 472       84
    PipocaTeste.o                   56
    PlayerWave.o                   664        3       12       52
    Protocolo.o                  2 180               773        4
    RTC.o                          156                         28
    RelatorioVendas.o            1 320      787      168
    TELET.o                      1 328               261
    Teclado.o                      652        3       18        4
    WATCHDOG.o                       2
    WH1602.o                       652                 1
    WH1602_2.o                     628                 1       12
    board.o                        360        2       12       12
    cctalk.o                       916      370      643        1
    cstartup_M.o                   364
    heap_1.o                        92            20 484
    list.o                         164
    main.o                         498       16
    memoryWrapper.o                468             4 100
    port.o                         316        3        4
    portasm.o                      140
    queue.o                        962
    spi_wrapper.o                  384                 1       28
    sst25vf016b.o                  680
    tasks.o                      2 110       28      256
    uart.o                         696                         86
    -------------------------------------------------------------
    Total:                      53 620   41 464   27 535      327

command line: [2]
    -------------------------------------------------------------
    Total:

dl7M_tln.a: [3]
    abort.o                          6
    div.o                           14
    exit.o                           4
    low_level_init.o                 4
    rand.o                         224      101      140
    sprintf.o                       52
    srand.o                         32
    xprintffull.o                3 318
    xsprout.o                       10
    xtls.o                           2
    -------------------------------------------------------------
    Total:                       3 666      101      140

m7M_tl.a: [4]
    DblAdd.o                       232
    DblCmpGe.o                      46
    DblCmpLe.o                      46
    DblDiv.o                       582
    DblMul.o                       418
    DblSub.o                       384
    DblToFlt.o                     144
    DblToI32.o                      88
    FltAdd.o                       132
    FltCmpEq.o                      28
    FltCmpGe.o                      36
    FltCmpLe.o                      36
    FltSub.o                       230
    FltToDbl.o                      78
    FltToU32.o                      36
    I32ToDbl.o                      48
    I32ToFlt.o                      30
    xdnorm.o                        66
    xdscale.o                      268
    -------------------------------------------------------------
    Total:                       2 928

rt7M_tl.a: [5]
    ABImemclr4.o                     6
    ABImemcpy.o                    118
    ABImemset.o                    102
    ABImemset48.o                   50
    I64DivMod.o                    238
    I64DivZer.o                      2
    cexit.o                         10
    cmain.o                         22
    cstartup_M.o                    12
    data_init.o                     40
    lz77_init.o                    420
    memchr.o                        88
[...]
TMR1_IRQHandler         0x0001119d          Code  Wk  cstartup_M.o [1]
TMR2_IRQHandler         0x000111a1          Code  Wk  cstartup_M.o [1]
TMR3_IRQHandler         0x000111a5          Code  Wk  cstartup_M.o [1]
TituloAssinatura        0x1000030c    0x2c  Data  Gb  RelatorioVendas.o [1]
TituloCartao            0x100004e8     0x8  Data  Gb  RelatorioVendas.o [1]
TituloHoraData          0x100004b4     0xc  Data  Gb  RelatorioVendas.o [1]
TituloIdentificao       0x100004e0     0x8  Data  Gb  RelatorioVendas.o [1]
TituloTotalTeste        0x100004d8     0x8  Data  Gb  RelatorioVendas.o [1]
TitulocomissaoPonto     0x100004d0     0x8  Data  Gb  RelatorioVendas.o [1]
TitulocontadorDinheiroVendas
                        0x100004c8     0x8  Data  Gb  RelatorioVendas.o [1]
TitulocontadorVendas    0x100004c0     0x8  Data  Gb  RelatorioVendas.o [1]
U0RBRTHR                0x4000c000     0x1  Data  Gb  uart.o [1]
U1RBRTHR                0x40010000     0x1  Data  Gb  uart.o [1]
U2RBRTHR                0x40098000     0x1  Data  Gb  uart.o [1]
U3RBRTHR                0x4009c000     0x1  Data  Gb  uart.o [1]
UART0_IRQHandler        0x000111a9          Code  Wk  cstartup_M.o [1]
UART1_IRQHandler        0x000111ad          Code  Wk  cstartup_M.o [1]
UART2_IRQHandler        0x000111b1          Code  Wk  cstartup_M.o [1]
UART3_IRQHandler        0x000111b5          Code  Wk  cstartup_M.o [1]
UART_init               0x0000d051   0x252  Code  Gb  uart.o [1]
USB_IRQHandler          0x000111f5          Code  Wk  cstartup_M.o [1]
UsageFault_Handler      0x00011181          Code  Wk  cstartup_M.o [1]
WATCHDOG_init           0x0000eb17     0x2  Code  Gb  WATCHDOG.o [1]
WDT_IRQHandler          0x00011195          Code  Wk  cstartup_M.o [1]
_A_AD0CR                0x40034000     0x4  Data  Gb  AmostraAnalogica.o [1]
_A_AD0GDR               0x40034004     0x4  Data  Gb  AmostraAnalogica.o [1]
_A_CLRPEND0             0xe000e280     0x4  Data  Gb  uart.o [1]
_A_DACR                 0x4008c000     0x4  Data  Gb  PlayerWave.o [1]
_A_EXTINT               0x400fc140     0x4  Data  Gb  ControleMotor.o [1]
_A_EXTMODE              0x400fc148     0x4  Data  Gb  ControleMotor.o [1]
_A_EXTPOLAR             0x400fc14c     0x4  Data  Gb  ControleMotor.o [1]
_A_FIO0CLR              0x2009c01c     0x4  Data  Gb  uart.o [1]
_A_FIO0DIR              0x2009c000     0x4  Data  Gb  spi_wrapper.o [1]
_A_FIO0SET              0x2009c018     0x4  Data  Gb  uart.o [1]
_A_FIO1CLR              0x2009c03c     0x4  Data  Gb  board.o [1]
_A_FIO1DIR              0x2009c020     0x4  Data  Gb  board.o [1]
_A_FIO1PIN              0x2009c034     0x4  Data  Gb  Teclado.o [1]
_A_FIO1SET              0x2009c038     0x4  Data  Gb  board.o [1]
_A_FIO2CLR              0x2009c05c     0x4  Data  Gb  WH1602_2.o [1]
_A_FIO2DIR              0x2009c040     0x4  Data  Gb  WH1602_2.o [1]
_A_FIO2SET              0x2009c058     0x4  Data  Gb  WH1602_2.o [1]
_A_FIO3CLR              0x2009c07c     0x4  Data  Gb  PlayerWave.o [1]
_A_FIO3DIR              0x2009c060     0x4  Data  Gb  PlayerWave.o [1]
_A_FIO3SET              0x2009c078     0x4  Data  Gb  PlayerWave.o [1]
_A_IO0INTCLR            0x4002808c     0x4  Data  Gb  MonitorPagamentos.o [1]
_A_IO0INTENR            0x40028090     0x4  Data  Gb  MonitorPagamentos.o [1]
_A_IO0INTSTATR          0x40028084     0x4  Data  Gb  MonitorPagamentos.o [1]
_A_IP0                  0xe000e400     0x4  Data  Gb  PlayerWave.o [1]
_A_IP1                  0xe000e404     0x4  Data  Gb  uart.o [1]
_A_IP2                  0xe000e408     0x4  Data  Gb  uart.o [1]
_A_IP4                  0xe000e410     0x4  Data  Gb  ControleMotor.o [1]
_A_PCLKSEL0             0x400fc1a8     0x4  Data  Gb  uart.o [1]
_A_PCLKSEL1             0x400fc1ac     0x4  Data  Gb  uart.o [1]
_A_PCONP                0x400fc0c4     0x4  Data  Gb  uart.o [1]
_A_PINSEL0              0x4002c000     0x4  Data  Gb  uart.o [1]
_A_PINSEL1              0x4002c004     0x4  Data  Gb  spi_wrapper.o [1]
_A_PINSEL3              0x4002c00c     0x4  Data  Gb  ControleMotor.o [1]
_A_PINSEL4              0x4002c010     0x4  Data  Gb  uart.o [1]
_A_RTCCCR               0x40024008     0x4  Data  Gb  RTC.o [1]
_A_RTCDOM               0x4002402c     0x4  Data  Gb  RTC.o [1]
_A_RTCHOUR              0x40024028     0x4  Data  Gb  RTC.o [1]
_A_RTCMIN               0x40024024     0x4  Data  Gb  RTC.o [1]
_A_RTCMONTH             0x40024038     0x4  Data  Gb  RTC.o [1]
_A_RTCSEC               0x40024020     0x4  Data  Gb  RTC.o [1]
_A_RTCYEAR              0x4002403c     0x4  Data  Gb  RTC.o [1]
_A_SETENA0              0xe000e100     0x4  Data  Gb  uart.o [1]
_A_SSP0CPSR             0x40088010     0x4  Data  Gb  spi_wrapper.o [1]
_A_SSP0CR0              0x40088000     0x4  Data  Gb  spi_wrapper.o [1]
_A_SSP0CR1              0x40088004     0x4  Data  Gb  spi_wrapper.o [1]
_A_SSP0DR               0x40088008     0x4  Data  Gb  spi_wrapper.o [1]
_A_SSP0SR               0x4008800c     0x4  Data  Gb  spi_wrapper.o [1]
_A_T0CTCR               0x40004070     0x4  Data  Gb  PlayerWave.o [1]
_A_T0EMR                0x4000403c     0x4  Data  Gb  PlayerWave.o [1]
_A_T0IR                 0x40004000     0x4  Data  Gb  PlayerWave.o [1]
_A_T0MCR                0x40004014     0x4  Data  Gb  PlayerWave.o [1]
_A_T0TCR                0x40004004     0x4  Data  Gb  PlayerWave.o [1]
_A_T1CCR                0x40008028     0x4  Data  Gb  ControleMotor.o [1]
_A_T1CTCR               0x40008070     0x4  Data  Gb  ControleMotor.o [1]
_A_T1IR                 0x40008000     0x4  Data  Gb  ControleMotor.o [1]
_A_T1TCR                0x40008004     0x4  Data  Gb  ControleMotor.o [1]
_A_T2CTCR               0x40090070     0x4  Data  Gb  ControleMotor.o [1]
_A_T2EMR                0x4009003c     0x4  Data  Gb  ControleMotor.o [1]
_A_T2IR                 0x40090000     0x4  Data  Gb  ControleMotor.o [1]
_A_T2MCR                0x40090014     0x4  Data  Gb  ControleMotor.o [1]
_A_T2TCR                0x40090004     0x4  Data  Gb  ControleMotor.o [1]
_A_U0FCR                0x4000c008     0x4  Data  Gb  uart.o [1]
_A_U0IER                0x4000c004     0x4  Data  Gb  uart.o [1]
_A_U0LCR                0x4000c00c     0x1  Data  Gb  uart.o [1]
_A_U0LSR                0x4000c014     0x1  Data  Gb  cctalk.o [1]
_A_U1FCR                0x40010008     0x4  Data  Gb  uart.o [1]
_A_U1IER                0x40010004     0x4  Data  Gb  uart.o [1]
_A_U1LCR                0x4001000c     0x1  Data  Gb  uart.o [1]
_A_U1LSR                0x40010014     0x1  Data  Gb  uart.o [1]
_A_U2FCR                0x40098008     0x4  Data  Gb  uart.o [1]
_A_U2IER                0x40098004     0x4  Data  Gb  uart.o [1]
_A_U2LCR                0x4009800c     0x1  Data  Gb  uart.o [1]
_A_U3FCR                0x4009c008     0x4  Data  Gb  uart.o [1]
_A_U3IER                0x4009c004     0x4  Data  Gb  uart.o [1]
_A_U3LCR                0x4009c00c     0x1  Data  Gb  uart.o [1]
_A_U3LSR                0x4009c014     0x1  Data  Gb  uart.o [1]
_A_WDFEED               0x40000008     0x4  Data  Gb  Protocolo.o [1]
_GenldFull              0x0000b8c9   0x260  Code  Lc  xprintffull.o [3]
_LdtobFull              0x0000b4d9   0x3ea  Code  Lc  xprintffull.o [3]
_LitobFull              0x0000b3c7   0x10c  Code  Lc  xprintffull.o [3]
_PrintfFull             0x0000ae7d   0x544  Code  Gb  xprintffull.o [3]
_PutcharsFull           0x0000bb29    0x2e  Code  Lc  xprintffull.o [3]
_Rand_idx               0x10000208     0x4  Data  Lc  rand.o [3]
_Rand_rv                0x1000020c    0x80  Data  Lc  rand.o [3]
_Randinit               0x10000200     0x1  Data  Gb  rand.o [3]
_Randseed               0x10000204     0x4  Data  Gb  rand.o [3]
_SProut                 0x00006c0f     0xa  Code  Gb  xsprout.o [3]
__aeabi_cdcmple         0x0000dd4d          Code  Gb  DblCmpLe.o [4]
__aeabi_cdrcmple        0x0000dd7d          Code  Gb  DblCmpGe.o [4]
__aeabi_cfcmpeq         0x0000c699          Code  Gb  FltCmpEq.o [4]
__aeabi_cfcmple         0x0000c845          Code  Gb  FltCmpLe.o [4]
__aeabi_cfrcmple        0x0000c821          Code  Gb  FltCmpGe.o [4]
__aeabi_d2f             0x0000c609          Code  Gb  DblToFlt.o [4]
__aeabi_d2iz            0x0000deb9          Code  Gb  DblToI32.o [4]
__aeabi_d2uiz           0x0000dee5          Code  Gb  DblToI32.o [4]
__aeabi_dadd            0x0000c869          Code  Gb  DblAdd.o [4]
__aeabi_ddiv            0x0000c3c1          Code  Gb  DblDiv.o [4]
__aeabi_dmul            0x0000e091          Code  Gb  DblMul.o [4]
__aeabi_dsub            0x0000df11          Code  Gb  DblSub.o [4]
__aeabi_f2d             0x000081f5          Code  Gb  FltToDbl.o [4]
__aeabi_f2uiz           0x00006c19          Code  Gb  FltToU32.o [4]
__aeabi_fadd            0x0000c6b5          Code  Gb  FltAdd.o [4]
__aeabi_fsub            0x0000c739          Code  Gb  FltSub.o [4]
__aeabi_i2d             0x0000c391          Code  Gb  I32ToDbl.o [4]
__aeabi_ldiv0           0x0000eb15          Code  Gb  I64DivZer.o [5]
__aeabi_memclr4         0x00009c39          Code  Gb  ABImemclr4.o [5]
__aeabi_memcpy          0x00009bc1          Code  Gb  ABImemcpy.o [5]
__aeabi_memcpy4         0x00009be1          Code  Gb  ABImemcpy.o [5]
__aeabi_memcpy8         0x00009be1          Code  Gb  ABImemcpy.o [5]
__aeabi_memset          0x0000d71d          Code  Gb  ABImemset.o [5]
__aeabi_ui2d            0x0000c3a5          Code  Gb  I32ToDbl.o [4]
__aeabi_ui2f            0x00006bf1          Code  Gb  I32ToFlt.o [4]
__aeabi_uldivmod        0x0000dc1d          Code  Gb  I64DivMod.o [5]
__cmain                 0x0000fc19          Code  Gb  cmain.o [5]
__exit                  0x0000f1ed    0x14  Code  Gb  exit.o [6]
__iar_Dnorm             0x0000dd0b    0x42  Code  Gb  xdnorm.o [4]
__iar_Dscale            0x0000ddad   0x10c  Code  Gb  xdscale.o [4]
__iar_Memchr            0x0000dbc5          Code  Gb  memchr.o [5]
__iar_Memset            0x0000d71d          Code  Gb  ABImemset.o [5]
__iar_Memset4_word      0x0000d581          Code  Gb  ABImemset48.o [5]
__iar_Memset8_word      0x0000d581          Code  Gb  ABImemset48.o [5]
__iar_Memset_word       0x0000d725          Code  Gb  ABImemset.o [5]
__iar_Strchr            0x0000dbad          Code  Gb  strchr.o [5]
__iar_d2uiz             0x0000def1          Code  Gb  DblToI32.o [4]
__iar_dadd              0x0000c87d          Code  Gb  DblAdd.o [4]
__iar_data_init3        0x0000fa4d    0x28  Code  Gb  data_init.o [5]
__iar_dlib_perthread_access
                        0x0000d57d     0x2  Code  Gb  xtls.o [3]
__iar_dsub              0x0000df25          Code  Gb  DblSub.o [4]
__iar_dsubStart         0x0000df37          Code  Gb  DblSub.o [4]
__iar_fadd              0x0000c6c5          Code  Gb  FltAdd.o [4]
__iar_fsub              0x0000c749          Code  Gb  FltSub.o [4]
__iar_fsubStart         0x0000c759          Code  Gb  FltSub.o [4]
__iar_lz77_init3        0x0000f0a3   0x142  Code  Gb  lz77_init.o [5]
__iar_program_start     0x00010fc1          Code  Gb  cstartup_M.o [5]
__iar_ui2d              0x0000c3a9          Code  Gb  I32ToDbl.o [4]
__iar_ui2f              0x00006bf5          Code  Gb  I32ToFlt.o [4]
__iar_zero_init3        0x0000646b    0x22  Code  Gb  zero_init3.o [5]
__low_level_init        0x0000fc2f     0x4  Code  Gb  low_level_init.o [3]
__vector_table          0x00000000          Data  Gb  cstartup_M.o [1]
__vector_table_0x1c     0x0000001c          Data  Gb  cstartup_M.o [1]
_call_main              0x0000fc25          Code  Gb  cmain.o [5]
_exit                   0x0000fc39          Code  Gb  cexit.o [5]
_main                   0x0000fc2b          Code  Gb  cmain.o [5]
abort                   0x0000f1e5     0x6  Code  Gb  abort.o [3]
cabecalho               0x10000454    0x18  Data  Gb  RelatorioVendas.o [1]
controleLcd             0x10006c14     0x1  Data  Gb  WH1602.o [1]
conversor               0x0000f7c8    0x48  Data  Gb  Assinatura.o [1]
crc_ccitt_lockup        0x10000000   0x200  Data  Gb  cctalk.o [1]
dadoMusica              0x10006bf0     0x2  Data  Gb  PlayerWave.o [1]
div                     0x0000e233     0xe  Code  Gb  div.o [3]
dummy                   0x10006c1a     0x1  Data  Gb  spi_wrapper.o [1]
enderecoInicialMusica   0x100004fc     0x4  Data  Gb  PlayerWave.o [1]
exit                    0x0000fc33     0x4  Code  Gb  exit.o [3]
filaSinais              0x10006b68     0x4  Data  Gb  MonitorPagamentos.o [1]
funcFSM                 0x00010d08    0x10  Data  Gb  MonitorPagamentos.o [1]
iap_entry               0x10006b34     0x4  Data  Gb  Assinatura.o [1]
kd_const                0x00011158     0x4  Data  Gb  ControleMotor.o [1]
ki_const                0x0001115c     0x4  Data  Gb  ControleMotor.o [1]
kp_const                0x00011154     0x4  Data  Gb  ControleMotor.o [1]
ligarResistencia        0x10006bfc     0x1  Data  Gb  ControleMotor.o [1]
limites                 0x0000f944    0x30  Data  Gb  InterfacAjusteRelogio.o [1]
lowLevelInit            0x0000a649   0x128  Code  Gb  main.o [1]
main                    0x0000a5dd    0x6c  Code  Gb  main.o [1]
mascaraDecodificacao    0x0000f898    0x40  Data  Gb  Assinatura.o [1]
memchr                  0x0000dbc5          Code  Gb  memchr.o [5]
memcmp                  0x0000a7d1          Code  Gb  memcmp.o [5]
memcpy                  0x00006455    0x16  Code  Gb  queue.o [1]
memset                  0x0000a8fd    0x16  Code  Gb  tasks.o [1]
mensagensAguardandoAquecer
                        0x0000f4d0   0x154  Data  Gb  InterfaceUsuario.o [1]
prvAllocateTCBAndStack  0x00004d59    0x46  Code  Lc  tasks.o [1]
prvCheckTasksWaitingTermination
                        0x00004cf7    0x62  Code  Lc  tasks.o [1]
prvCopyDataFromQueue    0x0000c2bd    0x2c  Code  Lc  queue.o [1]
prvCopyDataToQueue      0x0000c24b    0x72  Code  Lc  queue.o [1]
prvDeleteTCB            0x00004d9f    0x12  Code  Lc  tasks.o [1]
prvIdleTask             0x00004c65     0xa  Code  Lc  tasks.o [1]
prvInitialiseTCBVariables
                        0x00004c6f    0x42  Code  Lc  tasks.o [1]
prvInitialiseTaskLists  0x00004cb1    0x46  Code  Lc  tasks.o [1]
prvIsQueueEmpty         0x0000c353    0x1e  Code  Lc  queue.o [1]
prvIsQueueFull          0x0000c371    0x20  Code  Lc  queue.o [1]
prvSetupTimerInterrupt  0x0000a46f     0xe  Code  Lc  port.o [1]
prvUnlockQueue          0x0000c2e9    0x6a  Code  Lc  queue.o [1]
pvPortMalloc            0x0000a8a1    0x50  Code  Gb  heap_1.o [1]
pxCurrentTCB            0x10006ba0     0x4  Data  Gb  tasks.o [1]
pxDelayedTaskList       0x10006ba4     0x4  Data  Gb  tasks.o [1]
pxOverflowDelayedTaskList
                        0x10006ba8     0x4  Data  Gb  tasks.o [1]
pxPortInitialiseStack   0x0000a371    0x1a  Code  Gb  port.o [1]
pxReadyTasksLists       0x10006918    0x64  Data  Gb  tasks.o [1]
rand                    0x00009ae1    0xe0  Code  Gb  rand.o [3]
semAcumuladorValores    0x10006b64     0x4  Data  Gb  MonitorPagamentos.o [1]
semDataFlash            0x10006b9c     0x4  Data  Gb  memoryWrapper.o [1]
sprintf                 0x00006421    0x34  Code  Gb  sprintf.o [3]
srand                   0x00009ac1    0x20  Code  Gb  srand.o [3]
strchr                  0x0000dbad          Code  Gb  strchr.o [5]
strlen                  0x00007301          Code  Gb  strlen.o [5]
strncpy                 0x0000a835          Code  Gb  strncpy.o [5]
tamanhoMusica           0x10006b88     0x4  Data  Gb  PlayerWave.o [1]
tamanhos                0x00010fe4     0x8  Data  Gb  InterfacAjusteRelogio.o [1]
tracos                  0x10000424    0x18  Data  Gb  InterfacAjusteRelogio.o [1]
uxCriticalNesting       0x10000500     0x4  Data  Gb  port.o [1]
uxCurrentNumberOfTasks  0x10006bb0     0x4  Data  Gb  tasks.o [1]
uxMissedTicks           0x10006bc8     0x4  Data  Gb  tasks.o [1]
uxSchedulerSuspended    0x10006bc4     0x4  Data  Gb  tasks.o [1]
uxTaskNumber            0x10006bd4     0x4  Data  Gb  tasks.o [1]
uxTasksDeleted          0x10006bac     0x4  Data  Gb  tasks.o [1]
uxTopReadyPriority      0x10006bbc     0x4  Data  Gb  tasks.o [1]
uxTopUsedPriority       0x10006bb8     0x4  Data  Gb  tasks.o [1]
vApplicationStackOverflowHook
                        0x0000a7cd     0x2  Code  Gb  main.o [1]
vListInitialise         0x0000a4ad    0x1e  Code  Gb  list.o [1]
vListInitialiseItem     0x0000a4cb     0x6  Code  Gb  list.o [1]
vListInsert             0x0000a4ef    0x3c  Code  Gb  list.o [1]
vListInsertEnd          0x0000a4d1    0x1e  Code  Gb  list.o [1]
vListRemove             0x0000a52b    0x26  Code  Gb  list.o [1]
vPortClearInterruptMask
                        0x0000a59b          Code  Gb  portasm.o [1]
vPortEnterCritical      0x0000a3c1    0x12  Code  Gb  port.o [1]
vPortExitCritical       0x0000a3d3    0x1a  Code  Gb  port.o [1]
vPortFree               0x0000a8f1     0x2  Code  Gb  heap_1.o [1]
vPortSVCHandler         0x0000a5a9          Code  Gb  portasm.o [1]
vPortSetInterruptMask   0x0000a58d          Code  Gb  portasm.o [1]
vPortStartFirstTask     0x0000a5c5          Code  Gb  portasm.o [1]
vPortYieldFromISR       0x0000a3b7     0xa  Code  Gb  port.o [1]
vSetMSP                 0x0000a551          Code  Gb  portasm.o [1]
vTaskDelay              0x000047d7    0x6c  Code  Gb  tasks.o [1]
vTaskIncrementTick      0x00004975    0xc2  Code  Gb  tasks.o [1]
vTaskMissedYield        0x00004c5b     0x8  Code  Gb  tasks.o [1]
vTaskPlaceOnEventList   0x00004af9    0x7e  Code  Gb  tasks.o [1]
vTaskPriorityDisinherit
                        0x00004e25    0x46  Code  Gb  tasks.o [1]
vTaskPriorityInherit    0x00004db9    0x68  Code  Gb  tasks.o [1]
vTaskSetTimeOutState    0x00004be7     0xe  Code  Gb  tasks.o [1]
vTaskStartScheduler     0x00004843    0x42  Code  Gb  tasks.o [1]
vTaskSuspendAll         0x00004885    0x10  Code  Gb  tasks.o [1]
vTaskSwitchContext      0x00004a37    0xc2  Code  Gb  tasks.o [1]
valorPipocaFicha        0x10006b78     0x4  Data  Gb  MonitorPagamentos.o [1]
vetorAssinatura         0x00078000  0x8000  Data  Gb  Assinatura.o [1]
volume                  0x10006bee     0x2  Data  Gb  PlayerWave.o [1]
xDelayedTaskList1       0x10006ab8    0x14  Data  Gb  tasks.o [1]
xDelayedTaskList2       0x10006acc    0x14  Data  Gb  tasks.o [1]
xHeap                   0x10000518  0x5000  Data  Lc  heap_1.o [1]
xMissedYield            0x10006bcc     0x4  Data  Gb  tasks.o [1]
xNextFreeByte           0x10006b98     0x4  Data  Lc  heap_1.o [1]
xNumOfOverflows         0x10006bd0     0x4  Data  Gb  tasks.o [1]
xPendingReadyList       0x10006ae0    0x14  Data  Gb  tasks.o [1]
xPortPendSVHandler      0x0000a557          Code  Gb  portasm.o [1]
xPortStartScheduler     0x0000a38b    0x2c  Code  Gb  port.o [1]
xPortSysTickHandler     0x0000a3ed    0x82  Code  Gb  port.o [1]
xQueueCreate            0x0000bfe5    0x74  Code  Gb  queue.o [1]
xQueueGenericReceive    0x0000c12b   0x120  Code  Gb  queue.o [1]
xQueueGenericSend       0x0000c059    0xd2  Code  Gb  queue.o [1]
xSchedulerRunning       0x10006bc0     0x4  Data  Gb  tasks.o [1]
xSuspendedTaskList      0x10006b08    0x14  Data  Gb  tasks.o [1]
xTaskCheckForTimeOut    0x00004bf5    0x66  Code  Gb  tasks.o [1]
xTaskGenericCreate      0x00004699   0x13e  Code  Gb  tasks.o [1]
xTaskGetCurrentTaskHandle
                        0x00004db1     0x8  Code  Gb  tasks.o [1]
xTaskRemoveFromEventList
                        0x00004b77    0x70  Code  Gb  tasks.o [1]
xTaskResumeAll          0x00004895    0xe0  Code  Gb  tasks.o [1]
xTasksWaitingTermination
                        0x10006af4    0x14  Data  Gb  tasks.o [1]
xTickCount              0x10006bb4     0x4  Data  Gb  tasks.o [1]


[1] = C:\Users\Marcos\Dropbox\Cli\AlmTec\01-Firmware\01_mais_pipoca_d\trunk\Firmware Padrao Mais Pipoca 1_10_1 - PID AJUSTAVEL\Debug\Obj
[2] = command line
[3] = dl7M_tln.a
[4] = m7M_tl.a
[5] = rt7M_tl.a
[6] = shb_l.a

  61 696 bytes of readonly  code memory
  41 611 bytes of readonly  data memory
  28 443 bytes of readwrite data memory (+ 327 absolute)

Errors: none
Warnings: none
