###############################################################################
#                                                                             #
# IAR ELF Linker V6.50.3.4676/W32 for ARM               10/Jul/2017  15:29:58 #
# Copyright 2007-2013 IAR Systems AB.                                         #
#                                                                             #
#    Output file  =  C:\Users\Usuario\GitHub\maispipoca_g1\SOFTWARE\FIRMWARE\ #
#                    Debug\Exe\c.out.tmp                                      #
#    Map file     =  C:\Users\Usuario\GitHub\maispipoca_g1\SOFTWARE\FIRMWARE\ #
#                    Debug\List\c.map                                         #
#    Command line =  C:\Users\Usuario\GitHub\maispipoca_g1\SOFTWARE\FIRMWARE\ #
#                    Debug\Obj\74595.o C:\Users\Usuario\GitHub\maispipoca_g1\ #
#                    SOFTWARE\FIRMWARE\Debug\Obj\AcumuladorDinheiro.o         #
#                    C:\Users\Usuario\GitHub\maispipoca_g1\SOFTWARE\FIRMWARE\ #
#                    Debug\Obj\AmostraAnalogica.o                             #
#                    C:\Users\Usuario\GitHub\maispipoca_g1\SOFTWARE\FIRMWARE\ #
#                    Debug\Obj\AnimacaoLeds.o C:\Users\Usuario\GitHub\maispip #
#                    oca_g1\SOFTWARE\FIRMWARE\Debug\Obj\Assinatura.o          #
#                    C:\Users\Usuario\GitHub\maispipoca_g1\SOFTWARE\FIRMWARE\ #
#                    Debug\Obj\ControleAmostraGratis.o                        #
#                    C:\Users\Usuario\GitHub\maispipoca_g1\SOFTWARE\FIRMWARE\ #
#                    Debug\Obj\ControleEmbalagem.o                            #
#                    C:\Users\Usuario\GitHub\maispipoca_g1\SOFTWARE\FIRMWARE\ #
#                    Debug\Obj\ControleMotor.o C:\Users\Usuario\GitHub\maispi #
#                    poca_g1\SOFTWARE\FIRMWARE\Debug\Obj\DosadorMilho.o       #
#                    C:\Users\Usuario\GitHub\maispipoca_g1\SOFTWARE\FIRMWARE\ #
#                    Debug\Obj\Horimetro.o C:\Users\Usuario\GitHub\maispipoca #
#                    _g1\SOFTWARE\FIRMWARE\Debug\Obj\Impressora.o             #
#                    C:\Users\Usuario\GitHub\maispipoca_g1\SOFTWARE\FIRMWARE\ #
#                    Debug\Obj\InterfacAjusteRelogio.o                        #
#                    C:\Users\Usuario\GitHub\maispipoca_g1\SOFTWARE\FIRMWARE\ #
#                    Debug\Obj\InterfaceUsuario.o                             #
#                    C:\Users\Usuario\GitHub\maispipoca_g1\SOFTWARE\FIRMWARE\ #
#                    Debug\Obj\MenuConfiguracaoSistema.o                      #
#                    C:\Users\Usuario\GitHub\maispipoca_g1\SOFTWARE\FIRMWARE\ #
#                    Debug\Obj\MonitorPagamentos.o                            #
#                    C:\Users\Usuario\GitHub\maispipoca_g1\SOFTWARE\FIRMWARE\ #
#                    Debug\Obj\PIDtemperatura.o C:\Users\Usuario\GitHub\maisp #
#                    ipoca_g1\SOFTWARE\FIRMWARE\Debug\Obj\Parametros.o        #
#                    C:\Users\Usuario\GitHub\maispipoca_g1\SOFTWARE\FIRMWARE\ #
#                    Debug\Obj\PipocaTeste.o C:\Users\Usuario\GitHub\maispipo #
#                    ca_g1\SOFTWARE\FIRMWARE\Debug\Obj\PlayerWave.o           #
#                    C:\Users\Usuario\GitHub\maispipoca_g1\SOFTWARE\FIRMWARE\ #
#                    Debug\Obj\Protocolo.o C:\Users\Usuario\GitHub\maispipoca #
#                    _g1\SOFTWARE\FIRMWARE\Debug\Obj\RTC.o                    #
#                    C:\Users\Usuario\GitHub\maispipoca_g1\SOFTWARE\FIRMWARE\ #
#                    Debug\Obj\RelatorioVendas.o                              #
#                    C:\Users\Usuario\GitHub\maispipoca_g1\SOFTWARE\FIRMWARE\ #
#                    Debug\Obj\TELET.o C:\Users\Usuario\GitHub\maispipoca_g1\ #
#                    SOFTWARE\FIRMWARE\Debug\Obj\Teclado.o                    #
#                    C:\Users\Usuario\GitHub\maispipoca_g1\SOFTWARE\FIRMWARE\ #
#                    Debug\Obj\WATCHDOG.o C:\Users\Usuario\GitHub\maispipoca_ #
#                    g1\SOFTWARE\FIRMWARE\Debug\Obj\WH1602.o                  #
#                    C:\Users\Usuario\GitHub\maispipoca_g1\SOFTWARE\FIRMWARE\ #
#                    Debug\Obj\WH1602_2.o C:\Users\Usuario\GitHub\maispipoca_ #
#                    g1\SOFTWARE\FIRMWARE\Debug\Obj\board.o                   #
#                    C:\Users\Usuario\GitHub\maispipoca_g1\SOFTWARE\FIRMWARE\ #
#                    Debug\Obj\cctalk.o C:\Users\Usuario\GitHub\maispipoca_g1 #
#                    \SOFTWARE\FIRMWARE\Debug\Obj\cstartup_M.o                #
#                    C:\Users\Usuario\GitHub\maispipoca_g1\SOFTWARE\FIRMWARE\ #
#                    Debug\Obj\heap_1.o C:\Users\Usuario\GitHub\maispipoca_g1 #
#                    \SOFTWARE\FIRMWARE\Debug\Obj\list.o                      #
#                    C:\Users\Usuario\GitHub\maispipoca_g1\SOFTWARE\FIRMWARE\ #
#                    Debug\Obj\main.o C:\Users\Usuario\GitHub\maispipoca_g1\S #
#                    OFTWARE\FIRMWARE\Debug\Obj\memoryWrapper.o               #
#                    C:\Users\Usuario\GitHub\maispipoca_g1\SOFTWARE\FIRMWARE\ #
#                    Debug\Obj\port.o C:\Users\Usuario\GitHub\maispipoca_g1\S #
#                    OFTWARE\FIRMWARE\Debug\Obj\portasm.o                     #
#                    C:\Users\Usuario\GitHub\maispipoca_g1\SOFTWARE\FIRMWARE\ #
#                    Debug\Obj\queue.o C:\Users\Usuario\GitHub\maispipoca_g1\ #
#                    SOFTWARE\FIRMWARE\Debug\Obj\spi_wrapper.o                #
#                    C:\Users\Usuario\GitHub\maispipoca_g1\SOFTWARE\FIRMWARE\ #
#                    Debug\Obj\sst25vf016b.o C:\Users\Usuario\GitHub\maispipo #
#                    ca_g1\SOFTWARE\FIRMWARE\Debug\Obj\tasks.o                #
#                    C:\Users\Usuario\GitHub\maispipoca_g1\SOFTWARE\FIRMWARE\ #
#                    Debug\Obj\uart.o -o C:\Users\Usuario\GitHub\maispipoca_g #
#                    1\SOFTWARE\FIRMWARE\Debug\Exe\c.out.tmp --redirect       #
#                    _Printf=_PrintfFull --redirect _Scanf=_ScanfFull --map   #
#                    C:\Users\Usuario\GitHub\maispipoca_g1\SOFTWARE\FIRMWARE\ #
#                    Debug\List\c.map --log libraries,initialization,modules, #
#                    redirects,sections,veneers,unused_fragments --log_file   #
#                    C:\Users\Usuario\GitHub\maispipoca_g1\SOFTWARE\FIRMWARE\ #
#                    Debug\List\c.log --config C:\Users\Usuario\GitHub\maispi #
#                    poca_g1\SOFTWARE\FIRMWARE\AirPopCorn.icf --semihosting   #
#                    --entry __iar_program_start --vfe                        #
#                                                                             #
#                                                                             #
###############################################################################

*******************************************************************************
*** RUNTIME MODEL ATTRIBUTES
***

CppFlavor       = *
__SystemLibrary = DLib


*******************************************************************************
*** PLACEMENT SUMMARY
***

"A1":  place at 0x00000000 { ro section .intvec };
"A2":  place at 0x00078000 { ro section ConstSection1 };
"P1":  place in [from 0x00000000 to 0x000002fb] |
                [from 0x00000300 to 0x0007ffff] { ro };
"P2":  place in [from 0x10000000 to 0x10007fdf] { rw, block CSTACK, block HEAP };

  Section             Kind        Address     Size  Object
  -------             ----        -------     ----  ------
"A1":                                         0xc4
  .intvec             ro code  0x00000000     0xc4  cstartup_M.o [1]
                             - 0x000000c4     0xc4

"P1", part 1 of 2:                             0x0
  .rodata             const    0x000000c4      0x0  zero_init3.o [5]
  .rodata             const    0x000000c4      0x0  lz77_init.o [5]

"P1", part 2 of 2:                         0x10d78
  .text               ro code  0x00000300   0x3c64  MenuConfiguracaoSistema.o [1]
  .text               ro code  0x00003f64    0x28c  WH1602.o [1]
  .text               ro code  0x000041f0    0x28c  Teclado.o [1]
  .text               ro code  0x0000447c    0x828  tasks.o [1]
  .text               ro code  0x00004ca4   0x14ec  Parametros.o [1]
  .text               ro code  0x00006190     0x34  sprintf.o [3]
  .text               ro code  0x000061c4     0x16  queue.o [1]
  .text               ro code  0x000061da     0x22  zero_init3.o [5]
  .text               ro code  0x000061fc     0x20  srand.o [3]
  .text               ro code  0x0000621c     0xe0  rand.o [3]
  .text               ro code  0x000062fc     0xac  ControleAmostraGratis.o [1]
  .text               ro code  0x000063a8    0x528  RelatorioVendas.o [1]
  .text               ro code  0x000068d0    0x190  AmostraAnalogica.o [1]
  .text               ro code  0x00006a60     0x1e  I32ToFlt.o [4]
  .text               ro code  0x00006a7e      0xa  xsprout.o [3]
  .text               ro code  0x00006a88     0x24  FltToU32.o [4]
  .text               ro code  0x00006aac     0xbc  ControleEmbalagem.o [1]
  .text               ro code  0x00006b68     0xac  DosadorMilho.o [1]
  .text               ro code  0x00006c14    0x526  ControleMotor.o [1]
  .rodata             const    0x0000713a      0x2  RelatorioVendas.o [1]
  .text               ro code  0x0000713c     0x36  strlen.o [5]
  .text               ro code  0x00007174    0x9cc  MonitorPagamentos.o [1]
  .text               ro code  0x00007b40    0x4d4  AnimacaoLeds.o [1]
  .text               ro code  0x00008014     0x4e  FltToDbl.o [4]
  .text               ro code  0x00008064    0x618  TELET.o [1]
  .text               ro code  0x0000867c   0x1204  InterfaceUsuario.o [1]
  .text               ro code  0x00009880     0x76  ABImemcpy.o [5]
  .text               ro code  0x000098f8      0x6  ABImemclr4.o [5]
  .text               ro code  0x00009900    0x498  InterfacAjusteRelogio.o [1]
  .text               ro code  0x00009d98    0x274  PlayerWave.o [1]
  .text               ro code  0x0000a00c    0x13c  port.o [1]
  .text               ro code  0x0000a148     0xa4  list.o [1]
  CODE                ro code  0x0000a1ec     0x8c  portasm.o [1]
  .text               ro code  0x0000a278    0x1f2  main.o [1]
  .text               ro code  0x0000a46c     0x62  memcmp.o [5]
  .text               ro code  0x0000a4d0     0x6c  strncpy.o [5]
  .text               ro code  0x0000a53c     0x5c  heap_1.o [1]
  .text               ro code  0x0000a598     0x16  tasks.o [1]
  .text               ro code  0x0000a5b0    0x394  cctalk.o [1]
  .text               ro code  0x0000a944    0x1aa  memoryWrapper.o [1]
  .text               ro code  0x0000aaf0    0xcf6  xprintffull.o [3]
  .text               ro code  0x0000b7e6      0x2  xtls.o [3]
  .text               ro code  0x0000b7e8     0x9c  RTC.o [1]
  .text               ro code  0x0000b884     0x7e  Impressora.o [1]
  .text               ro code  0x0000b904    0x148  AmostraAnalogica.o [1]
  .text               ro code  0x0000ba4c    0x150  ControleMotor.o [1]
  .text               ro code  0x0000bb9c     0x6c  PIDtemperatura.o [1]
  .text               ro code  0x0000bc08    0x3ac  queue.o [1]
  .text               ro code  0x0000bfb4     0x1c  FltCmpEq.o [4]
  .text               ro code  0x0000bfd0     0x84  FltAdd.o [4]
  .text               ro code  0x0000c054     0xe6  FltSub.o [4]
  .text               ro code  0x0000c13c     0x24  FltCmpGe.o [4]
  .text               ro code  0x0000c160     0x24  FltCmpLe.o [4]
  .text               ro code  0x0000c184     0xe8  DblAdd.o [4]
  .text               ro code  0x0000c26c     0x90  DblToFlt.o [4]
  .text               ro code  0x0000c2fc    0x700  74595.o [1]
  .text               ro code  0x0000c9fc    0x2b8  uart.o [1]
  .text               ro code  0x0000ccb4    0x274  WH1602_2.o [1]
  .text               ro code  0x0000cf28     0x32  ABImemset48.o [5]
  .text               ro code  0x0000cf5c    0x150  board.o [1]
  .text               ro code  0x0000d0ac     0x66  ABImemset.o [5]
  .text               ro code  0x0000d114    0x180  spi_wrapper.o [1]
  .text               ro code  0x0000d294    0x2a8  sst25vf016b.o [1]
  .text               ro code  0x0000d53c     0x16  strchr.o [5]
  .text               ro code  0x0000d554     0x58  memchr.o [5]
  .text               ro code  0x0000d5ac     0xee  I64DivMod.o [5]
  .text               ro code  0x0000d69a     0x42  xdnorm.o [4]
  .text               ro code  0x0000d6dc     0x2e  DblCmpLe.o [4]
  .text               ro code  0x0000d70c     0x2e  DblCmpGe.o [4]
  .text               ro code  0x0000d73c    0x10c  xdscale.o [4]
  .text               ro code  0x0000d848     0x58  DblToI32.o [4]
  .text               ro code  0x0000d8a0     0x30  I32ToDbl.o [4]
  .text               ro code  0x0000d8d0    0x180  DblSub.o [4]
  .text               ro code  0x0000da50    0x1a2  DblMul.o [4]
  .text               ro code  0x0000dbf4    0x246  DblDiv.o [4]
  .text               ro code  0x0000de3a      0xe  div.o [3]
  .text               ro code  0x0000de48    0x884  Protocolo.o [1]
  .text               ro code  0x0000e6cc     0x50  ControleMotor.o [1]
  .text               ro code  0x0000e71c     0x34  ControleMotor.o [1]
  .text               ro code  0x0000e750      0x2  I64DivZer.o [5]
  .text               ro code  0x0000e752      0x2  WATCHDOG.o [1]
  .text               ro code  0x0000e754    0x528  Assinatura.o [1]
  .text               ro code  0x0000ec7c    0x1a4  lz77_init.o [5]
  .text               ro code  0x0000ee20      0x6  abort.o [3]
  .text               ro code  0x0000ee28     0x14  exit.o [6]
  .rodata             const    0x0000ee3c    0x168  AmostraAnalogica.o [1]
  .rodata             const    0x0000efa4    0x168  AmostraAnalogica.o [1]
  .rodata             const    0x0000f10c    0x154  InterfaceUsuario.o [1]
  .rodata             const    0x0000f260     0x88  MenuConfiguracaoSistema.o [1]
  .rodata             const    0x0000f2e8     0x68  MenuConfiguracaoSistema.o [1]
  .rodata             const    0x0000f350     0x68  MenuConfiguracaoSistema.o [1]
  .rodata             const    0x0000f3b8     0x4c  MenuConfiguracaoSistema.o [1]
  .rodata             const    0x0000f404     0x48  Assinatura.o [1]
  .rodata             const    0x0000f44c     0x44  MenuConfiguracaoSistema.o [1]
  .rodata             const    0x0000f490     0x44  Parametros.o [1]
  .rodata             const    0x0000f4d4     0x40  Assinatura.o [1]
  .text               ro code  0x0000f514     0x40  PipocaTeste.o [1]
  .rodata             const    0x0000f554     0x30  InterfacAjusteRelogio.o [1]
  .rodata             const    0x0000f584     0x2c  MenuConfiguracaoSistema.o [1]
  .rodata             const    0x0000f5b0     0x2c  RelatorioVendas.o [1]
  .rodata             const    0x0000f5dc     0x2c  RelatorioVendas.o [1]
  .rodata             const    0x0000f608     0x2c  RelatorioVendas.o [1]
  .rodata             const    0x0000f634     0x2c  RelatorioVendas.o [1]
  .rodata             const    0x0000f660     0x28  MenuConfiguracaoSistema.o [1]
  .text               ro code  0x0000f688     0x28  data_init.o [5]
  .rodata             const    0x0000f6b0     0x24  MenuConfiguracaoSistema.o [1]
  .iar.init_table     const    0x0000f6d4     0x2c  - Linker created -
  .rodata             const    0x0000f700     0x20  MenuConfiguracaoSistema.o [1]
  .rodata             const    0x0000f720     0x20  MenuConfiguracaoSistema.o [1]
  .rodata             const    0x0000f740     0x20  RelatorioVendas.o [1]
  .rodata             const    0x0000f760     0x20  RelatorioVendas.o [1]
  .rodata             const    0x0000f780     0x1c  MenuConfiguracaoSistema.o [1]
  .rodata             const    0x0000f79c     0x1c  RelatorioVendas.o [1]
  .rodata             const    0x0000f7b8     0x1c  RelatorioVendas.o [1]
  .rodata             const    0x0000f7d4     0x1c  RelatorioVendas.o [1]
  .rodata             const    0x0000f7f0     0x1c  RelatorioVendas.o [1]
  .rodata             const    0x0000f80c     0x18  MenuConfiguracaoSistema.o [1]
  .rodata             const    0x0000f824     0x18  RelatorioVendas.o [1]
  .rodata             const    0x0000f83c     0x18  RelatorioVendas.o [1]
  .text               ro code  0x0000f854     0x16  cmain.o [5]
  .text               ro code  0x0000f86a      0x4  low_level_init.o [3]
  .text               ro code  0x0000f86e      0x4  exit.o [3]
  .text               ro code  0x0000f874      0xa  cexit.o [5]
  .rodata             const    0x0000f880     0x14  InterfaceUsuario.o [1]
  .rodata             const    0x0000f894     0x14  InterfaceUsuario.o [1]
  .rodata             const    0x0000f8a8     0x14  InterfaceUsuario.o [1]
  .rodata             const    0x0000f8bc     0x14  InterfaceUsuario.o [1]
  .rodata             const    0x0000f8d0     0x14  InterfaceUsuario.o [1]
  .rodata             const    0x0000f8e4     0x14  InterfaceUsuario.o [1]
  .rodata             const    0x0000f8f8     0x14  InterfaceUsuario.o [1]
  .rodata             const    0x0000f90c     0x14  InterfaceUsuario.o [1]
  .rodata             const    0x0000f920     0x14  InterfaceUsuario.o [1]
  .rodata             const    0x0000f934     0x14  InterfaceUsuario.o [1]
  .rodata             const    0x0000f948     0x14  InterfaceUsuario.o [1]
  .rodata             const    0x0000f95c     0x14  InterfaceUsuario.o [1]
  .rodata             const    0x0000f970     0x14  InterfaceUsuario.o [1]
  .rodata             const    0x0000f984     0x14  InterfaceUsuario.o [1]
  .rodata             const    0x0000f998     0x14  InterfaceUsuario.o [1]
  .rodata             const    0x0000f9ac     0x14  InterfaceUsuario.o [1]
  .rodata             const    0x0000f9c0     0x14  InterfaceUsuario.o [1]
  .rodata             const    0x0000f9d4     0x14  InterfaceUsuario.o [1]
  .rodata             const    0x0000f9e8     0x14  InterfaceUsuario.o [1]
  .rodata             const    0x0000f9fc     0x14  InterfaceUsuario.o [1]
  .rodata             const    0x0000fa10     0x14  InterfaceUsuario.o [1]
  .rodata             const    0x0000fa24     0x14  MenuConfiguracaoSistema.o [1]
  .rodata             const    0x0000fa38     0x14  MenuConfiguracaoSistema.o [1]
  .rodata             const    0x0000fa4c     0x14  MenuConfiguracaoSistema.o [1]
  .rodata             const    0x0000fa60     0x14  MenuConfiguracaoSistema.o [1]
  .rodata             const    0x0000fa74     0x14  MenuConfiguracaoSistema.o [1]
  .rodata             const    0x0000fa88     0x14  MenuConfiguracaoSistema.o [1]
  .rodata             const    0x0000fa9c     0x14  MenuConfiguracaoSistema.o [1]
  .rodata             const    0x0000fab0     0x14  MenuConfiguracaoSistema.o [1]
  .rodata             const    0x0000fac4     0x14  MenuConfiguracaoSistema.o [1]
  .rodata             const    0x0000fad8     0x14  MenuConfiguracaoSistema.o [1]
  .rodata             const    0x0000faec     0x14  MenuConfiguracaoSistema.o [1]
  .rodata             const    0x0000fb00     0x14  MenuConfiguracaoSistema.o [1]
  .rodata             const    0x0000fb14     0x14  MenuConfiguracaoSistema.o [1]
  .rodata             const    0x0000fb28     0x14  MenuConfiguracaoSistema.o [1]
  .rodata             const    0x0000fb3c     0x14  MenuConfiguracaoSistema.o [1]
  .rodata             const    0x0000fb50     0x14  MenuConfiguracaoSistema.o [1]
  .rodata             const    0x0000fb64     0x14  MenuConfiguracaoSistema.o [1]
  .rodata             const    0x0000fb78     0x14  MenuConfiguracaoSistema.o [1]
  .rodata             const    0x0000fb8c     0x14  MenuConfiguracaoSistema.o [1]
  .rodata             const    0x0000fba0     0x14  MenuConfiguracaoSistema.o [1]
  .rodata             const    0x0000fbb4     0x14  MenuConfiguracaoSistema.o [1]
  .rodata             const    0x0000fbc8     0x14  MenuConfiguracaoSistema.o [1]
  .rodata             const    0x0000fbdc     0x14  MenuConfiguracaoSistema.o [1]
  .rodata             const    0x0000fbf0     0x14  MenuConfiguracaoSistema.o [1]
  .rodata             const    0x0000fc04     0x14  MenuConfiguracaoSistema.o [1]
  .rodata             const    0x0000fc18     0x14  MenuConfiguracaoSistema.o [1]
  .rodata             const    0x0000fc2c     0x14  MenuConfiguracaoSistema.o [1]
  .rodata             const    0x0000fc40     0x14  MenuConfiguracaoSistema.o [1]
  .rodata             const    0x0000fc54     0x14  MenuConfiguracaoSistema.o [1]
  .rodata             const    0x0000fc68     0x14  MenuConfiguracaoSistema.o [1]
  .rodata             const    0x0000fc7c     0x14  MenuConfiguracaoSistema.o [1]
  .rodata             const    0x0000fc90     0x14  MenuConfiguracaoSistema.o [1]
  .rodata             const    0x0000fca4     0x14  MenuConfiguracaoSistema.o [1]
  .rodata             const    0x0000fcb8     0x14  MenuConfiguracaoSistema.o [1]
  .rodata             const    0x0000fccc     0x14  MenuConfiguracaoSistema.o [1]
  .rodata             const    0x0000fce0     0x14  MenuConfiguracaoSistema.o [1]
  .rodata             const    0x0000fcf4     0x14  MenuConfiguracaoSistema.o [1]
  .rodata             const    0x0000fd08     0x14  MenuConfiguracaoSistema.o [1]
  .rodata             const    0x0000fd1c     0x14  MenuConfiguracaoSistema.o [1]
  .rodata             const    0x0000fd30     0x14  MenuConfiguracaoSistema.o [1]
  .rodata             const    0x0000fd44     0x14  MenuConfiguracaoSistema.o [1]
  .rodata             const    0x0000fd58     0x14  MenuConfiguracaoSistema.o [1]
  .rodata             const    0x0000fd6c     0x14  MenuConfiguracaoSistema.o [1]
  .rodata             const    0x0000fd80     0x14  MenuConfiguracaoSistema.o [1]
  .rodata             const    0x0000fd94     0x14  MenuConfiguracaoSistema.o [1]
  .rodata             const    0x0000fda8     0x14  MenuConfiguracaoSistema.o [1]
  .rodata             const    0x0000fdbc     0x14  MenuConfiguracaoSistema.o [1]
  .rodata             const    0x0000fdd0     0x14  MenuConfiguracaoSistema.o [1]
  .rodata             const    0x0000fde4     0x14  MenuConfiguracaoSistema.o [1]
  .rodata             const    0x0000fdf8     0x14  MenuConfiguracaoSistema.o [1]
  .rodata             const    0x0000fe0c     0x14  MenuConfiguracaoSistema.o [1]
  .rodata             const    0x0000fe20     0x14  MenuConfiguracaoSistema.o [1]
  .rodata             const    0x0000fe34     0x14  MenuConfiguracaoSistema.o [1]
  .rodata             const    0x0000fe48     0x14  MenuConfiguracaoSistema.o [1]
  .rodata             const    0x0000fe5c     0x14  MenuConfiguracaoSistema.o [1]
  .rodata             const    0x0000fe70     0x14  MenuConfiguracaoSistema.o [1]
  .rodata             const    0x0000fe84     0x14  MenuConfiguracaoSistema.o [1]
  .rodata             const    0x0000fe98     0x14  MenuConfiguracaoSistema.o [1]
  .rodata             const    0x0000feac     0x14  MenuConfiguracaoSistema.o [1]
  .rodata             const    0x0000fec0     0x14  MenuConfiguracaoSistema.o [1]
  .rodata             const    0x0000fed4     0x14  MenuConfiguracaoSistema.o [1]
  .rodata             const    0x0000fee8     0x14  MenuConfiguracaoSistema.o [1]
  .rodata             const    0x0000fefc     0x14  MenuConfiguracaoSistema.o [1]
  .rodata             const    0x0000ff10     0x14  MenuConfiguracaoSistema.o [1]
  .rodata             const    0x0000ff24     0x14  MenuConfiguracaoSistema.o [1]
  .rodata             const    0x0000ff38     0x14  MenuConfiguracaoSistema.o [1]
  .rodata             const    0x0000ff4c     0x14  MenuConfiguracaoSistema.o [1]
  .rodata             const    0x0000ff60     0x14  MenuConfiguracaoSistema.o [1]
  .rodata             const    0x0000ff74     0x14  MenuConfiguracaoSistema.o [1]
  .rodata             const    0x0000ff88     0x14  MenuConfiguracaoSistema.o [1]
  .rodata             const    0x0000ff9c     0x14  MenuConfiguracaoSistema.o [1]
  .rodata             const    0x0000ffb0     0x14  MenuConfiguracaoSistema.o [1]
  .rodata             const    0x0000ffc4     0x14  MenuConfiguracaoSistema.o [1]
  .rodata             const    0x0000ffd8     0x14  MenuConfiguracaoSistema.o [1]
  .rodata             const    0x0000ffec     0x14  MenuConfiguracaoSistema.o [1]
  .rodata             const    0x00010000     0x14  MenuConfiguracaoSistema.o [1]
  .rodata             const    0x00010014     0x14  MenuConfiguracaoSistema.o [1]
  .rodata             const    0x00010028     0x14  MenuConfiguracaoSistema.o [1]
  .rodata             const    0x0001003c     0x14  MenuConfiguracaoSistema.o [1]
  .rodata             const    0x00010050     0x14  MenuConfiguracaoSistema.o [1]
  .rodata             const    0x00010064     0x14  MenuConfiguracaoSistema.o [1]
  .rodata             const    0x00010078     0x14  MenuConfiguracaoSistema.o [1]
  .rodata             const    0x0001008c     0x14  MenuConfiguracaoSistema.o [1]
  .rodata             const    0x000100a0     0x14  MenuConfiguracaoSistema.o [1]
  .rodata             const    0x000100b4     0x14  MenuConfiguracaoSistema.o [1]
  .rodata             const    0x000100c8     0x14  MenuConfiguracaoSistema.o [1]
  .rodata             const    0x000100dc     0x14  MenuConfiguracaoSistema.o [1]
  .rodata             const    0x000100f0     0x14  MenuConfiguracaoSistema.o [1]
  .rodata             const    0x00010104     0x14  MenuConfiguracaoSistema.o [1]
  .rodata             const    0x00010118     0x14  MenuConfiguracaoSistema.o [1]
  .rodata             const    0x0001012c     0x14  MenuConfiguracaoSistema.o [1]
  .rodata             const    0x00010140     0x14  MenuConfiguracaoSistema.o [1]
  .rodata             const    0x00010154     0x14  MenuConfiguracaoSistema.o [1]
  .rodata             const    0x00010168     0x14  MenuConfiguracaoSistema.o [1]
  .rodata             const    0x0001017c     0x14  MenuConfiguracaoSistema.o [1]
  .rodata             const    0x00010190     0x14  MenuConfiguracaoSistema.o [1]
  .rodata             const    0x000101a4     0x14  MenuConfiguracaoSistema.o [1]
  .rodata             const    0x000101b8     0x14  MenuConfiguracaoSistema.o [1]
  .rodata             const    0x000101cc     0x14  MenuConfiguracaoSistema.o [1]
  .rodata             const    0x000101e0     0x14  MenuConfiguracaoSistema.o [1]
  .rodata             const    0x000101f4     0x14  MenuConfiguracaoSistema.o [1]
  .rodata             const    0x00010208     0x14  MenuConfiguracaoSistema.o [1]
  .rodata             const    0x0001021c     0x14  MenuConfiguracaoSistema.o [1]
  .rodata             const    0x00010230     0x14  MenuConfiguracaoSistema.o [1]
  .rodata             const    0x00010244     0x14  MenuConfiguracaoSistema.o [1]
  .rodata             const    0x00010258     0x14  MenuConfiguracaoSistema.o [1]
  .rodata             const    0x0001026c     0x14  MenuConfiguracaoSistema.o [1]
  .rodata             const    0x00010280     0x14  MenuConfiguracaoSistema.o [1]
  .rodata             const    0x00010294     0x14  MenuConfiguracaoSistema.o [1]
  .rodata             const    0x000102a8     0x14  MenuConfiguracaoSistema.o [1]
  .rodata             const    0x000102bc     0x14  MenuConfiguracaoSistema.o [1]
  .rodata             const    0x000102d0     0x14  MenuConfiguracaoSistema.o [1]
  .rodata             const    0x000102e4     0x14  MenuConfiguracaoSistema.o [1]
  .rodata             const    0x000102f8     0x14  MenuConfiguracaoSistema.o [1]
  .rodata             const    0x0001030c     0x14  MenuConfiguracaoSistema.o [1]
  .rodata             const    0x00010320     0x14  MenuConfiguracaoSistema.o [1]
  .rodata             const    0x00010334     0x14  MenuConfiguracaoSistema.o [1]
  .rodata             const    0x00010348     0x14  MenuConfiguracaoSistema.o [1]
  .rodata             const    0x0001035c     0x14  MenuConfiguracaoSistema.o [1]
  .rodata             const    0x00010370     0x14  MenuConfiguracaoSistema.o [1]
  .rodata             const    0x00010384     0x14  MenuConfiguracaoSistema.o [1]
  .rodata             const    0x00010398     0x14  MenuConfiguracaoSistema.o [1]
  .rodata             const    0x000103ac     0x14  MenuConfiguracaoSistema.o [1]
  .rodata             const    0x000103c0     0x14  MenuConfiguracaoSistema.o [1]
  .rodata             const    0x000103d4     0x14  MenuConfiguracaoSistema.o [1]
  .rodata             const    0x000103e8     0x14  MenuConfiguracaoSistema.o [1]
  .rodata             const    0x000103fc     0x14  MenuConfiguracaoSistema.o [1]
  .rodata             const    0x00010410     0x14  MenuConfiguracaoSistema.o [1]
  .rodata             const    0x00010424     0x14  MenuConfiguracaoSistema.o [1]
  .rodata             const    0x00010438     0x14  MenuConfiguracaoSistema.o [1]
  .rodata             const    0x0001044c     0x14  MenuConfiguracaoSistema.o [1]
  .rodata             const    0x00010460     0x14  MenuConfiguracaoSistema.o [1]
  .rodata             const    0x00010474     0x14  MenuConfiguracaoSistema.o [1]
  .rodata             const    0x00010488     0x14  MenuConfiguracaoSistema.o [1]
  .rodata             const    0x0001049c     0x14  MenuConfiguracaoSistema.o [1]
  .rodata             const    0x000104b0     0x14  MenuConfiguracaoSistema.o [1]
  .rodata             const    0x000104c4     0x14  MenuConfiguracaoSistema.o [1]
  .rodata             const    0x000104d8     0x14  MenuConfiguracaoSistema.o [1]
  .rodata             const    0x000104ec     0x14  MenuConfiguracaoSistema.o [1]
  .rodata             const    0x00010500     0x14  MenuConfiguracaoSistema.o [1]
  .rodata             const    0x00010514     0x14  MenuConfiguracaoSistema.o [1]
  .rodata             const    0x00010528     0x14  MenuConfiguracaoSistema.o [1]
  .rodata             const    0x0001053c     0x14  MenuConfiguracaoSistema.o [1]
  .rodata             const    0x00010550     0x14  MenuConfiguracaoSistema.o [1]
  .rodata             const    0x00010564     0x14  MenuConfiguracaoSistema.o [1]
  .rodata             const    0x00010578     0x14  MenuConfiguracaoSistema.o [1]
  .rodata             const    0x0001058c     0x14  MenuConfiguracaoSistema.o [1]
  .rodata             const    0x000105a0     0x14  MenuConfiguracaoSistema.o [1]
  .rodata             const    0x000105b4     0x14  MenuConfiguracaoSistema.o [1]
  .rodata             const    0x000105c8     0x14  RelatorioVendas.o [1]
  .rodata             const    0x000105dc     0x14  RelatorioVendas.o [1]
  .rodata             const    0x000105f0     0x14  RelatorioVendas.o [1]
  .rodata             const    0x00010604     0x14  RelatorioVendas.o [1]
  .rodata             const    0x00010618     0x14  RelatorioVendas.o [1]
  .rodata             const    0x0001062c     0x14  tasks.o [1]
  .rodata             const    0x00010640     0x10  InterfaceUsuario.o [1]
  .rodata             const    0x00010650     0x10  MenuConfiguracaoSistema.o [1]
  .rodata             const    0x00010660     0x10  MenuConfiguracaoSistema.o [1]
  .rodata             const    0x00010670     0x10  MenuConfiguracaoSistema.o [1]
  .rodata             const    0x00010680     0x10  MenuConfiguracaoSistema.o [1]
  .rodata             const    0x00010690     0x10  MenuConfiguracaoSistema.o [1]
  .rodata             const    0x000106a0     0x10  MenuConfiguracaoSistema.o [1]
  .rodata             const    0x000106b0     0x10  MenuConfiguracaoSistema.o [1]
  .rodata             const    0x000106c0     0x10  MenuConfiguracaoSistema.o [1]
  .rodata             const    0x000106d0     0x10  MenuConfiguracaoSistema.o [1]
  .rodata             const    0x000106e0     0x10  MenuConfiguracaoSistema.o [1]
  .rodata             const    0x000106f0     0x10  MenuConfiguracaoSistema.o [1]
  .rodata             const    0x00010700     0x10  MenuConfiguracaoSistema.o [1]
  .rodata             const    0x00010710     0x10  MenuConfiguracaoSistema.o [1]
  .rodata             const    0x00010720     0x10  MenuConfiguracaoSistema.o [1]
  .rodata             const    0x00010730     0x10  MenuConfiguracaoSistema.o [1]
  .rodata             const    0x00010740     0x10  MenuConfiguracaoSistema.o [1]
  .rodata             const    0x00010750     0x10  MenuConfiguracaoSistema.o [1]
  .rodata             const    0x00010760     0x10  MenuConfiguracaoSistema.o [1]
  .rodata             const    0x00010770     0x10  MenuConfiguracaoSistema.o [1]
  .rodata             const    0x00010780     0x10  MenuConfiguracaoSistema.o [1]
  .rodata             const    0x00010790     0x10  MenuConfiguracaoSistema.o [1]
  .rodata             const    0x000107a0     0x10  MenuConfiguracaoSistema.o [1]
  .rodata             const    0x000107b0     0x10  MenuConfiguracaoSistema.o [1]
  .rodata             const    0x000107c0     0x10  MenuConfiguracaoSistema.o [1]
  .rodata             const    0x000107d0     0x10  MenuConfiguracaoSistema.o [1]
  .rodata             const    0x000107e0     0x10  MonitorPagamentos.o [1]
  .rodata             const    0x000107f0     0x10  Parametros.o [1]
  .rodata             const    0x00010800     0x10  RelatorioVendas.o [1]
  .rodata             const    0x00010810     0x10  RelatorioVendas.o [1]
  .rodata             const    0x00010820     0x10  RelatorioVendas.o [1]
  .rodata             const    0x00010830     0x10  RelatorioVendas.o [1]
  .rodata             const    0x00010840     0x10  RelatorioVendas.o [1]
  .rodata             const    0x00010850     0x10  RelatorioVendas.o [1]
  .rodata             const    0x00010860     0x10  RelatorioVendas.o [1]
  .rodata             const    0x00010870      0xc  InterfacAjusteRelogio.o [1]
  .rodata             const    0x0001087c      0xc  InterfacAjusteRelogio.o [1]
  .rodata             const    0x00010888      0xc  InterfaceUsuario.o [1]
  .rodata             const    0x00010894      0xc  InterfaceUsuario.o [1]
  .rodata             const    0x000108a0      0xc  InterfaceUsuario.o [1]
  .rodata             const    0x000108ac      0xc  InterfaceUsuario.o [1]
  .rodata             const    0x000108b8      0xc  MenuConfiguracaoSistema.o [1]
  .rodata             const    0x000108c4      0xc  MenuConfiguracaoSistema.o [1]
  .rodata             const    0x000108d0      0xc  MenuConfiguracaoSistema.o [1]
  .rodata             const    0x000108dc      0xc  MenuConfiguracaoSistema.o [1]
  .rodata             const    0x000108e8      0xc  MenuConfiguracaoSistema.o [1]
  .rodata             const    0x000108f4      0xc  MenuConfiguracaoSistema.o [1]
  .rodata             const    0x00010900      0xc  MenuConfiguracaoSistema.o [1]
  .rodata             const    0x0001090c      0xc  MenuConfiguracaoSistema.o [1]
  .rodata             const    0x00010918      0xc  MenuConfiguracaoSistema.o [1]
  .rodata             const    0x00010924      0xc  MenuConfiguracaoSistema.o [1]
  .rodata             const    0x00010930      0xc  MenuConfiguracaoSistema.o [1]
  .rodata             const    0x0001093c      0xc  MenuConfiguracaoSistema.o [1]
  .rodata             const    0x00010948      0xc  MenuConfiguracaoSistema.o [1]
  .rodata             const    0x00010954      0xc  MenuConfiguracaoSistema.o [1]
  .rodata             const    0x00010960      0xc  MenuConfiguracaoSistema.o [1]
  .rodata             const    0x0001096c      0xc  MenuConfiguracaoSistema.o [1]
  .rodata             const    0x00010978      0xc  MenuConfiguracaoSistema.o [1]
  .rodata             const    0x00010984      0xc  MenuConfiguracaoSistema.o [1]
  .rodata             const    0x00010990      0xc  MenuConfiguracaoSistema.o [1]
  .rodata             const    0x0001099c      0xc  MenuConfiguracaoSistema.o [1]
  .rodata             const    0x000109a8      0xc  MenuConfiguracaoSistema.o [1]
  .rodata             const    0x000109b4      0xc  MenuConfiguracaoSistema.o [1]
  .rodata             const    0x000109c0      0xc  MenuConfiguracaoSistema.o [1]
  .rodata             const    0x000109cc      0xc  MenuConfiguracaoSistema.o [1]
  .rodata             const    0x000109d8      0xc  MenuConfiguracaoSistema.o [1]
  .rodata             const    0x000109e4      0xc  MenuConfiguracaoSistema.o [1]
  .rodata             const    0x000109f0      0xc  MenuConfiguracaoSistema.o [1]
  .rodata             const    0x000109fc      0xc  MenuConfiguracaoSistema.o [1]
  .rodata             const    0x00010a08      0xc  MenuConfiguracaoSistema.o [1]
  .rodata             const    0x00010a14      0xc  MenuConfiguracaoSistema.o [1]
  .rodata             const    0x00010a20      0xc  MenuConfiguracaoSistema.o [1]
  .rodata             const    0x00010a2c      0xc  MenuConfiguracaoSistema.o [1]
  .rodata             const    0x00010a38      0xc  MonitorPagamentos.o [1]
  .rodata             const    0x00010a44      0xc  Parametros.o [1]
  .rodata             const    0x00010a50      0xc  RelatorioVendas.o [1]
  .rodata             const    0x00010a5c      0xc  RelatorioVendas.o [1]
  .rodata             const    0x00010a68      0xc  RelatorioVendas.o [1]
  .rodata             const    0x00010a74      0xc  RelatorioVendas.o [1]
  .text               ro code  0x00010a80      0xc  cstartup_M.o [5]
  .rodata             const    0x00010a8c      0x8  InterfacAjusteRelogio.o [1]
  .rodata             const    0x00010a94      0x8  InterfacAjusteRelogio.o [1]
  .rodata             const    0x00010a9c      0x8  InterfacAjusteRelogio.o [1]
  .rodata             const    0x00010aa4      0x8  InterfacAjusteRelogio.o [1]
  .rodata             const    0x00010aac      0x8  InterfaceUsuario.o [1]
  .rodata             const    0x00010ab4      0x8  InterfaceUsuario.o [1]
  .rodata             const    0x00010abc      0x8  InterfaceUsuario.o [1]
  .rodata             const    0x00010ac4      0x8  InterfaceUsuario.o [1]
  .rodata             const    0x00010acc      0x8  InterfaceUsuario.o [1]
  .rodata             const    0x00010ad4      0x8  InterfaceUsuario.o [1]
  .rodata             const    0x00010adc      0x8  InterfaceUsuario.o [1]
  .rodata             const    0x00010ae4      0x8  InterfaceUsuario.o [1]
  .rodata             const    0x00010aec      0x8  InterfaceUsuario.o [1]
  .rodata             const    0x00010af4      0x8  InterfaceUsuario.o [1]
  .rodata             const    0x00010afc      0x8  InterfaceUsuario.o [1]
  .rodata             const    0x00010b04      0x8  InterfaceUsuario.o [1]
  .rodata             const    0x00010b0c      0x8  MenuConfiguracaoSistema.o [1]
  .rodata             const    0x00010b14      0x8  MenuConfiguracaoSistema.o [1]
  .rodata             const    0x00010b1c      0x8  MenuConfiguracaoSistema.o [1]
  .rodata             const    0x00010b24      0x8  MenuConfiguracaoSistema.o [1]
  .rodata             const    0x00010b2c      0x8  MenuConfiguracaoSistema.o [1]
  .rodata             const    0x00010b34      0x8  MenuConfiguracaoSistema.o [1]
  .rodata             const    0x00010b3c      0x8  MenuConfiguracaoSistema.o [1]
  .rodata             const    0x00010b44      0x8  MenuConfiguracaoSistema.o [1]
  .rodata             const    0x00010b4c      0x8  MenuConfiguracaoSistema.o [1]
  .rodata             const    0x00010b54      0x8  MenuConfiguracaoSistema.o [1]
  .rodata             const    0x00010b5c      0x8  MenuConfiguracaoSistema.o [1]
  .rodata             const    0x00010b64      0x8  MenuConfiguracaoSistema.o [1]
  .rodata             const    0x00010b6c      0x8  MenuConfiguracaoSistema.o [1]
  .rodata             const    0x00010b74      0x8  MenuConfiguracaoSistema.o [1]
  .rodata             const    0x00010b7c      0x8  MenuConfiguracaoSistema.o [1]
  .rodata             const    0x00010b84      0x8  MenuConfiguracaoSistema.o [1]
  .rodata             const    0x00010b8c      0x8  MenuConfiguracaoSistema.o [1]
  .rodata             const    0x00010b94      0x8  MenuConfiguracaoSistema.o [1]
  .rodata             const    0x00010b9c      0x8  MenuConfiguracaoSistema.o [1]
  .rodata             const    0x00010ba4      0x8  MenuConfiguracaoSistema.o [1]
  .rodata             const    0x00010bac      0x8  MenuConfiguracaoSistema.o [1]
  .rodata             const    0x00010bb4      0x8  MenuConfiguracaoSistema.o [1]
  .rodata             const    0x00010bbc      0x8  MenuConfiguracaoSistema.o [1]
  .rodata             const    0x00010bc4      0x8  MenuConfiguracaoSistema.o [1]
  .rodata             const    0x00010bcc      0x8  MenuConfiguracaoSistema.o [1]
  .rodata             const    0x00010bd4      0x8  MenuConfiguracaoSistema.o [1]
  .rodata             const    0x00010bdc      0x8  MenuConfiguracaoSistema.o [1]
  .rodata             const    0x00010be4      0x8  MenuConfiguracaoSistema.o [1]
  .rodata             const    0x00010bec      0x8  MenuConfiguracaoSistema.o [1]
  .rodata             const    0x00010bf4      0x8  MonitorPagamentos.o [1]
  .rodata             const    0x00010bfc      0x8  main.o [1]
  .rodata             const    0x00010c04      0x8  main.o [1]
  .rodata             const    0x00010c0c      0x8  tasks.o [1]
  .rodata             const    0x00010c14      0x4  ControleMotor.o [1]
  .rodata             const    0x00010c18      0x4  ControleMotor.o [1]
  .rodata             const    0x00010c1c      0x4  ControleMotor.o [1]
  .rodata             const    0x00010c20      0x4  InterfacAjusteRelogio.o [1]
  .rodata             const    0x00010c24      0x4  MenuConfiguracaoSistema.o [1]
  .rodata             const    0x00010c28      0x4  MenuConfiguracaoSistema.o [1]
  .rodata             const    0x00010c2c      0x4  RelatorioVendas.o [1]
  .text               ro code  0x00010c30      0x4  cstartup_M.o [1]
  .text               ro code  0x00010c34      0x4  cstartup_M.o [1]
  .text               ro code  0x00010c38      0x4  cstartup_M.o [1]
  .text               ro code  0x00010c3c      0x4  cstartup_M.o [1]
  .text               ro code  0x00010c40      0x4  cstartup_M.o [1]
  .text               ro code  0x00010c44      0x4  cstartup_M.o [1]
  .text               ro code  0x00010c48      0x4  cstartup_M.o [1]
  .text               ro code  0x00010c4c      0x4  cstartup_M.o [1]
  .text               ro code  0x00010c50      0x4  cstartup_M.o [1]
  .text               ro code  0x00010c54      0x4  cstartup_M.o [1]
  .text               ro code  0x00010c58      0x4  cstartup_M.o [1]
  .text               ro code  0x00010c5c      0x4  cstartup_M.o [1]
  .text               ro code  0x00010c60      0x4  cstartup_M.o [1]
  .text               ro code  0x00010c64      0x4  cstartup_M.o [1]
  .text               ro code  0x00010c68      0x4  cstartup_M.o [1]
  .text               ro code  0x00010c6c      0x4  cstartup_M.o [1]
  .text               ro code  0x00010c70      0x4  cstartup_M.o [1]
  .text               ro code  0x00010c74      0x4  cstartup_M.o [1]
  .text               ro code  0x00010c78      0x4  cstartup_M.o [1]
  .text               ro code  0x00010c7c      0x4  cstartup_M.o [1]
  .text               ro code  0x00010c80      0x4  cstartup_M.o [1]
  .text               ro code  0x00010c84      0x4  cstartup_M.o [1]
  .text               ro code  0x00010c88      0x4  cstartup_M.o [1]
  .text               ro code  0x00010c8c      0x4  cstartup_M.o [1]
  .text               ro code  0x00010c90      0x4  cstartup_M.o [1]
  .text               ro code  0x00010c94      0x4  cstartup_M.o [1]
  .text               ro code  0x00010c98      0x4  cstartup_M.o [1]
  .text               ro code  0x00010c9c      0x4  cstartup_M.o [1]
  .text               ro code  0x00010ca0      0x4  cstartup_M.o [1]
  .text               ro code  0x00010ca4      0x4  cstartup_M.o [1]
  .text               ro code  0x00010ca8      0x4  cstartup_M.o [1]
  .text               ro code  0x00010cac      0x4  cstartup_M.o [1]
  .text               ro code  0x00010cb0      0x4  cstartup_M.o [1]
  .text               ro code  0x00010cb4      0x4  cstartup_M.o [1]
  .text               ro code  0x00010cb8      0x4  cstartup_M.o [1]
  .text               ro code  0x00010cbc      0x4  cstartup_M.o [1]
  .text               ro code  0x00010cc0      0x4  cstartup_M.o [1]
  .text               ro code  0x00010cc4      0x4  cstartup_M.o [1]
  .text               ro code  0x00010cc8      0x4  cstartup_M.o [1]
  .text               ro code  0x00010ccc      0x4  cstartup_M.o [1]
  .text               ro code  0x00010cd0      0x4  cstartup_M.o [1]
  .text               ro code  0x00010cd4      0x4  cstartup_M.o [1]
  Initializer bytes   ro data  0x00010cd8    0x39d  <for P2 s0>
                             - 0x00011075  0x10d75

"A2":                                       0x8000
  ConstSection1       const    0x00078000   0x8000  Assinatura.o [1]
                             - 0x00080000   0x8000

"P2", part 1 of 3:                           0x500
  P2 s0                        0x10000000    0x4fc  <Init block>
    .data             inited   0x10000000    0x200  cctalk.o [1]
    __DLIB_PERTHREAD  inited   0x10000200     0x8c  rand.o [3]
    .data             inited   0x1000028c     0x4c  MenuConfiguracaoSistema.o [1]
    .data             inited   0x100002d8     0x2c  MenuConfiguracaoSistema.o [1]
    .data             inited   0x10000304     0x2c  RelatorioVendas.o [1]
    .data             inited   0x10000330     0x28  MenuConfiguracaoSistema.o [1]
    .data             inited   0x10000358     0x28  RelatorioVendas.o [1]
    .data             inited   0x10000380     0x24  MenuConfiguracaoSistema.o [1]
    .data             inited   0x100003a4     0x20  MenuConfiguracaoSistema.o [1]
    .data             inited   0x100003c4     0x20  MenuConfiguracaoSistema.o [1]
    .data             inited   0x100003e4     0x1c  MenuConfiguracaoSistema.o [1]
    .data             inited   0x10000400     0x1c  MenuConfiguracaoSistema.o [1]
    .data             inited   0x1000041c     0x18  InterfacAjusteRelogio.o [1]
    .data             inited   0x10000434     0x18  MenuConfiguracaoSistema.o [1]
    .data             inited   0x1000044c     0x18  RelatorioVendas.o [1]
    .data             inited   0x10000464     0x14  MenuConfiguracaoSistema.o [1]
    .data             inited   0x10000478     0x10  MenuConfiguracaoSistema.o [1]
    .data             inited   0x10000488     0x10  MenuConfiguracaoSistema.o [1]
    .data             inited   0x10000498      0xc  RelatorioVendas.o [1]
    .data             inited   0x100004a4      0x8  RelatorioVendas.o [1]
    .data             inited   0x100004ac      0x8  RelatorioVendas.o [1]
    .data             inited   0x100004b4      0x8  RelatorioVendas.o [1]
    .data             inited   0x100004bc      0x8  RelatorioVendas.o [1]
    .data             inited   0x100004c4      0x8  RelatorioVendas.o [1]
    .data             inited   0x100004cc      0x8  RelatorioVendas.o [1]
    .data             inited   0x100004d4      0x4  InterfaceUsuario.o [1]
    .data             inited   0x100004d8      0x4  InterfaceUsuario.o [1]
    .data             inited   0x100004dc      0x4  InterfaceUsuario.o [1]
    .data             inited   0x100004e0      0x4  PlayerWave.o [1]
    .data             inited   0x100004e4      0x4  port.o [1]
    .data             inited   0x100004e8      0x2  ControleMotor.o [1]
    .data             inited   0x100004ea      0x2  ControleMotor.o [1]
    .data             inited   0x100004ec      0x2  ControleMotor.o [1]
    .data             inited   0x100004ee      0x2  InterfaceUsuario.o [1]
    .data             inited   0x100004f0      0x2  Teclado.o [1]
    .data             inited   0x100004f2      0x2  Teclado.o [1]
    .data             inited   0x100004f4      0x2  board.o [1]
    .data             inited   0x100004f6      0x1  AmostraAnalogica.o [1]
    .data             inited   0x100004f7      0x1  AnimacaoLeds.o [1]
    .data             inited   0x100004f8      0x1  AnimacaoLeds.o [1]
    .data             inited   0x100004f9      0x1  ControleAmostraGratis.o [1]
    .data             inited   0x100004fa      0x1  MonitorPagamentos.o [1]
    .data             inited   0x100004fb      0x1  board.o [1]
                             - 0x100004fc    0x4fc

"P2", part 2 of 3:                          0x6700
  .bss                zero     0x10000500   0x5000  heap_1.o [1]
  .bss                zero     0x10005500   0x1000  memoryWrapper.o [1]
  .bss                zero     0x10006500    0x100  Protocolo.o [1]
  .bss                zero     0x10006600    0x100  Protocolo.o [1]
  .bss                zero     0x10006700    0x100  Protocolo.o [1]
  .bss                zero     0x10006800     0x80  TELET.o [1]
  .bss                zero     0x10006880     0x80  TELET.o [1]
  .bss                zero     0x10006900     0x64  tasks.o [1]
  .bss                zero     0x10006964     0x40  Assinatura.o [1]
  .bss                zero     0x100069a4     0x40  cctalk.o [1]
  .bss                zero     0x100069e4     0x40  cctalk.o [1]
  .bss                zero     0x10006a24     0x34  AmostraAnalogica.o [1]
  .bss                zero     0x10006a58     0x20  AmostraAnalogica.o [1]
  .bss                zero     0x10006a78     0x14  Assinatura.o [1]
  .bss                zero     0x10006a8c     0x14  Assinatura.o [1]
  .bss                zero     0x10006aa0     0x14  tasks.o [1]
  .bss                zero     0x10006ab4     0x14  tasks.o [1]
  .bss                zero     0x10006ac8     0x14  tasks.o [1]
  .bss                zero     0x10006adc     0x14  tasks.o [1]
  .bss                zero     0x10006af0     0x14  tasks.o [1]
  .bss                zero     0x10006b04      0x8  ControleMotor.o [1]
  .bss                zero     0x10006b0c      0x8  Teclado.o [1]
  .bss                zero     0x10006b14      0x4  AmostraAnalogica.o [1]
  .bss                zero     0x10006b18      0x4  AmostraAnalogica.o [1]
  .bss                zero     0x10006b1c      0x4  Assinatura.o [1]
  .bss                zero     0x10006b20      0x4  ControleAmostraGratis.o [1]
  .bss                zero     0x10006b24      0x4  ControleMotor.o [1]
  .bss                zero     0x10006b28      0x4  ControleMotor.o [1]
  .bss                zero     0x10006b2c      0x4  ControleMotor.o [1]
  .bss                zero     0x10006b30      0x4  ControleMotor.o [1]
  .bss                zero     0x10006b34      0x4  ControleMotor.o [1]
  .bss                zero     0x10006b38      0x4  InterfaceUsuario.o [1]
  .bss                zero     0x10006b3c      0x4  InterfaceUsuario.o [1]
  .bss                zero     0x10006b40      0x4  InterfaceUsuario.o [1]
  .bss                zero     0x10006b44      0x4  InterfaceUsuario.o [1]
  .bss                zero     0x10006b48      0x4  MenuConfiguracaoSistema.o [1]
  .bss                zero     0x10006b4c      0x4  MonitorPagamentos.o [1]
  .bss                zero     0x10006b50      0x4  MonitorPagamentos.o [1]
  .bss                zero     0x10006b54      0x4  MonitorPagamentos.o [1]
  .bss                zero     0x10006b58      0x4  MonitorPagamentos.o [1]
  .bss                zero     0x10006b5c      0x4  MonitorPagamentos.o [1]
  .bss                zero     0x10006b60      0x4  MonitorPagamentos.o [1]
  .bss                zero     0x10006b64      0x4  PIDtemperatura.o [1]
  .bss                zero     0x10006b68      0x4  PIDtemperatura.o [1]
  .bss                zero     0x10006b6c      0x4  PlayerWave.o [1]
  .bss                zero     0x10006b70      0x4  Teclado.o [1]
  .bss                zero     0x10006b74      0x4  board.o [1]
  .bss                zero     0x10006b78      0x4  heap_1.o [1]
  .bss                zero     0x10006b7c      0x4  memoryWrapper.o [1]
  .bss                zero     0x10006b80      0x4  tasks.o [1]
  .bss                zero     0x10006b84      0x4  tasks.o [1]
  .bss                zero     0x10006b88      0x4  tasks.o [1]
  .bss                zero     0x10006b8c      0x4  tasks.o [1]
  .bss                zero     0x10006b90      0x4  tasks.o [1]
  .bss                zero     0x10006b94      0x4  tasks.o [1]
  .bss                zero     0x10006b98      0x4  tasks.o [1]
  .bss                zero     0x10006b9c      0x4  tasks.o [1]
  .bss                zero     0x10006ba0      0x4  tasks.o [1]
  .bss                zero     0x10006ba4      0x4  tasks.o [1]
  .bss                zero     0x10006ba8      0x4  tasks.o [1]
  .bss                zero     0x10006bac      0x4  tasks.o [1]
  .bss                zero     0x10006bb0      0x4  tasks.o [1]
  .bss                zero     0x10006bb4      0x4  tasks.o [1]
  .bss                zero     0x10006bb8      0x2  Assinatura.o [1]
  .bss                zero     0x10006bba      0x2  ControleMotor.o [1]
  .bss                zero     0x10006bbc      0x2  ControleMotor.o [1]
  .bss                zero     0x10006bbe      0x2  ControleMotor.o [1]
  .bss                zero     0x10006bc0      0x2  ControleMotor.o [1]
  .bss                zero     0x10006bc2      0x2  InterfaceUsuario.o [1]
  .bss                zero     0x10006bc4      0x2  MonitorPagamentos.o [1]
  .bss                zero     0x10006bc6      0x2  MonitorPagamentos.o [1]
  .bss                zero     0x10006bc8      0x2  MonitorPagamentos.o [1]
  .bss                zero     0x10006bca      0x2  MonitorPagamentos.o [1]
  .bss                zero     0x10006bcc      0x2  PlayerWave.o [1]
  .bss                zero     0x10006bce      0x2  PlayerWave.o [1]
  .bss                zero     0x10006bd0      0x2  TELET.o [1]
  .bss                zero     0x10006bd2      0x1  AmostraAnalogica.o [1]
  .bss                zero     0x10006bd3      0x1  AmostraAnalogica.o [1]
  .bss                zero     0x10006bd4      0x1  AmostraAnalogica.o [1]
  .bss                zero     0x10006bd5      0x1  AnimacaoLeds.o [1]
  .bss                zero     0x10006bd6      0x1  AnimacaoLeds.o [1]
  .bss                zero     0x10006bd7      0x1  AnimacaoLeds.o [1]
  .bss                zero     0x10006bd8      0x1  AnimacaoLeds.o [1]
  .bss                zero     0x10006bd9      0x1  ControleAmostraGratis.o [1]
  .bss                zero     0x10006bda      0x1  ControleMotor.o [1]
  .bss                zero     0x10006bdb      0x1  ControleMotor.o [1]
  .bss                zero     0x10006bdc      0x1  ControleMotor.o [1]
  .bss                zero     0x10006bdd      0x1  InterfaceUsuario.o [1]
  .bss                zero     0x10006bde      0x1  InterfaceUsuario.o [1]
  .bss                zero     0x10006bdf      0x1  InterfaceUsuario.o [1]
  .bss                zero     0x10006be0      0x1  InterfaceUsuario.o [1]
  .bss                zero     0x10006be1      0x1  InterfaceUsuario.o [1]
  .bss                zero     0x10006be2      0x1  InterfaceUsuario.o [1]
  .bss                zero     0x10006be3      0x1  InterfaceUsuario.o [1]
  .bss                zero     0x10006be4      0x1  InterfaceUsuario.o [1]
  .bss                zero     0x10006be5      0x1  InterfaceUsuario.o [1]
  .bss                zero     0x10006be6      0x1  InterfaceUsuario.o [1]
  .bss                zero     0x10006be7      0x1  MonitorPagamentos.o [1]
  .bss                zero     0x10006be8      0x1  MonitorPagamentos.o [1]
  .bss                zero     0x10006be9      0x1  MonitorPagamentos.o [1]
  .bss                zero     0x10006bea      0x1  Protocolo.o [1]
  .bss                zero     0x10006beb      0x1  Protocolo.o [1]
  .bss                zero     0x10006bec      0x1  Protocolo.o [1]
  .bss                zero     0x10006bed      0x1  Protocolo.o [1]
  .bss                zero     0x10006bee      0x1  Protocolo.o [1]
  .bss                zero     0x10006bef      0x1  TELET.o [1]
  .bss                zero     0x10006bf0      0x1  TELET.o [1]
  .bss                zero     0x10006bf1      0x1  TELET.o [1]
  .bss                zero     0x10006bf2      0x1  Teclado.o [1]
  .bss                zero     0x10006bf3      0x1  Teclado.o [1]
  .bss                zero     0x10006bf4      0x1  WH1602.o [1]
  .bss                zero     0x10006bf5      0x1  WH1602_2.o [1]
  .bss                zero     0x10006bf6      0x1  board.o [1]
  .bss                zero     0x10006bf7      0x1  cctalk.o [1]
  .bss                zero     0x10006bf8      0x1  cctalk.o [1]
  .bss                zero     0x10006bf9      0x1  cctalk.o [1]
  .bss                zero     0x10006bfa      0x1  spi_wrapper.o [1]
                             - 0x10006bfb   0x66fb

"P2", part 3 of 3:                           0x300
  CSTACK                       0x10006c00    0x300  <Block>
    CSTACK            uninit   0x10006c00    0x300  <Block tail>
                             - 0x10006f00    0x300

Absolute sections, part 1 of 47:               0x4
  .noinit             uninit   0x2009c000      0x4  spi_wrapper.o [1]
                             - 0x2009c004      0x4

Absolute sections, part 2 of 47:               0xc
  .noinit             uninit   0x2009c018      0x4  uart.o [1]
  .noinit             uninit   0x2009c01c      0x4  uart.o [1]
  .noinit             uninit   0x2009c020      0x4  board.o [1]
                             - 0x2009c024      0xc

Absolute sections, part 3 of 47:              0x10
  .noinit             uninit   0x2009c034      0x4  Teclado.o [1]
  .noinit             uninit   0x2009c038      0x4  board.o [1]
  .noinit             uninit   0x2009c03c      0x4  board.o [1]
  .noinit             uninit   0x2009c040      0x4  WH1602_2.o [1]
                             - 0x2009c044     0x10

Absolute sections, part 4 of 47:               0xc
  .noinit             uninit   0x2009c058      0x4  WH1602_2.o [1]
  .noinit             uninit   0x2009c05c      0x4  WH1602_2.o [1]
  .noinit             uninit   0x2009c060      0x4  PlayerWave.o [1]
                             - 0x2009c064      0xc

Absolute sections, part 5 of 47:               0x8
  .noinit             uninit   0x2009c078      0x4  PlayerWave.o [1]
  .noinit             uninit   0x2009c07c      0x4  PlayerWave.o [1]
                             - 0x2009c080      0x8

Absolute sections, part 6 of 47:               0x4
  .noinit             uninit   0x40000008      0x4  Protocolo.o [1]
                             - 0x4000000c      0x4

Absolute sections, part 7 of 47:              0x10
  .noinit             uninit   0x40004000      0x4  PlayerWave.o [1]
  .noinit             uninit   0x40004004      0x4  PlayerWave.o [1]
  .noinit             uninit   0x40004008      0x4  PlayerWave.o [1]
  .noinit             uninit   0x4000400c      0x4  PlayerWave.o [1]
                             - 0x40004010     0x10

Absolute sections, part 8 of 47:               0x8
  .noinit             uninit   0x40004014      0x4  PlayerWave.o [1]
  .noinit             uninit   0x40004018      0x4  PlayerWave.o [1]
                             - 0x4000401c      0x8

Absolute sections, part 9 of 47:               0x4
  .noinit             uninit   0x4000403c      0x4  PlayerWave.o [1]
                             - 0x40004040      0x4

Absolute sections, part 10 of 47:              0x4
  .noinit             uninit   0x40004070      0x4  PlayerWave.o [1]
                             - 0x40004074      0x4

Absolute sections, part 11 of 47:              0x8
  .noinit             uninit   0x40008000      0x4  ControleMotor.o [1]
  .noinit             uninit   0x40008004      0x4  ControleMotor.o [1]
                             - 0x40008008      0x8

Absolute sections, part 12 of 47:              0x4
  .noinit             uninit   0x4000800c      0x4  ControleMotor.o [1]
                             - 0x40008010      0x4

Absolute sections, part 13 of 47:              0x4
  .noinit             uninit   0x40008028      0x4  ControleMotor.o [1]
                             - 0x4000802c      0x4

Absolute sections, part 14 of 47:              0x4
  .noinit             uninit   0x40008030      0x4  ControleMotor.o [1]
                             - 0x40008034      0x4

Absolute sections, part 15 of 47:              0x4
  .noinit             uninit   0x40008070      0x4  ControleMotor.o [1]
                             - 0x40008074      0x4

Absolute sections, part 16 of 47:              0x1
  .noinit             uninit   0x4000c000      0x1  uart.o [1]
                             - 0x4000c001      0x1

Absolute sections, part 17 of 47:              0x9
  .noinit             uninit   0x4000c004      0x4  uart.o [1]
  .noinit             uninit   0x4000c008      0x4  uart.o [1]
  .noinit             uninit   0x4000c00c      0x1  uart.o [1]
                             - 0x4000c00d      0x9

Absolute sections, part 18 of 47:              0x1
  .noinit             uninit   0x4000c014      0x1  cctalk.o [1]
                             - 0x4000c015      0x1

Absolute sections, part 19 of 47:              0x1
  .noinit             uninit   0x40010000      0x1  uart.o [1]
                             - 0x40010001      0x1

Absolute sections, part 20 of 47:              0x9
  .noinit             uninit   0x40010004      0x4  uart.o [1]
  .noinit             uninit   0x40010008      0x4  uart.o [1]
  .noinit             uninit   0x4001000c      0x1  uart.o [1]
                             - 0x4001000d      0x9

Absolute sections, part 21 of 47:              0x1
  .noinit             uninit   0x40010014      0x1  uart.o [1]
                             - 0x40010015      0x1

Absolute sections, part 22 of 47:              0x4
  .noinit             uninit   0x40024008      0x4  RTC.o [1]
                             - 0x4002400c      0x4

Absolute sections, part 23 of 47:             0x10
  .noinit             uninit   0x40024020      0x4  RTC.o [1]
  .noinit             uninit   0x40024024      0x4  RTC.o [1]
  .noinit             uninit   0x40024028      0x4  RTC.o [1]
  .noinit             uninit   0x4002402c      0x4  RTC.o [1]
                             - 0x40024030     0x10

Absolute sections, part 24 of 47:              0x8
  .noinit             uninit   0x40024038      0x4  RTC.o [1]
  .noinit             uninit   0x4002403c      0x4  RTC.o [1]
                             - 0x40024040      0x8

Absolute sections, part 25 of 47:              0x4
  .noinit             uninit   0x40028084      0x4  MonitorPagamentos.o [1]
                             - 0x40028088      0x4

Absolute sections, part 26 of 47:              0x8
  .noinit             uninit   0x4002808c      0x4  MonitorPagamentos.o [1]
  .noinit             uninit   0x40028090      0x4  MonitorPagamentos.o [1]
                             - 0x40028094      0x8

Absolute sections, part 27 of 47:              0x8
  .noinit             uninit   0x4002c000      0x4  uart.o [1]
  .noinit             uninit   0x4002c004      0x4  spi_wrapper.o [1]
                             - 0x4002c008      0x8

Absolute sections, part 28 of 47:              0x8
  .noinit             uninit   0x4002c00c      0x4  ControleMotor.o [1]
  .noinit             uninit   0x4002c010      0x4  uart.o [1]
                             - 0x4002c014      0x8

Absolute sections, part 29 of 47:              0x8
  .noinit             uninit   0x40034000      0x4  AmostraAnalogica.o [1]
  .noinit             uninit   0x40034004      0x4  AmostraAnalogica.o [1]
                             - 0x40034008      0x8

Absolute sections, part 30 of 47:             0x14
  .noinit             uninit   0x40088000      0x4  spi_wrapper.o [1]
  .noinit             uninit   0x40088004      0x4  spi_wrapper.o [1]
  .noinit             uninit   0x40088008      0x4  spi_wrapper.o [1]
  .noinit             uninit   0x4008800c      0x4  spi_wrapper.o [1]
  .noinit             uninit   0x40088010      0x4  spi_wrapper.o [1]
                             - 0x40088014     0x14

Absolute sections, part 31 of 47:              0x4
  .noinit             uninit   0x4008c000      0x4  PlayerWave.o [1]
                             - 0x4008c004      0x4

Absolute sections, part 32 of 47:             0x10
  .noinit             uninit   0x40090000      0x4  ControleMotor.o [1]
  .noinit             uninit   0x40090004      0x4  ControleMotor.o [1]
  .noinit             uninit   0x40090008      0x4  ControleMotor.o [1]
  .noinit             uninit   0x4009000c      0x4  ControleMotor.o [1]
                             - 0x40090010     0x10

Absolute sections, part 33 of 47:              0xc
  .noinit             uninit   0x40090014      0x4  ControleMotor.o [1]
  .noinit             uninit   0x40090018      0x4  ControleMotor.o [1]
  .noinit             uninit   0x4009001c      0x4  ControleMotor.o [1]
                             - 0x40090020      0xc

Absolute sections, part 34 of 47:              0x4
  .noinit             uninit   0x4009003c      0x4  ControleMotor.o [1]
                             - 0x40090040      0x4

Absolute sections, part 35 of 47:              0x4
  .noinit             uninit   0x40090070      0x4  ControleMotor.o [1]
                             - 0x40090074      0x4

Absolute sections, part 36 of 47:              0x1
  .noinit             uninit   0x40098000      0x1  uart.o [1]
                             - 0x40098001      0x1

Absolute sections, part 37 of 47:              0x9
  .noinit             uninit   0x40098004      0x4  uart.o [1]
  .noinit             uninit   0x40098008      0x4  uart.o [1]
  .noinit             uninit   0x4009800c      0x1  uart.o [1]
                             - 0x4009800d      0x9

Absolute sections, part 38 of 47:              0x1
  .noinit             uninit   0x4009c000      0x1  uart.o [1]
                             - 0x4009c001      0x1

Absolute sections, part 39 of 47:              0x9
  .noinit             uninit   0x4009c004      0x4  uart.o [1]
  .noinit             uninit   0x4009c008      0x4  uart.o [1]
  .noinit             uninit   0x4009c00c      0x1  uart.o [1]
                             - 0x4009c00d      0x9

Absolute sections, part 40 of 47:              0x1
  .noinit             uninit   0x4009c014      0x1  uart.o [1]
                             - 0x4009c015      0x1

Absolute sections, part 41 of 47:              0x4
  .noinit             uninit   0x400fc0c4      0x4  uart.o [1]
                             - 0x400fc0c8      0x4

Absolute sections, part 42 of 47:              0x4
  .noinit             uninit   0x400fc140      0x4  ControleMotor.o [1]
                             - 0x400fc144      0x4

Absolute sections, part 43 of 47:              0x8
  .noinit             uninit   0x400fc148      0x4  ControleMotor.o [1]
  .noinit             uninit   0x400fc14c      0x4  ControleMotor.o [1]
                             - 0x400fc150      0x8

Absolute sections, part 44 of 47:              0x8
  .noinit             uninit   0x400fc1a8      0x4  uart.o [1]
  .noinit             uninit   0x400fc1ac      0x4  uart.o [1]
                             - 0x400fc1b0      0x8

Absolute sections, part 45 of 47:              0x4
  .noinit             uninit   0xe000e100      0x4  uart.o [1]
                             - 0xe000e104      0x4

Absolute sections, part 46 of 47:              0x4
  .noinit             uninit   0xe000e280      0x4  uart.o [1]
                             - 0xe000e284      0x4

Absolute sections, part 47 of 47:              0xc
  .noinit             uninit   0xe000e400      0x4  PlayerWave.o [1]
  .noinit             uninit   0xe000e404      0x4  uart.o [1]
  .noinit             uninit   0xe000e408      0x4  uart.o [1]
                             - 0xe000e40c      0xc


*******************************************************************************
*** INIT TABLE
***

          Address     Size
          -------     ----
Zero (__iar_zero_init3)
    1 destination range, total size 0x66fb:
          0x10000500  0x66fb

Copy/lz77 (__iar_lz77_init3)
    1 source range, total size 0x39d (72% of destination):
          0x00010cd8   0x39d
    1 destination range, total size 0x4fc:
          0x10000000   0x4fc



*******************************************************************************
*** MODULE SUMMARY
***

    Module                     ro code  ro data  rw data  rw data
                                                           (abs)
    ------                     -------  -------  -------  -------
C:\Users\Usuario\GitHub\maispipoca_g1\SOFTWARE\FIRMWARE\Debug\Obj: [1]
    74595.o                      1 792
    AmostraAnalogica.o             728      721       96        8
    AnimacaoLeds.o               1 236        1        6
    Assinatura.o                 1 320   32 904      110
    ControleAmostraGratis.o        172        1        6
    ControleEmbalagem.o            188
    ControleMotor.o              1 786       16       45       76
    DosadorMilho.o                 172
    Impressora.o                   126
    InterfacAjusteRelogio.o      1 176      126       24
    InterfaceUsuario.o           4 612      930       42
    MenuConfiguracaoSistema.o   15 460    5 012      396
    MonitorPagamentos.o          2 508       37       36       12
    PIDtemperatura.o               108                 8
    Parametros.o                 5 356       96
    PipocaTeste.o                   64
    PlayerWave.o                   628        3       12       52
    Protocolo.o                  2 180               773        4
    RTC.o                          156                         28
    RelatorioVendas.o            1 320      788      168
    TELET.o                      1 560               261
    Teclado.o                      652        3       18        4
    WATCHDOG.o                       2
    WH1602.o                       652                 1
    WH1602_2.o                     628                 1       12
    board.o                        336        2        8       12
    cctalk.o                       916      371      643        1
    cstartup_M.o                   364
    heap_1.o                        92            20 484
    list.o                         164
    main.o                         498       16
    memoryWrapper.o                426             4 100
    port.o                         316        3        4
    portasm.o                      140
    queue.o                        962
    spi_wrapper.o                  384                 1       28
    sst25vf016b.o                  680
    tasks.o                      2 110       28      256
    uart.o                         696                         86
    -------------------------------------------------------------
    Total:                      52 666   41 058   27 499      323

command line: [2]
    -------------------------------------------------------------
    Total:

dl7M_tln.a: [3]
    abort.o                          6
    div.o                           14
    exit.o                           4
    low_level_init.o                 4
    rand.o                         224      101      140
    sprintf.o                       52
    srand.o                         32
    xprintffull.o                3 318
    xsprout.o                       10
    xtls.o                           2
    -------------------------------------------------------------
    Total:                       3 666      101      140

m7M_tl.a: [4]
    DblAdd.o                       232
    DblCmpGe.o                      46
    DblCmpLe.o                      46
    DblDiv.o                       582
    DblMul.o                       418
    DblSub.o                       384
    DblToFlt.o                     144
    DblToI32.o                      88
    FltAdd.o                       132
    FltCmpEq.o                      28
    FltCmpGe.o                      36
    FltCmpLe.o                      36
    FltSub.o                       230
    FltToDbl.o                      78
    FltToU32.o                      36
    I32ToDbl.o                      48
    I32ToFlt.o                      30
    xdnorm.o                        66
    xdscale.o                      268
    -------------------------------------------------------------
    Total:                       2 928

rt7M_tl.a: [5]
    ABImemclr4.o                     6
    ABImemcpy.o                    118
    ABImemset.o                    102
    ABImemset48.o                   50
    I64DivMod.o                    238
    I64DivZer.o                      2
    cexit.o                         10
    cmain.o                         22
    cstartup_M.o                    12
    data_init.o                     40
    lz77_init.o                    420
    memchr.o                        88
    memcmp.o                        98
    strchr.o                        22
    strlen.o                        54
    strncpy.o                      108
    zero_init3.o                    34
    -------------------------------------------------------------
    Total:                       1 424

shb_l.a: [6]
    exit.o                          20
    -------------------------------------------------------------
    Total:                          20

    Gaps                            36        2
    Linker created                           44      768
-----------------------------------------------------------------
    Grand Total:                60 740   41 205   28 407      323


*******************************************************************************
*** ENTRY LIST
***

Entry                      Address    Size  Type      Object
-----                      -------    ----  ----      ------
?main                   0x0000f855          Code  Gb  cmain.o [5]
AA_amostragemAnalogica  0x0000b905   0x148  Code  Gb  AmostraAnalogica.o [1]
AA_amostragemAnalogica::canal
                        0x10006bd3     0x1  Data  Gb  AmostraAnalogica.o [1]
AA_amostragemAnalogica::derivada
                        0x10006b18     0x4  Data  Gb  AmostraAnalogica.o [1]
AA_amostragemAnalogica::indice
                        0x10006bd2     0x1  Data  Gb  AmostraAnalogica.o [1]
AA_amostragemAnalogica::indicePapel
                        0x10006bd4     0x1  Data  Gb  AmostraAnalogica.o [1]
AA_amostragemAnalogica::timeOut
                        0x100004f6     0x1  Data  Gb  AmostraAnalogica.o [1]
AA_amostragemAnalogica::ultimaAmostra
                        0x10006b14     0x4  Data  Gb  AmostraAnalogica.o [1]
AA_bufferEntradasAnalogicas
                        0x10006a24    0x34  Data  Gb  AmostraAnalogica.o [1]
AA_bufferSensorPapel    0x10006a58    0x20  Data  Gb  AmostraAnalogica.o [1]
AA_calculaResistorInteiro
                        0x0000696f    0x2e  Code  Gb  AmostraAnalogica.o [1]
AA_calculaTemperatura   0x0000699d    0x6a  Code  Gb  AmostraAnalogica.o [1]
AA_calculaTemperaturaInteira
                        0x00006a07     0x8  Code  Gb  AmostraAnalogica.o [1]
AA_ini                  0x000068d1    0x78  Code  Gb  AmostraAnalogica.o [1]
AA_mediaMovel           0x00006951    0x1e  Code  Gb  AmostraAnalogica.o [1]
AA_mediaMovelPapel      0x00006a21    0x1e  Code  Gb  AmostraAnalogica.o [1]
AA_verificaConexaoTermistor
                        0x00006a0f    0x12  Code  Gb  AmostraAnalogica.o [1]
ADC_IRQHandler          0x00010cad          Code  Wk  cstartup_M.o [1]
AL_bloqueioTrilogy      0x00007fe5    0x16  Code  Gb  AnimacaoLeds.o [1]
AL_estado               0x100004f8     0x1  Data  Gb  AnimacaoLeds.o [1]
AL_mascaraLeds          0x10006bd5     0x1  Data  Gb  AnimacaoLeds.o [1]
AL_saidaAuxiliar        0x100004f7     0x1  Data  Gb  AnimacaoLeds.o [1]
AL_setterEstado         0x00007e99     0x6  Code  Gb  AnimacaoLeds.o [1]
AL_setterLeds           0x00007e9f   0x146  Code  Gb  AnimacaoLeds.o [1]
AL_tick                 0x00007b41   0x358  Code  Gb  AnimacaoLeds.o [1]
ASSINATURA_bufferDecode
                        0x10006964    0x40  Data  Gb  Assinatura.o [1]
ASSINATURA_contraSenhaLocal
                        0x10006bb8     0x2  Data  Gb  Assinatura.o [1]
ASSINATURA_decodifica   0x0000e755   0x32a  Code  Gb  Assinatura.o [1]
ASSINATURA_gravaAssinatura
                        0x0000ea7f   0x1da  Code  Gb  Assinatura.o [1]
BOARD_ini               0x0000cf5d    0x30  Code  Gb  board.o [1]
BOARD_tempoPiscadas     0x10006b74     0x4  Data  Gb  board.o [1]
BOARD_timerHook         0x0000cf8d    0x92  Code  Gb  board.o [1]
BOARD_umSegundo         0x0000d01f    0x5e  Code  Gb  board.o [1]
BOD_IRQHandler          0x00010cb1          Code  Wk  cstartup_M.o [1]
BusFault_Handler        0x00010c3d          Code  Wk  cstartup_M.o [1]
CAN_IRQHandler          0x00010cb9          Code  Wk  cstartup_M.o [1]
CA_getTempo             0x0000630b     0x6  Code  Gb  ControleAmostraGratis.o [1]
CA_ini                  0x000062fd     0xe  Code  Gb  ControleAmostraGratis.o [1]
CA_setTempoAmostras     0x00006311     0xe  Code  Gb  ControleAmostraGratis.o [1]
CA_setterLedGratis      0x0000636f    0x22  Code  Gb  ControleAmostraGratis.o [1]
CA_tempoAmostras        0x10006b20     0x4  Data  Gb  ControleAmostraGratis.o [1]
CA_tickTimer            0x0000631f    0x50  Code  Gb  ControleAmostraGratis.o [1]
CCTALK_bufferRxd        0x100069e4    0x40  Data  Gb  cctalk.o [1]
CCTALK_bufferTxd        0x100069a4    0x40  Data  Gb  cctalk.o [1]
CCTALK_bytesEnviados    0x10006bf8     0x1  Data  Gb  cctalk.o [1]
CCTALK_bytesParaEnviar  0x10006bf7     0x1  Data  Gb  cctalk.o [1]
CCTALK_calculaCRC       0x0000a5c7    0x36  Code  Gb  cctalk.o [1]
CCTALK_enviaPacote      0x0000a6a1   0x16c  Code  Gb  cctalk.o [1]
CCTALK_enviaPacoteSerial
                        0x0000a681    0x1e  Code  Gb  cctalk.o [1]
CCTALK_ini              0x0000a5b1    0x16  Code  Gb  cctalk.o [1]
CCTALK_irqUart          0x0000a5fd    0x84  Code  Gb  cctalk.o [1]
CCTALK_leFilaEventos    0x0000a80d    0x64  Code  Gb  cctalk.o [1]
CCTALK_recebidos        0x10006bf9     0x1  Data  Gb  cctalk.o [1]
CCTALK_rotacionaValidador
                        0x0000a871    0x34  Code  Gb  cctalk.o [1]
CCTALK_setBitsHabilitacaoCanal
                        0x0000a8a5    0x40  Code  Gb  cctalk.o [1]
CCTALK_setFlagHabilitacaoGeral
                        0x0000a8e5    0x36  Code  Gb  cctalk.o [1]
CCTALK_tick             0x0000a69f     0x2  Code  Gb  cctalk.o [1]
CE_empurraEmbalagem     0x00006abb    0x68  Code  Gb  ControleEmbalagem.o [1]
CE_ini                  0x00006aad     0xe  Code  Gb  ControleEmbalagem.o [1]
CE_sensorEmbalagem      0x00006b23    0x18  Code  Gb  ControleEmbalagem.o [1]
CE_setterMotor          0x00006b3b    0x22  Code  Gb  ControleEmbalagem.o [1]
CM_bufferRotacao        0x10006b04     0x8  Data  Gb  ControleMotor.o [1]
CM_calcula_derivada_erro
                        0x0000e71d    0x34  Code  Gb  ControleMotor.o [1]
CM_calcula_derivada_erro::ultimo_erro
[...]
TMR3_IRQHandler         0x00010c65          Code  Wk  cstartup_M.o [1]
TituloAssinatura        0x10000304    0x2c  Data  Gb  RelatorioVendas.o [1]
TituloCartao            0x100004cc     0x8  Data  Gb  RelatorioVendas.o [1]
TituloHoraData          0x10000498     0xc  Data  Gb  RelatorioVendas.o [1]
TituloIdentificao       0x100004c4     0x8  Data  Gb  RelatorioVendas.o [1]
TituloTotalTeste        0x100004bc     0x8  Data  Gb  RelatorioVendas.o [1]
TitulocomissaoPonto     0x100004b4     0x8  Data  Gb  RelatorioVendas.o [1]
TitulocontadorDinheiroVendas
                        0x100004ac     0x8  Data  Gb  RelatorioVendas.o [1]
TitulocontadorVendas    0x100004a4     0x8  Data  Gb  RelatorioVendas.o [1]
U0RBRTHR                0x4000c000     0x1  Data  Gb  uart.o [1]
U1RBRTHR                0x40010000     0x1  Data  Gb  uart.o [1]
U2RBRTHR                0x40098000     0x1  Data  Gb  uart.o [1]
U3RBRTHR                0x4009c000     0x1  Data  Gb  uart.o [1]
UART0_IRQHandler        0x00010c69          Code  Wk  cstartup_M.o [1]
UART1_IRQHandler        0x00010c6d          Code  Wk  cstartup_M.o [1]
UART2_IRQHandler        0x00010c71          Code  Wk  cstartup_M.o [1]
UART3_IRQHandler        0x00010c75          Code  Wk  cstartup_M.o [1]
UART_init               0x0000c9fd   0x252  Code  Gb  uart.o [1]
USB_IRQHandler          0x00010cb5          Code  Wk  cstartup_M.o [1]
UsageFault_Handler      0x00010c41          Code  Wk  cstartup_M.o [1]
WATCHDOG_init           0x0000e753     0x2  Code  Gb  WATCHDOG.o [1]
WDT_IRQHandler          0x00010c55          Code  Wk  cstartup_M.o [1]
_A_AD0CR                0x40034000     0x4  Data  Gb  AmostraAnalogica.o [1]
_A_AD0GDR               0x40034004     0x4  Data  Gb  AmostraAnalogica.o [1]
_A_CLRPEND0             0xe000e280     0x4  Data  Gb  uart.o [1]
_A_DACR                 0x4008c000     0x4  Data  Gb  PlayerWave.o [1]
_A_EXTINT               0x400fc140     0x4  Data  Gb  ControleMotor.o [1]
_A_EXTMODE              0x400fc148     0x4  Data  Gb  ControleMotor.o [1]
_A_EXTPOLAR             0x400fc14c     0x4  Data  Gb  ControleMotor.o [1]
_A_FIO0CLR              0x2009c01c     0x4  Data  Gb  uart.o [1]
_A_FIO0DIR              0x2009c000     0x4  Data  Gb  spi_wrapper.o [1]
_A_FIO0SET              0x2009c018     0x4  Data  Gb  uart.o [1]
_A_FIO1CLR              0x2009c03c     0x4  Data  Gb  board.o [1]
_A_FIO1DIR              0x2009c020     0x4  Data  Gb  board.o [1]
_A_FIO1PIN              0x2009c034     0x4  Data  Gb  Teclado.o [1]
_A_FIO1SET              0x2009c038     0x4  Data  Gb  board.o [1]
_A_FIO2CLR              0x2009c05c     0x4  Data  Gb  WH1602_2.o [1]
_A_FIO2DIR              0x2009c040     0x4  Data  Gb  WH1602_2.o [1]
_A_FIO2SET              0x2009c058     0x4  Data  Gb  WH1602_2.o [1]
_A_FIO3CLR              0x2009c07c     0x4  Data  Gb  PlayerWave.o [1]
_A_FIO3DIR              0x2009c060     0x4  Data  Gb  PlayerWave.o [1]
_A_FIO3SET              0x2009c078     0x4  Data  Gb  PlayerWave.o [1]
_A_IO0INTCLR            0x4002808c     0x4  Data  Gb  MonitorPagamentos.o [1]
_A_IO0INTENR            0x40028090     0x4  Data  Gb  MonitorPagamentos.o [1]
_A_IO0INTSTATR          0x40028084     0x4  Data  Gb  MonitorPagamentos.o [1]
_A_IP0                  0xe000e400     0x4  Data  Gb  PlayerWave.o [1]
_A_IP1                  0xe000e404     0x4  Data  Gb  uart.o [1]
_A_IP2                  0xe000e408     0x4  Data  Gb  uart.o [1]
_A_PCLKSEL0             0x400fc1a8     0x4  Data  Gb  uart.o [1]
_A_PCLKSEL1             0x400fc1ac     0x4  Data  Gb  uart.o [1]
_A_PCONP                0x400fc0c4     0x4  Data  Gb  uart.o [1]
_A_PINSEL0              0x4002c000     0x4  Data  Gb  uart.o [1]
_A_PINSEL1              0x4002c004     0x4  Data  Gb  spi_wrapper.o [1]
_A_PINSEL3              0x4002c00c     0x4  Data  Gb  ControleMotor.o [1]
_A_PINSEL4              0x4002c010     0x4  Data  Gb  uart.o [1]
_A_RTCCCR               0x40024008     0x4  Data  Gb  RTC.o [1]
_A_RTCDOM               0x4002402c     0x4  Data  Gb  RTC.o [1]
_A_RTCHOUR              0x40024028     0x4  Data  Gb  RTC.o [1]
_A_RTCMIN               0x40024024     0x4  Data  Gb  RTC.o [1]
_A_RTCMONTH             0x40024038     0x4  Data  Gb  RTC.o [1]
_A_RTCSEC               0x40024020     0x4  Data  Gb  RTC.o [1]
_A_RTCYEAR              0x4002403c     0x4  Data  Gb  RTC.o [1]
_A_SETENA0              0xe000e100     0x4  Data  Gb  uart.o [1]
_A_SSP0CPSR             0x40088010     0x4  Data  Gb  spi_wrapper.o [1]
_A_SSP0CR0              0x40088000     0x4  Data  Gb  spi_wrapper.o [1]
_A_SSP0CR1              0x40088004     0x4  Data  Gb  spi_wrapper.o [1]
_A_SSP0DR               0x40088008     0x4  Data  Gb  spi_wrapper.o [1]
_A_SSP0SR               0x4008800c     0x4  Data  Gb  spi_wrapper.o [1]
_A_T0CTCR               0x40004070     0x4  Data  Gb  PlayerWave.o [1]
_A_T0EMR                0x4000403c     0x4  Data  Gb  PlayerWave.o [1]
_A_T0IR                 0x40004000     0x4  Data  Gb  PlayerWave.o [1]
_A_T0MCR                0x40004014     0x4  Data  Gb  PlayerWave.o [1]
_A_T0TCR                0x40004004     0x4  Data  Gb  PlayerWave.o [1]
_A_T1CCR                0x40008028     0x4  Data  Gb  ControleMotor.o [1]
_A_T1CTCR               0x40008070     0x4  Data  Gb  ControleMotor.o [1]
_A_T1IR                 0x40008000     0x4  Data  Gb  ControleMotor.o [1]
_A_T1TCR                0x40008004     0x4  Data  Gb  ControleMotor.o [1]
_A_T2CTCR               0x40090070     0x4  Data  Gb  ControleMotor.o [1]
_A_T2EMR                0x4009003c     0x4  Data  Gb  ControleMotor.o [1]
_A_T2IR                 0x40090000     0x4  Data  Gb  ControleMotor.o [1]
_A_T2MCR                0x40090014     0x4  Data  Gb  ControleMotor.o [1]
_A_T2TCR                0x40090004     0x4  Data  Gb  ControleMotor.o [1]
_A_U0FCR                0x4000c008     0x4  Data  Gb  uart.o [1]
_A_U0IER                0x4000c004     0x4  Data  Gb  uart.o [1]
_A_U0LCR                0x4000c00c     0x1  Data  Gb  uart.o [1]
_A_U0LSR                0x4000c014     0x1  Data  Gb  cctalk.o [1]
_A_U1FCR                0x40010008     0x4  Data  Gb  uart.o [1]
_A_U1IER                0x40010004     0x4  Data  Gb  uart.o [1]
_A_U1LCR                0x4001000c     0x1  Data  Gb  uart.o [1]
_A_U1LSR                0x40010014     0x1  Data  Gb  uart.o [1]
_A_U2FCR                0x40098008     0x4  Data  Gb  uart.o [1]
_A_U2IER                0x40098004     0x4  Data  Gb  uart.o [1]
_A_U2LCR                0x4009800c     0x1  Data  Gb  uart.o [1]
_A_U3FCR                0x4009c008     0x4  Data  Gb  uart.o [1]
_A_U3IER                0x4009c004     0x4  Data  Gb  uart.o [1]
_A_U3LCR                0x4009c00c     0x1  Data  Gb  uart.o [1]
_A_U3LSR                0x4009c014     0x1  Data  Gb  uart.o [1]
_A_WDFEED               0x40000008     0x4  Data  Gb  Protocolo.o [1]
_GenldFull              0x0000b53d   0x260  Code  Lc  xprintffull.o [3]
_LdtobFull              0x0000b14d   0x3ea  Code  Lc  xprintffull.o [3]
_LitobFull              0x0000b03b   0x10c  Code  Lc  xprintffull.o [3]
_PrintfFull             0x0000aaf1   0x544  Code  Gb  xprintffull.o [3]
_PutcharsFull           0x0000b79d    0x2e  Code  Lc  xprintffull.o [3]
_Rand_idx               0x10000208     0x4  Data  Lc  rand.o [3]
_Rand_rv                0x1000020c    0x80  Data  Lc  rand.o [3]
_Randinit               0x10000200     0x1  Data  Gb  rand.o [3]
_Randseed               0x10000204     0x4  Data  Gb  rand.o [3]
_SProut                 0x00006a7f     0xa  Code  Gb  xsprout.o [3]
__aeabi_cdcmple         0x0000d6dd          Code  Gb  DblCmpLe.o [4]
__aeabi_cdrcmple        0x0000d70d          Code  Gb  DblCmpGe.o [4]
__aeabi_cfcmpeq         0x0000bfb5          Code  Gb  FltCmpEq.o [4]
__aeabi_cfcmple         0x0000c161          Code  Gb  FltCmpLe.o [4]
__aeabi_cfrcmple        0x0000c13d          Code  Gb  FltCmpGe.o [4]
__aeabi_d2f             0x0000c26d          Code  Gb  DblToFlt.o [4]
__aeabi_d2iz            0x0000d849          Code  Gb  DblToI32.o [4]
__aeabi_d2uiz           0x0000d875          Code  Gb  DblToI32.o [4]
__aeabi_dadd            0x0000c185          Code  Gb  DblAdd.o [4]
__aeabi_ddiv            0x0000dbf5          Code  Gb  DblDiv.o [4]
__aeabi_dmul            0x0000da51          Code  Gb  DblMul.o [4]
__aeabi_dsub            0x0000d8d1          Code  Gb  DblSub.o [4]
__aeabi_f2d             0x00008015          Code  Gb  FltToDbl.o [4]
__aeabi_f2uiz           0x00006a89          Code  Gb  FltToU32.o [4]
__aeabi_fadd            0x0000bfd1          Code  Gb  FltAdd.o [4]
__aeabi_fsub            0x0000c055          Code  Gb  FltSub.o [4]
__aeabi_i2d             0x0000d8a1          Code  Gb  I32ToDbl.o [4]
__aeabi_ldiv0           0x0000e751          Code  Gb  I64DivZer.o [5]
__aeabi_memclr4         0x000098f9          Code  Gb  ABImemclr4.o [5]
__aeabi_memcpy          0x00009881          Code  Gb  ABImemcpy.o [5]
__aeabi_memcpy4         0x000098a1          Code  Gb  ABImemcpy.o [5]
__aeabi_memcpy8         0x000098a1          Code  Gb  ABImemcpy.o [5]
__aeabi_memset          0x0000d0ad          Code  Gb  ABImemset.o [5]
__aeabi_ui2d            0x0000d8b5          Code  Gb  I32ToDbl.o [4]
__aeabi_ui2f            0x00006a61          Code  Gb  I32ToFlt.o [4]
__aeabi_uldivmod        0x0000d5ad          Code  Gb  I64DivMod.o [5]
__cmain                 0x0000f855          Code  Gb  cmain.o [5]
__exit                  0x0000ee29    0x14  Code  Gb  exit.o [6]
__iar_Dnorm             0x0000d69b    0x42  Code  Gb  xdnorm.o [4]
__iar_Dscale            0x0000d73d   0x10c  Code  Gb  xdscale.o [4]
__iar_Memchr            0x0000d555          Code  Gb  memchr.o [5]
__iar_Memset            0x0000d0ad          Code  Gb  ABImemset.o [5]
__iar_Memset4_word      0x0000cf29          Code  Gb  ABImemset48.o [5]
__iar_Memset8_word      0x0000cf29          Code  Gb  ABImemset48.o [5]
__iar_Memset_word       0x0000d0b5          Code  Gb  ABImemset.o [5]
__iar_Strchr            0x0000d53d          Code  Gb  strchr.o [5]
__iar_d2uiz             0x0000d881          Code  Gb  DblToI32.o [4]
__iar_dadd              0x0000c199          Code  Gb  DblAdd.o [4]
__iar_data_init3        0x0000f689    0x28  Code  Gb  data_init.o [5]
__iar_dlib_perthread_access
                        0x0000b7e7     0x2  Code  Gb  xtls.o [3]
__iar_dsub              0x0000d8e5          Code  Gb  DblSub.o [4]
__iar_dsubStart         0x0000d8f7          Code  Gb  DblSub.o [4]
__iar_fadd              0x0000bfe1          Code  Gb  FltAdd.o [4]
__iar_fsub              0x0000c065          Code  Gb  FltSub.o [4]
__iar_fsubStart         0x0000c075          Code  Gb  FltSub.o [4]
__iar_lz77_init3        0x0000ecdf   0x142  Code  Gb  lz77_init.o [5]
__iar_program_start     0x00010a81          Code  Gb  cstartup_M.o [5]
__iar_ui2d              0x0000d8b9          Code  Gb  I32ToDbl.o [4]
__iar_ui2f              0x00006a65          Code  Gb  I32ToFlt.o [4]
__iar_zero_init3        0x000061db    0x22  Code  Gb  zero_init3.o [5]
__low_level_init        0x0000f86b     0x4  Code  Gb  low_level_init.o [3]
__vector_table          0x00000000          Data  Gb  cstartup_M.o [1]
__vector_table_0x1c     0x0000001c          Data  Gb  cstartup_M.o [1]
_call_main              0x0000f861          Code  Gb  cmain.o [5]
_exit                   0x0000f875          Code  Gb  cexit.o [5]
_main                   0x0000f867          Code  Gb  cmain.o [5]
abort                   0x0000ee21     0x6  Code  Gb  abort.o [3]
cabecalho               0x1000044c    0x18  Data  Gb  RelatorioVendas.o [1]
controleLcd             0x10006bf4     0x1  Data  Gb  WH1602.o [1]
conversor               0x0000f404    0x48  Data  Gb  Assinatura.o [1]
crc_ccitt_lockup        0x10000000   0x200  Data  Gb  cctalk.o [1]
dadoMusica              0x10006bce     0x2  Data  Gb  PlayerWave.o [1]
div                     0x0000de3b     0xe  Code  Gb  div.o [3]
dummy                   0x10006bfa     0x1  Data  Gb  spi_wrapper.o [1]
enderecoInicialMusica   0x100004e0     0x4  Data  Gb  PlayerWave.o [1]
exit                    0x0000f86f     0x4  Code  Gb  exit.o [3]
filaSinais              0x10006b50     0x4  Data  Gb  MonitorPagamentos.o [1]
funcFSM                 0x000107e0    0x10  Data  Gb  MonitorPagamentos.o [1]
iap_entry               0x10006b1c     0x4  Data  Gb  Assinatura.o [1]
kd_const                0x00010c18     0x4  Data  Gb  ControleMotor.o [1]
ki_const                0x00010c1c     0x4  Data  Gb  ControleMotor.o [1]
kp_const                0x00010c14     0x4  Data  Gb  ControleMotor.o [1]
ligarResistencia        0x10006bda     0x1  Data  Gb  ControleMotor.o [1]
limites                 0x0000f554    0x30  Data  Gb  InterfacAjusteRelogio.o [1]
lowLevelInit            0x0000a2e5   0x128  Code  Gb  main.o [1]
main                    0x0000a279    0x6c  Code  Gb  main.o [1]
mascaraDecodificacao    0x0000f4d4    0x40  Data  Gb  Assinatura.o [1]
memchr                  0x0000d555          Code  Gb  memchr.o [5]
memcmp                  0x0000a46d          Code  Gb  memcmp.o [5]
memcpy                  0x000061c5    0x16  Code  Gb  queue.o [1]
memset                  0x0000a599    0x16  Code  Gb  tasks.o [1]
mensagensAguardandoAquecer
                        0x0000f10c   0x154  Data  Gb  InterfaceUsuario.o [1]
prvAllocateTCBAndStack  0x00004b3d    0x46  Code  Lc  tasks.o [1]
prvCheckTasksWaitingTermination
                        0x00004adb    0x62  Code  Lc  tasks.o [1]
prvCopyDataFromQueue    0x0000bee1    0x2c  Code  Lc  queue.o [1]
prvCopyDataToQueue      0x0000be6f    0x72  Code  Lc  queue.o [1]
prvDeleteTCB            0x00004b83    0x12  Code  Lc  tasks.o [1]
prvIdleTask             0x00004a49     0xa  Code  Lc  tasks.o [1]
prvInitialiseTCBVariables
                        0x00004a53    0x42  Code  Lc  tasks.o [1]
prvInitialiseTaskLists  0x00004a95    0x46  Code  Lc  tasks.o [1]
prvIsQueueEmpty         0x0000bf77    0x1e  Code  Lc  queue.o [1]
prvIsQueueFull          0x0000bf95    0x20  Code  Lc  queue.o [1]
prvSetupTimerInterrupt  0x0000a10b     0xe  Code  Lc  port.o [1]
prvUnlockQueue          0x0000bf0d    0x6a  Code  Lc  queue.o [1]
pvPortMalloc            0x0000a53d    0x50  Code  Gb  heap_1.o [1]
pxCurrentTCB            0x10006b80     0x4  Data  Gb  tasks.o [1]
pxDelayedTaskList       0x10006b84     0x4  Data  Gb  tasks.o [1]
pxOverflowDelayedTaskList
                        0x10006b88     0x4  Data  Gb  tasks.o [1]
pxPortInitialiseStack   0x0000a00d    0x1a  Code  Gb  port.o [1]
pxReadyTasksLists       0x10006900    0x64  Data  Gb  tasks.o [1]
rand                    0x0000621d    0xe0  Code  Gb  rand.o [3]
semAcumuladorValores    0x10006b4c     0x4  Data  Gb  MonitorPagamentos.o [1]
semDataFlash            0x10006b7c     0x4  Data  Gb  memoryWrapper.o [1]
sprintf                 0x00006191    0x34  Code  Gb  sprintf.o [3]
srand                   0x000061fd    0x20  Code  Gb  srand.o [3]
strchr                  0x0000d53d          Code  Gb  strchr.o [5]
strlen                  0x0000713d          Code  Gb  strlen.o [5]
strncpy                 0x0000a4d1          Code  Gb  strncpy.o [5]
tamanhoMusica           0x10006b6c     0x4  Data  Gb  PlayerWave.o [1]
tamanhos                0x00010aa4     0x8  Data  Gb  InterfacAjusteRelogio.o [1]
tracos                  0x1000041c    0x18  Data  Gb  InterfacAjusteRelogio.o [1]
uxCriticalNesting       0x100004e4     0x4  Data  Gb  port.o [1]
uxCurrentNumberOfTasks  0x10006b90     0x4  Data  Gb  tasks.o [1]
uxMissedTicks           0x10006ba8     0x4  Data  Gb  tasks.o [1]
uxSchedulerSuspended    0x10006ba4     0x4  Data  Gb  tasks.o [1]
uxTaskNumber            0x10006bb4     0x4  Data  Gb  tasks.o [1]
uxTasksDeleted          0x10006b8c     0x4  Data  Gb  tasks.o [1]
uxTopReadyPriority      0x10006b9c     0x4  Data  Gb  tasks.o [1]
uxTopUsedPriority       0x10006b98     0x4  Data  Gb  tasks.o [1]
vApplicationStackOverflowHook
                        0x0000a469     0x2  Code  Gb  main.o [1]
vListInitialise         0x0000a149    0x1e  Code  Gb  list.o [1]
vListInitialiseItem     0x0000a167     0x6  Code  Gb  list.o [1]
vListInsert             0x0000a18b    0x3c  Code  Gb  list.o [1]
vListInsertEnd          0x0000a16d    0x1e  Code  Gb  list.o [1]
vListRemove             0x0000a1c7    0x26  Code  Gb  list.o [1]
vPortClearInterruptMask
                        0x0000a237          Code  Gb  portasm.o [1]
vPortEnterCritical      0x0000a05d    0x12  Code  Gb  port.o [1]
vPortExitCritical       0x0000a06f    0x1a  Code  Gb  port.o [1]
vPortFree               0x0000a58d     0x2  Code  Gb  heap_1.o [1]
vPortSVCHandler         0x0000a245          Code  Gb  portasm.o [1]
vPortSetInterruptMask   0x0000a229          Code  Gb  portasm.o [1]
vPortStartFirstTask     0x0000a261          Code  Gb  portasm.o [1]
vPortYieldFromISR       0x0000a053     0xa  Code  Gb  port.o [1]
vSetMSP                 0x0000a1ed          Code  Gb  portasm.o [1]
vTaskDelay              0x000045bb    0x6c  Code  Gb  tasks.o [1]
vTaskIncrementTick      0x00004759    0xc2  Code  Gb  tasks.o [1]
vTaskMissedYield        0x00004a3f     0x8  Code  Gb  tasks.o [1]
vTaskPlaceOnEventList   0x000048dd    0x7e  Code  Gb  tasks.o [1]
vTaskPriorityDisinherit
                        0x00004c09    0x46  Code  Gb  tasks.o [1]
vTaskPriorityInherit    0x00004b9d    0x68  Code  Gb  tasks.o [1]
vTaskSetTimeOutState    0x000049cb     0xe  Code  Gb  tasks.o [1]
vTaskStartScheduler     0x00004627    0x42  Code  Gb  tasks.o [1]
vTaskSuspendAll         0x00004669    0x10  Code  Gb  tasks.o [1]
vTaskSwitchContext      0x0000481b    0xc2  Code  Gb  tasks.o [1]
valorPipocaFicha        0x10006b60     0x4  Data  Gb  MonitorPagamentos.o [1]
vetorAssinatura         0x00078000  0x8000  Data  Gb  Assinatura.o [1]
volume                  0x10006bcc     0x2  Data  Gb  PlayerWave.o [1]
xDelayedTaskList1       0x10006aa0    0x14  Data  Gb  tasks.o [1]
xDelayedTaskList2       0x10006ab4    0x14  Data  Gb  tasks.o [1]
xHeap                   0x10000500  0x5000  Data  Lc  heap_1.o [1]
xMissedYield            0x10006bac     0x4  Data  Gb  tasks.o [1]
xNextFreeByte           0x10006b78     0x4  Data  Lc  heap_1.o [1]
xNumOfOverflows         0x10006bb0     0x4  Data  Gb  tasks.o [1]
xPendingReadyList       0x10006ac8    0x14  Data  Gb  tasks.o [1]
xPortPendSVHandler      0x0000a1f3          Code  Gb  portasm.o [1]
xPortStartScheduler     0x0000a027    0x2c  Code  Gb  port.o [1]
xPortSysTickHandler     0x0000a089    0x82  Code  Gb  port.o [1]
xQueueCreate            0x0000bc09    0x74  Code  Gb  queue.o [1]
xQueueGenericReceive    0x0000bd4f   0x120  Code  Gb  queue.o [1]
xQueueGenericSend       0x0000bc7d    0xd2  Code  Gb  queue.o [1]
xSchedulerRunning       0x10006ba0     0x4  Data  Gb  tasks.o [1]
xSuspendedTaskList      0x10006af0    0x14  Data  Gb  tasks.o [1]
xTaskCheckForTimeOut    0x000049d9    0x66  Code  Gb  tasks.o [1]
xTaskGenericCreate      0x0000447d   0x13e  Code  Gb  tasks.o [1]
xTaskGetCurrentTaskHandle
                        0x00004b95     0x8  Code  Gb  tasks.o [1]
xTaskRemoveFromEventList
                        0x0000495b    0x70  Code  Gb  tasks.o [1]
xTaskResumeAll          0x00004679    0xe0  Code  Gb  tasks.o [1]
xTasksWaitingTermination
                        0x10006adc    0x14  Data  Gb  tasks.o [1]
xTickCount              0x10006b94     0x4  Data  Gb  tasks.o [1]


[1] = C:\Users\Usuario\GitHub\maispipoca_g1\SOFTWARE\FIRMWARE\Debug\Obj
[2] = command line
[3] = dl7M_tln.a
[4] = m7M_tl.a
[5] = rt7M_tl.a
[6] = shb_l.a

  60 740 bytes of readonly  code memory
  41 205 bytes of readonly  data memory
  28 407 bytes of readwrite data memory (+ 323 absolute)

Errors: none
Warnings: none
